------------------------------------------------------------
TimeQuest Timing Analyzer Summary
------------------------------------------------------------

Type  : Slow 1200mV 85C Model Setup 'cycloneIII_3c120_niosII_standard_sopc_instance|the_pll|the_pll|altpll_component|auto_generated|pll1|clk[0]'
Slack : 0.364
TNS   : 0.000

Type  : Slow 1200mV 85C Model Setup 'cycloneIII_3c120_niosII_standard_sopc_instance|the_ddr2_sdram|ddr2_sdram_controller_phy_inst|ddr2_sdram_phy_inst|ddr2_sdram_phy_alt_mem_phy_inst|clk|pll|altpll_component|auto_generated|pll1|clk[1]'
Slack : 0.549
TNS   : 0.000

Type  : Slow 1200mV 85C Model Setup 'cycloneIII_3c120_niosII_standard_sopc_instance|the_ddr2_sdram|ddr2_sdram_controller_phy_inst|ddr2_sdram_phy_inst|ddr2_sdram_phy_ddr_mimic'
Slack : 0.738
TNS   : 0.000

Type  : Slow 1200mV 85C Model Setup 'cycloneIII_3c120_niosII_standard_sopc_instance|the_tse_tx_pll|the_pll|altpll_component|auto_generated|pll1|clk[2]'
Slack : 0.870
TNS   : 0.000

Type  : Slow 1200mV 85C Model Setup 'cycloneIII_3c120_niosII_standard_sopc_instance|the_ddr2_sdram|ddr2_sdram_controller_phy_inst|ddr2_sdram_phy_inst|ddr2_sdram_phy_ck_p_top_ddr2_ck_p[0]_tDQSS'
Slack : 1.172
TNS   : 0.000

Type  : Slow 1200mV 85C Model Setup 'cycloneIII_3c120_niosII_standard_sopc_instance|the_ddr2_sdram|ddr2_sdram_controller_phy_inst|ddr2_sdram_phy_inst|ddr2_sdram_phy_ck_n_top_ddr2_ck_n[0]_tDQSS'
Slack : 1.256
TNS   : 0.000

Type  : Slow 1200mV 85C Model Setup 'cycloneIII_3c120_niosII_standard_sopc_instance|the_ddr2_sdram|ddr2_sdram_controller_phy_inst|ddr2_sdram_phy_inst|ddr2_sdram_phy_alt_mem_phy_inst|clk|pll|altpll_component|auto_generated|pll1|clk[2]'
Slack : 1.465
TNS   : 0.000

Type  : Slow 1200mV 85C Model Setup 'cycloneIII_3c120_niosII_standard_sopc_instance|the_ddr2_sdram|ddr2_sdram_controller_phy_inst|ddr2_sdram_phy_inst|ddr2_sdram_phy_ck_p_top_ddr2_ck_p[0]_tDSS'
Slack : 1.552
TNS   : 0.000

Type  : Slow 1200mV 85C Model Setup 'cycloneIII_3c120_niosII_standard_sopc_instance|the_ddr2_sdram|ddr2_sdram_controller_phy_inst|ddr2_sdram_phy_inst|ddr2_sdram_phy_ck_n_top_ddr2_ck_n[0]_tDSS'
Slack : 1.636
TNS   : 0.000

Type  : Slow 1200mV 85C Model Setup 'cycloneIII_3c120_niosII_standard_sopc_instance|the_ddr2_sdram|ddr2_sdram_controller_phy_inst|ddr2_sdram_phy_inst|ddr2_sdram_phy_alt_mem_phy_inst|clk|scan_clk|q_clock'
Slack : 1.862
TNS   : 0.000

Type  : Slow 1200mV 85C Model Setup 'cycloneIII_3c120_niosII_standard_sopc_instance|the_tse_pll|the_pll|altpll_component|auto_generated|pll1|clk[0]'
Slack : 2.096
TNS   : 0.000

Type  : Slow 1200mV 85C Model Setup 'cycloneIII_3c120_niosII_standard_sopc_instance|the_ddr2_sdram|ddr2_sdram_controller_phy_inst|ddr2_sdram_phy_inst|ddr2_sdram_phy_alt_mem_phy_inst|clk|pll|altpll_component|auto_generated|pll1|clk[3]'
Slack : 2.241
TNS   : 0.000

Type  : Slow 1200mV 85C Model Setup 'cycloneIII_3c120_niosII_standard_sopc_instance|the_ddr2_sdram|ddr2_sdram_controller_phy_inst|ddr2_sdram_phy_inst|ddr2_sdram_phy_ck_p_top_ddr2_ck_p[0]_ac_fall'
Slack : 2.992
TNS   : 0.000

Type  : Slow 1200mV 85C Model Setup 'cycloneIII_3c120_niosII_standard_sopc_instance|the_ddr2_sdram|ddr2_sdram_controller_phy_inst|ddr2_sdram_phy_inst|ddr2_sdram_phy_ck_n_top_ddr2_ck_n[0]_ac_fall'
Slack : 3.076
TNS   : 0.000

Type  : Slow 1200mV 85C Model Setup 'cycloneIII_3c120_niosII_standard_sopc_instance|the_pll|the_pll|altpll_component|auto_generated|pll1|clk[3]'
Slack : 3.561
TNS   : 0.000

Type  : Slow 1200mV 85C Model Setup 'cycloneIII_3c120_niosII_standard_sopc_instance|the_tse_tx_pll|the_pll|altpll_component|auto_generated|pll1|clk[0]'
Slack : 3.561
TNS   : 0.000

Type  : Slow 1200mV 85C Model Setup 'cycloneIII_3c120_niosII_standard_sopc_instance|the_ddr2_sdram|ddr2_sdram_controller_phy_inst|ddr2_sdram_phy_inst|ddr2_sdram_phy_alt_mem_phy_inst|clk|pll|altpll_component|auto_generated|pll1|clk[4]'
Slack : 3.652
TNS   : 0.000

Type  : Slow 1200mV 85C Model Setup 'top_rx_clk_to_the_tse_mac'
Slack : 5.102
TNS   : 0.000

Type  : Slow 1200mV 85C Model Setup 'cycloneIII_3c120_niosII_standard_sopc_instance|the_pll|the_pll|altpll_component|auto_generated|pll1|clk[2]'
Slack : 6.889
TNS   : 0.000

Type  : Slow 1200mV 85C Model Setup 'top_clkin_125'
Slack : 6.917
TNS   : 0.000

Type  : Slow 1200mV 85C Model Setup 'top_clkin_50'
Slack : 16.570
TNS   : 0.000

Type  : Slow 1200mV 85C Model Setup 'altera_reserved_tck'
Slack : 46.618
TNS   : 0.000

Type  : Slow 1200mV 85C Model Hold 'cycloneIII_3c120_niosII_standard_sopc_instance|the_pll|the_pll|altpll_component|auto_generated|pll1|clk[3]'
Slack : 0.276
TNS   : 0.000

Type  : Slow 1200mV 85C Model Hold 'cycloneIII_3c120_niosII_standard_sopc_instance|the_tse_tx_pll|the_pll|altpll_component|auto_generated|pll1|clk[0]'
Slack : 0.276
TNS   : 0.000

Type  : Slow 1200mV 85C Model Hold 'cycloneIII_3c120_niosII_standard_sopc_instance|the_tse_tx_pll|the_pll|altpll_component|auto_generated|pll1|clk[2]'
Slack : 0.276
TNS   : 0.000

Type  : Slow 1200mV 85C Model Hold 'cycloneIII_3c120_niosII_standard_sopc_instance|the_pll|the_pll|altpll_component|auto_generated|pll1|clk[0]'
Slack : 0.329
TNS   : 0.000

Type  : Slow 1200mV 85C Model Hold 'cycloneIII_3c120_niosII_standard_sopc_instance|the_tse_pll|the_pll|altpll_component|auto_generated|pll1|clk[0]'
Slack : 0.335
TNS   : 0.000

Type  : Slow 1200mV 85C Model Hold 'cycloneIII_3c120_niosII_standard_sopc_instance|the_ddr2_sdram|ddr2_sdram_controller_phy_inst|ddr2_sdram_phy_inst|ddr2_sdram_phy_alt_mem_phy_inst|clk|pll|altpll_component|auto_generated|pll1|clk[1]'
Slack : 0.359
TNS   : 0.000

Type  : Slow 1200mV 85C Model Hold 'cycloneIII_3c120_niosII_standard_sopc_instance|the_ddr2_sdram|ddr2_sdram_controller_phy_inst|ddr2_sdram_phy_inst|ddr2_sdram_phy_alt_mem_phy_inst|clk|pll|altpll_component|auto_generated|pll1|clk[3]'
Slack : 0.370
TNS   : 0.000

Type  : Slow 1200mV 85C Model Hold 'cycloneIII_3c120_niosII_standard_sopc_instance|the_pll|the_pll|altpll_component|auto_generated|pll1|clk[2]'
Slack : 0.402
TNS   : 0.000

Type  : Slow 1200mV 85C Model Hold 'top_clkin_50'
Slack : 0.402
TNS   : 0.000

Type  : Slow 1200mV 85C Model Hold 'altera_reserved_tck'
Slack : 0.403
TNS   : 0.000

Type  : Slow 1200mV 85C Model Hold 'cycloneIII_3c120_niosII_standard_sopc_instance|the_ddr2_sdram|ddr2_sdram_controller_phy_inst|ddr2_sdram_phy_inst|ddr2_sdram_phy_alt_mem_phy_inst|clk|pll|altpll_component|auto_generated|pll1|clk[4]'
Slack : 0.403
TNS   : 0.000

Type  : Slow 1200mV 85C Model Hold 'top_rx_clk_to_the_tse_mac'
Slack : 0.403
TNS   : 0.000

Type  : Slow 1200mV 85C Model Hold 'cycloneIII_3c120_niosII_standard_sopc_instance|the_ddr2_sdram|ddr2_sdram_controller_phy_inst|ddr2_sdram_phy_inst|ddr2_sdram_phy_alt_mem_phy_inst|clk|pll|altpll_component|auto_generated|pll1|clk[2]'
Slack : 0.429
TNS   : 0.000

Type  : Slow 1200mV 85C Model Hold 'cycloneIII_3c120_niosII_standard_sopc_instance|the_ddr2_sdram|ddr2_sdram_controller_phy_inst|ddr2_sdram_phy_inst|ddr2_sdram_phy_alt_mem_phy_inst|clk|scan_clk|q_clock'
Slack : 0.432
TNS   : 0.000

Type  : Slow 1200mV 85C Model Hold 'top_clkin_125'
Slack : 0.629
TNS   : 0.000

Type  : Slow 1200mV 85C Model Hold 'cycloneIII_3c120_niosII_standard_sopc_instance|the_ddr2_sdram|ddr2_sdram_controller_phy_inst|ddr2_sdram_phy_inst|ddr2_sdram_phy_ck_n_top_ddr2_ck_n[0]_tDQSS'
Slack : 1.226
TNS   : 0.000

Type  : Slow 1200mV 85C Model Hold 'cycloneIII_3c120_niosII_standard_sopc_instance|the_ddr2_sdram|ddr2_sdram_controller_phy_inst|ddr2_sdram_phy_inst|ddr2_sdram_phy_ck_p_top_ddr2_ck_p[0]_tDQSS'
Slack : 1.300
TNS   : 0.000

Type  : Slow 1200mV 85C Model Hold 'cycloneIII_3c120_niosII_standard_sopc_instance|the_ddr2_sdram|ddr2_sdram_controller_phy_inst|ddr2_sdram_phy_inst|ddr2_sdram_phy_ddr_mimic'
Slack : 1.475
TNS   : 0.000

Type  : Slow 1200mV 85C Model Hold 'cycloneIII_3c120_niosII_standard_sopc_instance|the_ddr2_sdram|ddr2_sdram_controller_phy_inst|ddr2_sdram_phy_inst|ddr2_sdram_phy_ck_n_top_ddr2_ck_n[0]_tDSS'
Slack : 1.493
TNS   : 0.000

Type  : Slow 1200mV 85C Model Hold 'cycloneIII_3c120_niosII_standard_sopc_instance|the_ddr2_sdram|ddr2_sdram_controller_phy_inst|ddr2_sdram_phy_inst|ddr2_sdram_phy_ck_p_top_ddr2_ck_p[0]_tDSS'
Slack : 1.567
TNS   : 0.000

Type  : Slow 1200mV 85C Model Hold 'cycloneIII_3c120_niosII_standard_sopc_instance|the_ddr2_sdram|ddr2_sdram_controller_phy_inst|ddr2_sdram_phy_inst|ddr2_sdram_phy_ck_n_top_ddr2_ck_n[0]_ac_fall'
Slack : 1.687
TNS   : 0.000

Type  : Slow 1200mV 85C Model Hold 'cycloneIII_3c120_niosII_standard_sopc_instance|the_ddr2_sdram|ddr2_sdram_controller_phy_inst|ddr2_sdram_phy_inst|ddr2_sdram_phy_ck_p_top_ddr2_ck_p[0]_ac_fall'
Slack : 1.761
TNS   : 0.000

Type  : Slow 1200mV 85C Model Recovery 'cycloneIII_3c120_niosII_standard_sopc_instance|the_ddr2_sdram|ddr2_sdram_controller_phy_inst|ddr2_sdram_phy_inst|ddr2_sdram_phy_alt_mem_phy_inst|clk|pll|altpll_component|auto_generated|pll1|clk[1]'
Slack : -4.912
TNS   : -315.191

Type  : Slow 1200mV 85C Model Recovery 'cycloneIII_3c120_niosII_standard_sopc_instance|the_pll|the_pll|altpll_component|auto_generated|pll1|clk[0]'
Slack : -2.134
TNS   : -134.335

Type  : Slow 1200mV 85C Model Recovery 'top_rx_clk_to_the_tse_mac'
Slack : 1.049
TNS   : 0.000

Type  : Slow 1200mV 85C Model Recovery 'cycloneIII_3c120_niosII_standard_sopc_instance|the_tse_tx_pll|the_pll|altpll_component|auto_generated|pll1|clk[2]'
Slack : 1.755
TNS   : 0.000

Type  : Slow 1200mV 85C Model Recovery 'top_clkin_50'
Slack : 1.866
TNS   : 0.000

Type  : Slow 1200mV 85C Model Recovery 'top_clkin_125'
Slack : 2.187
TNS   : 0.000

Type  : Slow 1200mV 85C Model Recovery 'cycloneIII_3c120_niosII_standard_sopc_instance|the_ddr2_sdram|ddr2_sdram_controller_phy_inst|ddr2_sdram_phy_inst|ddr2_sdram_phy_alt_mem_phy_inst|clk|pll|altpll_component|auto_generated|pll1|clk[2]'
Slack : 2.635
TNS   : 0.000

Type  : Slow 1200mV 85C Model Recovery 'cycloneIII_3c120_niosII_standard_sopc_instance|the_tse_pll|the_pll|altpll_component|auto_generated|pll1|clk[0]'
Slack : 3.172
TNS   : 0.000

Type  : Slow 1200mV 85C Model Recovery 'cycloneIII_3c120_niosII_standard_sopc_instance|the_ddr2_sdram|ddr2_sdram_controller_phy_inst|ddr2_sdram_phy_inst|ddr2_sdram_phy_alt_mem_phy_inst|clk|pll|altpll_component|auto_generated|pll1|clk[3]'
Slack : 4.410
TNS   : 0.000

Type  : Slow 1200mV 85C Model Recovery 'cycloneIII_3c120_niosII_standard_sopc_instance|the_ddr2_sdram|ddr2_sdram_controller_phy_inst|ddr2_sdram_phy_inst|ddr2_sdram_phy_alt_mem_phy_inst|clk|pll|altpll_component|auto_generated|pll1|clk[4]'
Slack : 4.767
TNS   : 0.000

Type  : Slow 1200mV 85C Model Recovery 'cycloneIII_3c120_niosII_standard_sopc_instance|the_ddr2_sdram|ddr2_sdram_controller_phy_inst|ddr2_sdram_phy_inst|ddr2_sdram_phy_alt_mem_phy_inst|clk|scan_clk|q_clock'
Slack : 7.686
TNS   : 0.000

Type  : Slow 1200mV 85C Model Recovery 'cycloneIII_3c120_niosII_standard_sopc_instance|the_pll|the_pll|altpll_component|auto_generated|pll1|clk[2]'
Slack : 12.803
TNS   : 0.000

Type  : Slow 1200mV 85C Model Recovery 'cycloneIII_3c120_niosII_standard_sopc_instance|the_tse_tx_pll|the_pll|altpll_component|auto_generated|pll1|clk[0]'
Slack : 33.755
TNS   : 0.000

Type  : Slow 1200mV 85C Model Recovery 'altera_reserved_tck'
Slack : 47.832
TNS   : 0.000

Type  : Slow 1200mV 85C Model Recovery 'cycloneIII_3c120_niosII_standard_sopc_instance|the_pll|the_pll|altpll_component|auto_generated|pll1|clk[3]'
Slack : 393.755
TNS   : 0.000

Type  : Slow 1200mV 85C Model Removal 'cycloneIII_3c120_niosII_standard_sopc_instance|the_pll|the_pll|altpll_component|auto_generated|pll1|clk[0]'
Slack : 0.833
TNS   : 0.000

Type  : Slow 1200mV 85C Model Removal 'cycloneIII_3c120_niosII_standard_sopc_instance|the_pll|the_pll|altpll_component|auto_generated|pll1|clk[2]'
Slack : 1.013
TNS   : 0.000

Type  : Slow 1200mV 85C Model Removal 'cycloneIII_3c120_niosII_standard_sopc_instance|the_ddr2_sdram|ddr2_sdram_controller_phy_inst|ddr2_sdram_phy_inst|ddr2_sdram_phy_alt_mem_phy_inst|clk|pll|altpll_component|auto_generated|pll1|clk[1]'
Slack : 1.014
TNS   : 0.000

Type  : Slow 1200mV 85C Model Removal 'cycloneIII_3c120_niosII_standard_sopc_instance|the_tse_pll|the_pll|altpll_component|auto_generated|pll1|clk[0]'
Slack : 1.020
TNS   : 0.000

Type  : Slow 1200mV 85C Model Removal 'altera_reserved_tck'
Slack : 1.025
TNS   : 0.000

Type  : Slow 1200mV 85C Model Removal 'top_rx_clk_to_the_tse_mac'
Slack : 1.025
TNS   : 0.000

Type  : Slow 1200mV 85C Model Removal 'top_clkin_50'
Slack : 1.026
TNS   : 0.000

Type  : Slow 1200mV 85C Model Removal 'cycloneIII_3c120_niosII_standard_sopc_instance|the_ddr2_sdram|ddr2_sdram_controller_phy_inst|ddr2_sdram_phy_inst|ddr2_sdram_phy_alt_mem_phy_inst|clk|pll|altpll_component|auto_generated|pll1|clk[4]'
Slack : 1.214
TNS   : 0.000

Type  : Slow 1200mV 85C Model Removal 'cycloneIII_3c120_niosII_standard_sopc_instance|the_ddr2_sdram|ddr2_sdram_controller_phy_inst|ddr2_sdram_phy_inst|ddr2_sdram_phy_alt_mem_phy_inst|clk|pll|altpll_component|auto_generated|pll1|clk[3]'
Slack : 1.598
TNS   : 0.000

Type  : Slow 1200mV 85C Model Removal 'cycloneIII_3c120_niosII_standard_sopc_instance|the_pll|the_pll|altpll_component|auto_generated|pll1|clk[3]'
Slack : 1.733
TNS   : 0.000

Type  : Slow 1200mV 85C Model Removal 'cycloneIII_3c120_niosII_standard_sopc_instance|the_tse_tx_pll|the_pll|altpll_component|auto_generated|pll1|clk[0]'
Slack : 1.733
TNS   : 0.000

Type  : Slow 1200mV 85C Model Removal 'cycloneIII_3c120_niosII_standard_sopc_instance|the_tse_tx_pll|the_pll|altpll_component|auto_generated|pll1|clk[2]'
Slack : 1.733
TNS   : 0.000

Type  : Slow 1200mV 85C Model Removal 'cycloneIII_3c120_niosII_standard_sopc_instance|the_ddr2_sdram|ddr2_sdram_controller_phy_inst|ddr2_sdram_phy_inst|ddr2_sdram_phy_alt_mem_phy_inst|clk|pll|altpll_component|auto_generated|pll1|clk[2]'
Slack : 2.547
TNS   : 0.000

Type  : Slow 1200mV 85C Model Removal 'cycloneIII_3c120_niosII_standard_sopc_instance|the_ddr2_sdram|ddr2_sdram_controller_phy_inst|ddr2_sdram_phy_inst|ddr2_sdram_phy_alt_mem_phy_inst|clk|scan_clk|q_clock'
Slack : 4.052
TNS   : 0.000

Type  : Slow 1200mV 85C Model Removal 'top_clkin_125'
Slack : 5.139
TNS   : 0.000

Type  : Slow 1200mV 85C Model Minimum Pulse Width 'cycloneIII_3c120_niosII_standard_sopc_instance|the_ddr2_sdram|ddr2_sdram_controller_phy_inst|ddr2_sdram_phy_inst|ddr2_sdram_phy_alt_mem_phy_inst|clk|pll|altpll_component|auto_generated|pll1|clk[1]'
Slack : 2.807
TNS   : 0.000

Type  : Slow 1200mV 85C Model Minimum Pulse Width 'cycloneIII_3c120_niosII_standard_sopc_instance|the_ddr2_sdram|ddr2_sdram_controller_phy_inst|ddr2_sdram_phy_inst|ddr2_sdram_phy_alt_mem_phy_inst|clk|pll|altpll_component|auto_generated|pll1|clk[3]'
Slack : 2.807
TNS   : 0.000

Type  : Slow 1200mV 85C Model Minimum Pulse Width 'cycloneIII_3c120_niosII_standard_sopc_instance|the_ddr2_sdram|ddr2_sdram_controller_phy_inst|ddr2_sdram_phy_inst|ddr2_sdram_phy_alt_mem_phy_inst|clk|pll|altpll_component|auto_generated|pll1|clk[4]'
Slack : 2.950
TNS   : 0.000

Type  : Slow 1200mV 85C Model Minimum Pulse Width 'cycloneIII_3c120_niosII_standard_sopc_instance|the_ddr2_sdram|ddr2_sdram_controller_phy_inst|ddr2_sdram_phy_inst|ddr2_sdram_phy_dq_3'
Slack : 2.950
TNS   : 0.000

Type  : Slow 1200mV 85C Model Minimum Pulse Width 'cycloneIII_3c120_niosII_standard_sopc_instance|the_ddr2_sdram|ddr2_sdram_controller_phy_inst|ddr2_sdram_phy_inst|ddr2_sdram_phy_alt_mem_phy_inst|clk|pll|altpll_component|auto_generated|pll1|clk[2]'
Slack : 2.951
TNS   : 0.000

Type  : Slow 1200mV 85C Model Minimum Pulse Width 'cycloneIII_3c120_niosII_standard_sopc_instance|the_ddr2_sdram|ddr2_sdram_controller_phy_inst|ddr2_sdram_phy_inst|ddr2_sdram_phy_dq_1'
Slack : 2.951
TNS   : 0.000

Type  : Slow 1200mV 85C Model Minimum Pulse Width 'cycloneIII_3c120_niosII_standard_sopc_instance|the_ddr2_sdram|ddr2_sdram_controller_phy_inst|ddr2_sdram_phy_inst|ddr2_sdram_phy_dq_10'
Slack : 2.951
TNS   : 0.000

Type  : Slow 1200mV 85C Model Minimum Pulse Width 'cycloneIII_3c120_niosII_standard_sopc_instance|the_ddr2_sdram|ddr2_sdram_controller_phy_inst|ddr2_sdram_phy_inst|ddr2_sdram_phy_dq_11'
Slack : 2.951
TNS   : 0.000

Type  : Slow 1200mV 85C Model Minimum Pulse Width 'cycloneIII_3c120_niosII_standard_sopc_instance|the_ddr2_sdram|ddr2_sdram_controller_phy_inst|ddr2_sdram_phy_inst|ddr2_sdram_phy_dq_12'
Slack : 2.951
TNS   : 0.000

Type  : Slow 1200mV 85C Model Minimum Pulse Width 'cycloneIII_3c120_niosII_standard_sopc_instance|the_ddr2_sdram|ddr2_sdram_controller_phy_inst|ddr2_sdram_phy_inst|ddr2_sdram_phy_dq_13'
Slack : 2.951
TNS   : 0.000

Type  : Slow 1200mV 85C Model Minimum Pulse Width 'cycloneIII_3c120_niosII_standard_sopc_instance|the_ddr2_sdram|ddr2_sdram_controller_phy_inst|ddr2_sdram_phy_inst|ddr2_sdram_phy_dq_14'
Slack : 2.951
TNS   : 0.000

Type  : Slow 1200mV 85C Model Minimum Pulse Width 'cycloneIII_3c120_niosII_standard_sopc_instance|the_ddr2_sdram|ddr2_sdram_controller_phy_inst|ddr2_sdram_phy_inst|ddr2_sdram_phy_dq_15'
Slack : 2.951
TNS   : 0.000

Type  : Slow 1200mV 85C Model Minimum Pulse Width 'cycloneIII_3c120_niosII_standard_sopc_instance|the_ddr2_sdram|ddr2_sdram_controller_phy_inst|ddr2_sdram_phy_inst|ddr2_sdram_phy_dq_16'
Slack : 2.951
TNS   : 0.000

Type  : Slow 1200mV 85C Model Minimum Pulse Width 'cycloneIII_3c120_niosII_standard_sopc_instance|the_ddr2_sdram|ddr2_sdram_controller_phy_inst|ddr2_sdram_phy_inst|ddr2_sdram_phy_dq_17'
Slack : 2.951
TNS   : 0.000

Type  : Slow 1200mV 85C Model Minimum Pulse Width 'cycloneIII_3c120_niosII_standard_sopc_instance|the_ddr2_sdram|ddr2_sdram_controller_phy_inst|ddr2_sdram_phy_inst|ddr2_sdram_phy_dq_2'
Slack : 2.951
TNS   : 0.000

Type  : Slow 1200mV 85C Model Minimum Pulse Width 'cycloneIII_3c120_niosII_standard_sopc_instance|the_ddr2_sdram|ddr2_sdram_controller_phy_inst|ddr2_sdram_phy_inst|ddr2_sdram_phy_dq_4'
Slack : 2.951
TNS   : 0.000

Type  : Slow 1200mV 85C Model Minimum Pulse Width 'cycloneIII_3c120_niosII_standard_sopc_instance|the_ddr2_sdram|ddr2_sdram_controller_phy_inst|ddr2_sdram_phy_inst|ddr2_sdram_phy_dq_5'
Slack : 2.951
TNS   : 0.000

Type  : Slow 1200mV 85C Model Minimum Pulse Width 'cycloneIII_3c120_niosII_standard_sopc_instance|the_ddr2_sdram|ddr2_sdram_controller_phy_inst|ddr2_sdram_phy_inst|ddr2_sdram_phy_dq_6'
Slack : 2.951
TNS   : 0.000

Type  : Slow 1200mV 85C Model Minimum Pulse Width 'cycloneIII_3c120_niosII_standard_sopc_instance|the_ddr2_sdram|ddr2_sdram_controller_phy_inst|ddr2_sdram_phy_inst|ddr2_sdram_phy_dq_7'
Slack : 2.951
TNS   : 0.000

Type  : Slow 1200mV 85C Model Minimum Pulse Width 'cycloneIII_3c120_niosII_standard_sopc_instance|the_ddr2_sdram|ddr2_sdram_controller_phy_inst|ddr2_sdram_phy_inst|ddr2_sdram_phy_dq_8'
Slack : 2.951
TNS   : 0.000

Type  : Slow 1200mV 85C Model Minimum Pulse Width 'cycloneIII_3c120_niosII_standard_sopc_instance|the_ddr2_sdram|ddr2_sdram_controller_phy_inst|ddr2_sdram_phy_inst|ddr2_sdram_phy_ck_n_top_ddr2_ck_n[0]_ac_fall'
Slack : 2.992
TNS   : 0.000

Type  : Slow 1200mV 85C Model Minimum Pulse Width 'cycloneIII_3c120_niosII_standard_sopc_instance|the_ddr2_sdram|ddr2_sdram_controller_phy_inst|ddr2_sdram_phy_inst|ddr2_sdram_phy_ck_n_top_ddr2_ck_n[0]_ac_rise'
Slack : 2.992
TNS   : 0.000

Type  : Slow 1200mV 85C Model Minimum Pulse Width 'cycloneIII_3c120_niosII_standard_sopc_instance|the_ddr2_sdram|ddr2_sdram_controller_phy_inst|ddr2_sdram_phy_inst|ddr2_sdram_phy_ck_n_top_ddr2_ck_n[0]_tDQSS'
Slack : 2.992
TNS   : 0.000

Type  : Slow 1200mV 85C Model Minimum Pulse Width 'cycloneIII_3c120_niosII_standard_sopc_instance|the_ddr2_sdram|ddr2_sdram_controller_phy_inst|ddr2_sdram_phy_inst|ddr2_sdram_phy_ck_n_top_ddr2_ck_n[0]_tDSS'
Slack : 2.992
TNS   : 0.000

Type  : Slow 1200mV 85C Model Minimum Pulse Width 'cycloneIII_3c120_niosII_standard_sopc_instance|the_ddr2_sdram|ddr2_sdram_controller_phy_inst|ddr2_sdram_phy_inst|ddr2_sdram_phy_ck_p_top_ddr2_ck_p[0]_ac_fall'
Slack : 2.992
TNS   : 0.000

Type  : Slow 1200mV 85C Model Minimum Pulse Width 'cycloneIII_3c120_niosII_standard_sopc_instance|the_ddr2_sdram|ddr2_sdram_controller_phy_inst|ddr2_sdram_phy_inst|ddr2_sdram_phy_ck_p_top_ddr2_ck_p[0]_ac_rise'
Slack : 2.992
TNS   : 0.000

Type  : Slow 1200mV 85C Model Minimum Pulse Width 'cycloneIII_3c120_niosII_standard_sopc_instance|the_ddr2_sdram|ddr2_sdram_controller_phy_inst|ddr2_sdram_phy_inst|ddr2_sdram_phy_ck_p_top_ddr2_ck_p[0]_tDQSS'
Slack : 2.992
TNS   : 0.000

Type  : Slow 1200mV 85C Model Minimum Pulse Width 'cycloneIII_3c120_niosII_standard_sopc_instance|the_ddr2_sdram|ddr2_sdram_controller_phy_inst|ddr2_sdram_phy_inst|ddr2_sdram_phy_ck_p_top_ddr2_ck_p[0]_tDSS'
Slack : 2.992
TNS   : 0.000

Type  : Slow 1200mV 85C Model Minimum Pulse Width 'cycloneIII_3c120_niosII_standard_sopc_instance|the_ddr2_sdram|ddr2_sdram_controller_phy_inst|ddr2_sdram_phy_inst|ddr2_sdram_phy_top_ddr2_ck_p[0]_mimic_launch_clock'
Slack : 2.992
TNS   : 0.000

Type  : Slow 1200mV 85C Model Minimum Pulse Width 'cycloneIII_3c120_niosII_standard_sopc_instance|the_ddr2_sdram|ddr2_sdram_controller_phy_inst|ddr2_sdram_phy_inst|ddr2_sdram_phy_ddr_capture'
Slack : 2.994
TNS   : 0.000

Type  : Slow 1200mV 85C Model Minimum Pulse Width 'cycloneIII_3c120_niosII_standard_sopc_instance|the_ddr2_sdram|ddr2_sdram_controller_phy_inst|ddr2_sdram_phy_inst|ddr2_sdram_phy_ddr_mimic'
Slack : 2.994
TNS   : 0.000

Type  : Slow 1200mV 85C Model Minimum Pulse Width 'cycloneIII_3c120_niosII_standard_sopc_instance|the_ddr2_sdram|ddr2_sdram_controller_phy_inst|ddr2_sdram_phy_inst|ddr2_sdram_phy_dq_25'
Slack : 3.001
TNS   : 0.000

Type  : Slow 1200mV 85C Model Minimum Pulse Width 'cycloneIII_3c120_niosII_standard_sopc_instance|the_ddr2_sdram|ddr2_sdram_controller_phy_inst|ddr2_sdram_phy_inst|ddr2_sdram_phy_dq_18'
Slack : 3.002
TNS   : 0.000

Type  : Slow 1200mV 85C Model Minimum Pulse Width 'cycloneIII_3c120_niosII_standard_sopc_instance|the_ddr2_sdram|ddr2_sdram_controller_phy_inst|ddr2_sdram_phy_inst|ddr2_sdram_phy_dq_19'
Slack : 3.002
TNS   : 0.000

Type  : Slow 1200mV 85C Model Minimum Pulse Width 'cycloneIII_3c120_niosII_standard_sopc_instance|the_ddr2_sdram|ddr2_sdram_controller_phy_inst|ddr2_sdram_phy_inst|ddr2_sdram_phy_dq_20'
Slack : 3.002
TNS   : 0.000

Type  : Slow 1200mV 85C Model Minimum Pulse Width 'cycloneIII_3c120_niosII_standard_sopc_instance|the_ddr2_sdram|ddr2_sdram_controller_phy_inst|ddr2_sdram_phy_inst|ddr2_sdram_phy_dq_21'
Slack : 3.002
TNS   : 0.000

Type  : Slow 1200mV 85C Model Minimum Pulse Width 'cycloneIII_3c120_niosII_standard_sopc_instance|the_ddr2_sdram|ddr2_sdram_controller_phy_inst|ddr2_sdram_phy_inst|ddr2_sdram_phy_dq_22'
Slack : 3.002
TNS   : 0.000

Type  : Slow 1200mV 85C Model Minimum Pulse Width 'cycloneIII_3c120_niosII_standard_sopc_instance|the_ddr2_sdram|ddr2_sdram_controller_phy_inst|ddr2_sdram_phy_inst|ddr2_sdram_phy_dq_23'
Slack : 3.002
TNS   : 0.000

Type  : Slow 1200mV 85C Model Minimum Pulse Width 'cycloneIII_3c120_niosII_standard_sopc_instance|the_ddr2_sdram|ddr2_sdram_controller_phy_inst|ddr2_sdram_phy_inst|ddr2_sdram_phy_dq_24'
Slack : 3.002
TNS   : 0.000

Type  : Slow 1200mV 85C Model Minimum Pulse Width 'cycloneIII_3c120_niosII_standard_sopc_instance|the_ddr2_sdram|ddr2_sdram_controller_phy_inst|ddr2_sdram_phy_inst|ddr2_sdram_phy_dq_26'
Slack : 3.002
TNS   : 0.000

Type  : Slow 1200mV 85C Model Minimum Pulse Width 'cycloneIII_3c120_niosII_standard_sopc_instance|the_ddr2_sdram|ddr2_sdram_controller_phy_inst|ddr2_sdram_phy_inst|ddr2_sdram_phy_dq_27'
Slack : 3.002
TNS   : 0.000

Type  : Slow 1200mV 85C Model Minimum Pulse Width 'cycloneIII_3c120_niosII_standard_sopc_instance|the_ddr2_sdram|ddr2_sdram_controller_phy_inst|ddr2_sdram_phy_inst|ddr2_sdram_phy_dq_28'
Slack : 3.002
TNS   : 0.000

Type  : Slow 1200mV 85C Model Minimum Pulse Width 'cycloneIII_3c120_niosII_standard_sopc_instance|the_ddr2_sdram|ddr2_sdram_controller_phy_inst|ddr2_sdram_phy_inst|ddr2_sdram_phy_dq_29'
Slack : 3.002
TNS   : 0.000

Type  : Slow 1200mV 85C Model Minimum Pulse Width 'cycloneIII_3c120_niosII_standard_sopc_instance|the_ddr2_sdram|ddr2_sdram_controller_phy_inst|ddr2_sdram_phy_inst|ddr2_sdram_phy_dq_30'
Slack : 3.002
TNS   : 0.000

Type  : Slow 1200mV 85C Model Minimum Pulse Width 'cycloneIII_3c120_niosII_standard_sopc_instance|the_ddr2_sdram|ddr2_sdram_controller_phy_inst|ddr2_sdram_phy_inst|ddr2_sdram_phy_dq_31'
Slack : 3.002
TNS   : 0.000

Type  : Slow 1200mV 85C Model Minimum Pulse Width 'cycloneIII_3c120_niosII_standard_sopc_instance|the_ddr2_sdram|ddr2_sdram_controller_phy_inst|ddr2_sdram_phy_inst|ddr2_sdram_phy_dq_32'
Slack : 3.002
TNS   : 0.000

Type  : Slow 1200mV 85C Model Minimum Pulse Width 'cycloneIII_3c120_niosII_standard_sopc_instance|the_ddr2_sdram|ddr2_sdram_controller_phy_inst|ddr2_sdram_phy_inst|ddr2_sdram_phy_dq_9'
Slack : 3.002
TNS   : 0.000

Type  : Slow 1200mV 85C Model Minimum Pulse Width 'top_rx_clk_to_the_tse_mac'
Slack : 3.596
TNS   : 0.000

Type  : Slow 1200mV 85C Model Minimum Pulse Width 'top_clkin_125'
Slack : 3.660
TNS   : 0.000

Type  : Slow 1200mV 85C Model Minimum Pulse Width 'cycloneIII_3c120_niosII_standard_sopc_instance|the_tse_tx_pll|the_pll|altpll_component|auto_generated|pll1|clk[2]'
Slack : 3.687
TNS   : 0.000

Type  : Slow 1200mV 85C Model Minimum Pulse Width 'cycloneIII_3c120_niosII_standard_sopc_instance|the_tse_pll|the_pll|altpll_component|auto_generated|pll1|clk[0]'
Slack : 3.704
TNS   : 0.000

Type  : Slow 1200mV 85C Model Minimum Pulse Width 'cycloneIII_3c120_niosII_standard_sopc_instance|the_tse_tx_pll|the_pll|altpll_component|auto_generated|pll1|clk[3]'
Slack : 3.792
TNS   : 0.000

Type  : Slow 1200mV 85C Model Minimum Pulse Width 'cycloneIII_3c120_niosII_standard_sopc_instance|the_pll|the_pll|altpll_component|auto_generated|pll1|clk[0]'
Slack : 4.622
TNS   : 0.000

Type  : Slow 1200mV 85C Model Minimum Pulse Width 'cycloneIII_3c120_niosII_standard_sopc_instance|the_ddr2_sdram|ddr2_sdram_controller_phy_inst|ddr2_sdram_phy_inst|ddr2_sdram_phy_alt_mem_phy_inst|clk|scan_clk|q_clock'
Slack : 5.468
TNS   : 0.000

Type  : Slow 1200mV 85C Model Minimum Pulse Width 'cycloneIII_3c120_niosII_standard_sopc_instance|the_pll|the_pll|altpll_component|auto_generated|pll1|clk[2]'
Slack : 8.032
TNS   : 0.000

Type  : Slow 1200mV 85C Model Minimum Pulse Width 'top_clkin_50'
Slack : 9.595
TNS   : 0.000

Type  : Slow 1200mV 85C Model Minimum Pulse Width 'cycloneIII_3c120_niosII_standard_sopc_instance|the_tse_tx_pll|the_pll|altpll_component|auto_generated|pll1|clk[0]'
Slack : 19.668
TNS   : 0.000

Type  : Slow 1200mV 85C Model Minimum Pulse Width 'cycloneIII_3c120_niosII_standard_sopc_instance|the_tse_tx_pll|the_pll|altpll_component|auto_generated|pll1|clk[1]'
Slack : 19.815
TNS   : 0.000

Type  : Slow 1200mV 85C Model Minimum Pulse Width 'altera_reserved_tck'
Slack : 49.623
TNS   : 0.000

Type  : Slow 1200mV 85C Model Minimum Pulse Width 'cycloneIII_3c120_niosII_standard_sopc_instance|the_pll|the_pll|altpll_component|auto_generated|pll1|clk[3]'
Slack : 199.652
TNS   : 0.000

Type  : Slow 1200mV 85C Model Minimum Pulse Width 'cycloneIII_3c120_niosII_standard_sopc_instance|the_pll|the_pll|altpll_component|auto_generated|pll1|clk[4]'
Slack : 199.767
TNS   : 0.000

Type  : Slow 1200mV 0C Model Setup 'cycloneIII_3c120_niosII_standard_sopc_instance|the_ddr2_sdram|ddr2_sdram_controller_phy_inst|ddr2_sdram_phy_inst|ddr2_sdram_phy_ddr_mimic'
Slack : 0.784
TNS   : 0.000

Type  : Slow 1200mV 0C Model Setup 'cycloneIII_3c120_niosII_standard_sopc_instance|the_ddr2_sdram|ddr2_sdram_controller_phy_inst|ddr2_sdram_phy_inst|ddr2_sdram_phy_alt_mem_phy_inst|clk|pll|altpll_component|auto_generated|pll1|clk[1]'
Slack : 0.977
TNS   : 0.000

Type  : Slow 1200mV 0C Model Setup 'cycloneIII_3c120_niosII_standard_sopc_instance|the_ddr2_sdram|ddr2_sdram_controller_phy_inst|ddr2_sdram_phy_inst|ddr2_sdram_phy_ck_p_top_ddr2_ck_p[0]_tDQSS'
Slack : 1.204
TNS   : 0.000

Type  : Slow 1200mV 0C Model Setup 'cycloneIII_3c120_niosII_standard_sopc_instance|the_pll|the_pll|altpll_component|auto_generated|pll1|clk[0]'
Slack : 1.217
TNS   : 0.000

Type  : Slow 1200mV 0C Model Setup 'cycloneIII_3c120_niosII_standard_sopc_instance|the_ddr2_sdram|ddr2_sdram_controller_phy_inst|ddr2_sdram_phy_inst|ddr2_sdram_phy_ck_n_top_ddr2_ck_n[0]_tDQSS'
Slack : 1.285
TNS   : 0.000

Type  : Slow 1200mV 0C Model Setup 'cycloneIII_3c120_niosII_standard_sopc_instance|the_tse_tx_pll|the_pll|altpll_component|auto_generated|pll1|clk[2]'
Slack : 1.411
TNS   : 0.000

Type  : Slow 1200mV 0C Model Setup 'cycloneIII_3c120_niosII_standard_sopc_instance|the_ddr2_sdram|ddr2_sdram_controller_phy_inst|ddr2_sdram_phy_inst|ddr2_sdram_phy_ck_p_top_ddr2_ck_p[0]_tDSS'
Slack : 1.574
TNS   : 0.000

Type  : Slow 1200mV 0C Model Setup 'cycloneIII_3c120_niosII_standard_sopc_instance|the_ddr2_sdram|ddr2_sdram_controller_phy_inst|ddr2_sdram_phy_inst|ddr2_sdram_phy_ck_n_top_ddr2_ck_n[0]_tDSS'
Slack : 1.655
TNS   : 0.000

Type  : Slow 1200mV 0C Model Setup 'cycloneIII_3c120_niosII_standard_sopc_instance|the_ddr2_sdram|ddr2_sdram_controller_phy_inst|ddr2_sdram_phy_inst|ddr2_sdram_phy_alt_mem_phy_inst|clk|pll|altpll_component|auto_generated|pll1|clk[2]'
Slack : 1.685
TNS   : 0.000

Type  : Slow 1200mV 0C Model Setup 'cycloneIII_3c120_niosII_standard_sopc_instance|the_ddr2_sdram|ddr2_sdram_controller_phy_inst|ddr2_sdram_phy_inst|ddr2_sdram_phy_alt_mem_phy_inst|clk|scan_clk|q_clock'
Slack : 2.292
TNS   : 0.000

Type  : Slow 1200mV 0C Model Setup 'cycloneIII_3c120_niosII_standard_sopc_instance|the_ddr2_sdram|ddr2_sdram_controller_phy_inst|ddr2_sdram_phy_inst|ddr2_sdram_phy_alt_mem_phy_inst|clk|pll|altpll_component|auto_generated|pll1|clk[3]'
Slack : 2.342
TNS   : 0.000

Type  : Slow 1200mV 0C Model Setup 'cycloneIII_3c120_niosII_standard_sopc_instance|the_tse_pll|the_pll|altpll_component|auto_generated|pll1|clk[0]'
Slack : 2.681
TNS   : 0.000

Type  : Slow 1200mV 0C Model Setup 'cycloneIII_3c120_niosII_standard_sopc_instance|the_ddr2_sdram|ddr2_sdram_controller_phy_inst|ddr2_sdram_phy_inst|ddr2_sdram_phy_ck_p_top_ddr2_ck_p[0]_ac_fall'
Slack : 3.185
TNS   : 0.000

Type  : Slow 1200mV 0C Model Setup 'cycloneIII_3c120_niosII_standard_sopc_instance|the_ddr2_sdram|ddr2_sdram_controller_phy_inst|ddr2_sdram_phy_inst|ddr2_sdram_phy_ck_n_top_ddr2_ck_n[0]_ac_fall'
Slack : 3.266
TNS   : 0.000

Type  : Slow 1200mV 0C Model Setup 'cycloneIII_3c120_niosII_standard_sopc_instance|the_pll|the_pll|altpll_component|auto_generated|pll1|clk[3]'
Slack : 3.870
TNS   : 0.000

Type  : Slow 1200mV 0C Model Setup 'cycloneIII_3c120_niosII_standard_sopc_instance|the_tse_tx_pll|the_pll|altpll_component|auto_generated|pll1|clk[0]'
Slack : 3.870
TNS   : 0.000

Type  : Slow 1200mV 0C Model Setup 'cycloneIII_3c120_niosII_standard_sopc_instance|the_ddr2_sdram|ddr2_sdram_controller_phy_inst|ddr2_sdram_phy_inst|ddr2_sdram_phy_alt_mem_phy_inst|clk|pll|altpll_component|auto_generated|pll1|clk[4]'
Slack : 3.944
TNS   : 0.000

Type  : Slow 1200mV 0C Model Setup 'top_rx_clk_to_the_tse_mac'
Slack : 5.300
TNS   : 0.000

Type  : Slow 1200mV 0C Model Setup 'top_clkin_125'
Slack : 7.009
TNS   : 0.000

Type  : Slow 1200mV 0C Model Setup 'cycloneIII_3c120_niosII_standard_sopc_instance|the_pll|the_pll|altpll_component|auto_generated|pll1|clk[2]'
Slack : 7.632
TNS   : 0.000

Type  : Slow 1200mV 0C Model Setup 'top_clkin_50'
Slack : 16.903
TNS   : 0.000

Type  : Slow 1200mV 0C Model Setup 'altera_reserved_tck'
Slack : 46.987
TNS   : 0.000

Type  : Slow 1200mV 0C Model Hold 'cycloneIII_3c120_niosII_standard_sopc_instance|the_pll|the_pll|altpll_component|auto_generated|pll1|clk[3]'
Slack : 0.278
TNS   : 0.000

Type  : Slow 1200mV 0C Model Hold 'cycloneIII_3c120_niosII_standard_sopc_instance|the_tse_tx_pll|the_pll|altpll_component|auto_generated|pll1|clk[0]'
Slack : 0.278
TNS   : 0.000

Type  : Slow 1200mV 0C Model Hold 'cycloneIII_3c120_niosII_standard_sopc_instance|the_tse_tx_pll|the_pll|altpll_component|auto_generated|pll1|clk[2]'
Slack : 0.278
TNS   : 0.000

Type  : Slow 1200mV 0C Model Hold 'cycloneIII_3c120_niosII_standard_sopc_instance|the_pll|the_pll|altpll_component|auto_generated|pll1|clk[0]'
Slack : 0.323
TNS   : 0.000

Type  : Slow 1200mV 0C Model Hold 'cycloneIII_3c120_niosII_standard_sopc_instance|the_tse_pll|the_pll|altpll_component|auto_generated|pll1|clk[0]'
Slack : 0.337
TNS   : 0.000

Type  : Slow 1200mV 0C Model Hold 'cycloneIII_3c120_niosII_standard_sopc_instance|the_ddr2_sdram|ddr2_sdram_controller_phy_inst|ddr2_sdram_phy_inst|ddr2_sdram_phy_alt_mem_phy_inst|clk|pll|altpll_component|auto_generated|pll1|clk[3]'
Slack : 0.338
TNS   : 0.000

Type  : Slow 1200mV 0C Model Hold 'cycloneIII_3c120_niosII_standard_sopc_instance|the_ddr2_sdram|ddr2_sdram_controller_phy_inst|ddr2_sdram_phy_inst|ddr2_sdram_phy_alt_mem_phy_inst|clk|pll|altpll_component|auto_generated|pll1|clk[1]'
Slack : 0.353
TNS   : 0.000

Type  : Slow 1200mV 0C Model Hold 'cycloneIII_3c120_niosII_standard_sopc_instance|the_ddr2_sdram|ddr2_sdram_controller_phy_inst|ddr2_sdram_phy_inst|ddr2_sdram_phy_alt_mem_phy_inst|clk|pll|altpll_component|auto_generated|pll1|clk[4]'
Slack : 0.354
TNS   : 0.000

Type  : Slow 1200mV 0C Model Hold 'cycloneIII_3c120_niosII_standard_sopc_instance|the_pll|the_pll|altpll_component|auto_generated|pll1|clk[2]'
Slack : 0.354
TNS   : 0.000

Type  : Slow 1200mV 0C Model Hold 'top_clkin_50'
Slack : 0.354
TNS   : 0.000

Type  : Slow 1200mV 0C Model Hold 'top_rx_clk_to_the_tse_mac'
Slack : 0.354
TNS   : 0.000

Type  : Slow 1200mV 0C Model Hold 'altera_reserved_tck'
Slack : 0.355
TNS   : 0.000

Type  : Slow 1200mV 0C Model Hold 'cycloneIII_3c120_niosII_standard_sopc_instance|the_ddr2_sdram|ddr2_sdram_controller_phy_inst|ddr2_sdram_phy_inst|ddr2_sdram_phy_alt_mem_phy_inst|clk|pll|altpll_component|auto_generated|pll1|clk[2]'
Slack : 0.396
TNS   : 0.000

Type  : Slow 1200mV 0C Model Hold 'cycloneIII_3c120_niosII_standard_sopc_instance|the_ddr2_sdram|ddr2_sdram_controller_phy_inst|ddr2_sdram_phy_inst|ddr2_sdram_phy_alt_mem_phy_inst|clk|scan_clk|q_clock'
Slack : 0.399
TNS   : 0.000

Type  : Slow 1200mV 0C Model Hold 'top_clkin_125'
Slack : 0.575
TNS   : 0.000

Type  : Slow 1200mV 0C Model Hold 'cycloneIII_3c120_niosII_standard_sopc_instance|the_ddr2_sdram|ddr2_sdram_controller_phy_inst|ddr2_sdram_phy_inst|ddr2_sdram_phy_ck_n_top_ddr2_ck_n[0]_tDQSS'
Slack : 1.250
TNS   : 0.000

Type  : Slow 1200mV 0C Model Hold 'cycloneIII_3c120_niosII_standard_sopc_instance|the_ddr2_sdram|ddr2_sdram_controller_phy_inst|ddr2_sdram_phy_inst|ddr2_sdram_phy_ck_p_top_ddr2_ck_p[0]_tDQSS'
Slack : 1.326
TNS   : 0.000

Type  : Slow 1200mV 0C Model Hold 'cycloneIII_3c120_niosII_standard_sopc_instance|the_ddr2_sdram|ddr2_sdram_controller_phy_inst|ddr2_sdram_phy_inst|ddr2_sdram_phy_ddr_mimic'
Slack : 1.455
TNS   : 0.000

Type  : Slow 1200mV 0C Model Hold 'cycloneIII_3c120_niosII_standard_sopc_instance|the_ddr2_sdram|ddr2_sdram_controller_phy_inst|ddr2_sdram_phy_inst|ddr2_sdram_phy_ck_n_top_ddr2_ck_n[0]_tDSS'
Slack : 1.526
TNS   : 0.000

Type  : Slow 1200mV 0C Model Hold 'cycloneIII_3c120_niosII_standard_sopc_instance|the_ddr2_sdram|ddr2_sdram_controller_phy_inst|ddr2_sdram_phy_inst|ddr2_sdram_phy_ck_p_top_ddr2_ck_p[0]_tDSS'
Slack : 1.602
TNS   : 0.000

Type  : Slow 1200mV 0C Model Hold 'cycloneIII_3c120_niosII_standard_sopc_instance|the_ddr2_sdram|ddr2_sdram_controller_phy_inst|ddr2_sdram_phy_inst|ddr2_sdram_phy_ck_n_top_ddr2_ck_n[0]_ac_fall'
Slack : 1.618
TNS   : 0.000

Type  : Slow 1200mV 0C Model Hold 'cycloneIII_3c120_niosII_standard_sopc_instance|the_ddr2_sdram|ddr2_sdram_controller_phy_inst|ddr2_sdram_phy_inst|ddr2_sdram_phy_ck_p_top_ddr2_ck_p[0]_ac_fall'
Slack : 1.694
TNS   : 0.000

Type  : Slow 1200mV 0C Model Recovery 'cycloneIII_3c120_niosII_standard_sopc_instance|the_ddr2_sdram|ddr2_sdram_controller_phy_inst|ddr2_sdram_phy_inst|ddr2_sdram_phy_alt_mem_phy_inst|clk|pll|altpll_component|auto_generated|pll1|clk[1]'
Slack : -4.278
TNS   : -278.463

Type  : Slow 1200mV 0C Model Recovery 'cycloneIII_3c120_niosII_standard_sopc_instance|the_pll|the_pll|altpll_component|auto_generated|pll1|clk[0]'
Slack : -1.906
TNS   : -120.178

Type  : Slow 1200mV 0C Model Recovery 'top_rx_clk_to_the_tse_mac'
Slack : 1.308
TNS   : 0.000

Type  : Slow 1200mV 0C Model Recovery 'top_clkin_50'
Slack : 2.060
TNS   : 0.000

Type  : Slow 1200mV 0C Model Recovery 'cycloneIII_3c120_niosII_standard_sopc_instance|the_tse_tx_pll|the_pll|altpll_component|auto_generated|pll1|clk[2]'
Slack : 2.202
TNS   : 0.000

Type  : Slow 1200mV 0C Model Recovery 'top_clkin_125'
Slack : 2.743
TNS   : 0.000

Type  : Slow 1200mV 0C Model Recovery 'cycloneIII_3c120_niosII_standard_sopc_instance|the_ddr2_sdram|ddr2_sdram_controller_phy_inst|ddr2_sdram_phy_inst|ddr2_sdram_phy_alt_mem_phy_inst|clk|pll|altpll_component|auto_generated|pll1|clk[2]'
Slack : 2.950
TNS   : 0.000

Type  : Slow 1200mV 0C Model Recovery 'cycloneIII_3c120_niosII_standard_sopc_instance|the_tse_pll|the_pll|altpll_component|auto_generated|pll1|clk[0]'
Slack : 3.529
TNS   : 0.000

Type  : Slow 1200mV 0C Model Recovery 'cycloneIII_3c120_niosII_standard_sopc_instance|the_ddr2_sdram|ddr2_sdram_controller_phy_inst|ddr2_sdram_phy_inst|ddr2_sdram_phy_alt_mem_phy_inst|clk|pll|altpll_component|auto_generated|pll1|clk[3]'
Slack : 4.595
TNS   : 0.000

Type  : Slow 1200mV 0C Model Recovery 'cycloneIII_3c120_niosII_standard_sopc_instance|the_ddr2_sdram|ddr2_sdram_controller_phy_inst|ddr2_sdram_phy_inst|ddr2_sdram_phy_alt_mem_phy_inst|clk|pll|altpll_component|auto_generated|pll1|clk[4]'
Slack : 4.936
TNS   : 0.000

Type  : Slow 1200mV 0C Model Recovery 'cycloneIII_3c120_niosII_standard_sopc_instance|the_ddr2_sdram|ddr2_sdram_controller_phy_inst|ddr2_sdram_phy_inst|ddr2_sdram_phy_alt_mem_phy_inst|clk|scan_clk|q_clock'
Slack : 8.245
TNS   : 0.000

Type  : Slow 1200mV 0C Model Recovery 'cycloneIII_3c120_niosII_standard_sopc_instance|the_pll|the_pll|altpll_component|auto_generated|pll1|clk[2]'
Slack : 13.078
TNS   : 0.000

Type  : Slow 1200mV 0C Model Recovery 'cycloneIII_3c120_niosII_standard_sopc_instance|the_tse_tx_pll|the_pll|altpll_component|auto_generated|pll1|clk[0]'
Slack : 34.202
TNS   : 0.000

Type  : Slow 1200mV 0C Model Recovery 'altera_reserved_tck'
Slack : 48.121
TNS   : 0.000

Type  : Slow 1200mV 0C Model Recovery 'cycloneIII_3c120_niosII_standard_sopc_instance|the_pll|the_pll|altpll_component|auto_generated|pll1|clk[3]'
Slack : 394.202
TNS   : 0.000

Type  : Slow 1200mV 0C Model Removal 'cycloneIII_3c120_niosII_standard_sopc_instance|the_pll|the_pll|altpll_component|auto_generated|pll1|clk[0]'
Slack : 0.737
TNS   : 0.000

Type  : Slow 1200mV 0C Model Removal 'cycloneIII_3c120_niosII_standard_sopc_instance|the_pll|the_pll|altpll_component|auto_generated|pll1|clk[2]'
Slack : 0.922
TNS   : 0.000

Type  : Slow 1200mV 0C Model Removal 'cycloneIII_3c120_niosII_standard_sopc_instance|the_ddr2_sdram|ddr2_sdram_controller_phy_inst|ddr2_sdram_phy_inst|ddr2_sdram_phy_alt_mem_phy_inst|clk|pll|altpll_component|auto_generated|pll1|clk[1]'
Slack : 0.923
TNS   : 0.000

Type  : Slow 1200mV 0C Model Removal 'altera_reserved_tck'
Slack : 0.926
TNS   : 0.000

Type  : Slow 1200mV 0C Model Removal 'cycloneIII_3c120_niosII_standard_sopc_instance|the_tse_pll|the_pll|altpll_component|auto_generated|pll1|clk[0]'
Slack : 0.928
TNS   : 0.000

Type  : Slow 1200mV 0C Model Removal 'top_rx_clk_to_the_tse_mac'
Slack : 0.935
TNS   : 0.000

Type  : Slow 1200mV 0C Model Removal 'top_clkin_50'
Slack : 0.936
TNS   : 0.000

Type  : Slow 1200mV 0C Model Removal 'cycloneIII_3c120_niosII_standard_sopc_instance|the_ddr2_sdram|ddr2_sdram_controller_phy_inst|ddr2_sdram_phy_inst|ddr2_sdram_phy_alt_mem_phy_inst|clk|pll|altpll_component|auto_generated|pll1|clk[4]'
Slack : 1.115
TNS   : 0.000

Type  : Slow 1200mV 0C Model Removal 'cycloneIII_3c120_niosII_standard_sopc_instance|the_ddr2_sdram|ddr2_sdram_controller_phy_inst|ddr2_sdram_phy_inst|ddr2_sdram_phy_alt_mem_phy_inst|clk|pll|altpll_component|auto_generated|pll1|clk[3]'
Slack : 1.458
TNS   : 0.000

Type  : Slow 1200mV 0C Model Removal 'cycloneIII_3c120_niosII_standard_sopc_instance|the_pll|the_pll|altpll_component|auto_generated|pll1|clk[3]'
Slack : 1.554
TNS   : 0.000

Type  : Slow 1200mV 0C Model Removal 'cycloneIII_3c120_niosII_standard_sopc_instance|the_tse_tx_pll|the_pll|altpll_component|auto_generated|pll1|clk[0]'
Slack : 1.554
TNS   : 0.000

Type  : Slow 1200mV 0C Model Removal 'cycloneIII_3c120_niosII_standard_sopc_instance|the_tse_tx_pll|the_pll|altpll_component|auto_generated|pll1|clk[2]'
Slack : 1.554
TNS   : 0.000

Type  : Slow 1200mV 0C Model Removal 'cycloneIII_3c120_niosII_standard_sopc_instance|the_ddr2_sdram|ddr2_sdram_controller_phy_inst|ddr2_sdram_phy_inst|ddr2_sdram_phy_alt_mem_phy_inst|clk|pll|altpll_component|auto_generated|pll1|clk[2]'
Slack : 2.405
TNS   : 0.000

Type  : Slow 1200mV 0C Model Removal 'cycloneIII_3c120_niosII_standard_sopc_instance|the_ddr2_sdram|ddr2_sdram_controller_phy_inst|ddr2_sdram_phy_inst|ddr2_sdram_phy_alt_mem_phy_inst|clk|scan_clk|q_clock'
Slack : 3.802
TNS   : 0.000

Type  : Slow 1200mV 0C Model Removal 'top_clkin_125'
Slack : 4.665
TNS   : 0.000

Type  : Slow 1200mV 0C Model Minimum Pulse Width 'cycloneIII_3c120_niosII_standard_sopc_instance|the_ddr2_sdram|ddr2_sdram_controller_phy_inst|ddr2_sdram_phy_inst|ddr2_sdram_phy_alt_mem_phy_inst|clk|pll|altpll_component|auto_generated|pll1|clk[1]'
Slack : 2.851
TNS   : 0.000

Type  : Slow 1200mV 0C Model Minimum Pulse Width 'cycloneIII_3c120_niosII_standard_sopc_instance|the_ddr2_sdram|ddr2_sdram_controller_phy_inst|ddr2_sdram_phy_inst|ddr2_sdram_phy_alt_mem_phy_inst|clk|pll|altpll_component|auto_generated|pll1|clk[3]'
Slack : 2.851
TNS   : 0.000

Type  : Slow 1200mV 0C Model Minimum Pulse Width 'cycloneIII_3c120_niosII_standard_sopc_instance|the_ddr2_sdram|ddr2_sdram_controller_phy_inst|ddr2_sdram_phy_inst|ddr2_sdram_phy_dq_1'
Slack : 2.952
TNS   : 0.000

Type  : Slow 1200mV 0C Model Minimum Pulse Width 'cycloneIII_3c120_niosII_standard_sopc_instance|the_ddr2_sdram|ddr2_sdram_controller_phy_inst|ddr2_sdram_phy_inst|ddr2_sdram_phy_dq_10'
Slack : 2.952
TNS   : 0.000

Type  : Slow 1200mV 0C Model Minimum Pulse Width 'cycloneIII_3c120_niosII_standard_sopc_instance|the_ddr2_sdram|ddr2_sdram_controller_phy_inst|ddr2_sdram_phy_inst|ddr2_sdram_phy_dq_11'
Slack : 2.952
TNS   : 0.000

Type  : Slow 1200mV 0C Model Minimum Pulse Width 'cycloneIII_3c120_niosII_standard_sopc_instance|the_ddr2_sdram|ddr2_sdram_controller_phy_inst|ddr2_sdram_phy_inst|ddr2_sdram_phy_dq_12'
Slack : 2.952
TNS   : 0.000

Type  : Slow 1200mV 0C Model Minimum Pulse Width 'cycloneIII_3c120_niosII_standard_sopc_instance|the_ddr2_sdram|ddr2_sdram_controller_phy_inst|ddr2_sdram_phy_inst|ddr2_sdram_phy_dq_13'
Slack : 2.952
TNS   : 0.000

Type  : Slow 1200mV 0C Model Minimum Pulse Width 'cycloneIII_3c120_niosII_standard_sopc_instance|the_ddr2_sdram|ddr2_sdram_controller_phy_inst|ddr2_sdram_phy_inst|ddr2_sdram_phy_dq_14'
Slack : 2.952
TNS   : 0.000

Type  : Slow 1200mV 0C Model Minimum Pulse Width 'cycloneIII_3c120_niosII_standard_sopc_instance|the_ddr2_sdram|ddr2_sdram_controller_phy_inst|ddr2_sdram_phy_inst|ddr2_sdram_phy_dq_16'
Slack : 2.952
TNS   : 0.000

Type  : Slow 1200mV 0C Model Minimum Pulse Width 'cycloneIII_3c120_niosII_standard_sopc_instance|the_ddr2_sdram|ddr2_sdram_controller_phy_inst|ddr2_sdram_phy_inst|ddr2_sdram_phy_dq_17'
Slack : 2.952
TNS   : 0.000

Type  : Slow 1200mV 0C Model Minimum Pulse Width 'cycloneIII_3c120_niosII_standard_sopc_instance|the_ddr2_sdram|ddr2_sdram_controller_phy_inst|ddr2_sdram_phy_inst|ddr2_sdram_phy_dq_3'
Slack : 2.952
TNS   : 0.000

Type  : Slow 1200mV 0C Model Minimum Pulse Width 'cycloneIII_3c120_niosII_standard_sopc_instance|the_ddr2_sdram|ddr2_sdram_controller_phy_inst|ddr2_sdram_phy_inst|ddr2_sdram_phy_dq_4'
Slack : 2.952
TNS   : 0.000

Type  : Slow 1200mV 0C Model Minimum Pulse Width 'cycloneIII_3c120_niosII_standard_sopc_instance|the_ddr2_sdram|ddr2_sdram_controller_phy_inst|ddr2_sdram_phy_inst|ddr2_sdram_phy_alt_mem_phy_inst|clk|pll|altpll_component|auto_generated|pll1|clk[2]'
Slack : 2.953
TNS   : 0.000

Type  : Slow 1200mV 0C Model Minimum Pulse Width 'cycloneIII_3c120_niosII_standard_sopc_instance|the_ddr2_sdram|ddr2_sdram_controller_phy_inst|ddr2_sdram_phy_inst|ddr2_sdram_phy_alt_mem_phy_inst|clk|pll|altpll_component|auto_generated|pll1|clk[4]'
Slack : 2.953
TNS   : 0.000

Type  : Slow 1200mV 0C Model Minimum Pulse Width 'cycloneIII_3c120_niosII_standard_sopc_instance|the_ddr2_sdram|ddr2_sdram_controller_phy_inst|ddr2_sdram_phy_inst|ddr2_sdram_phy_dq_15'
Slack : 2.953
TNS   : 0.000

Type  : Slow 1200mV 0C Model Minimum Pulse Width 'cycloneIII_3c120_niosII_standard_sopc_instance|the_ddr2_sdram|ddr2_sdram_controller_phy_inst|ddr2_sdram_phy_inst|ddr2_sdram_phy_dq_2'
Slack : 2.953
TNS   : 0.000

Type  : Slow 1200mV 0C Model Minimum Pulse Width 'cycloneIII_3c120_niosII_standard_sopc_instance|the_ddr2_sdram|ddr2_sdram_controller_phy_inst|ddr2_sdram_phy_inst|ddr2_sdram_phy_dq_5'
Slack : 2.953
TNS   : 0.000

Type  : Slow 1200mV 0C Model Minimum Pulse Width 'cycloneIII_3c120_niosII_standard_sopc_instance|the_ddr2_sdram|ddr2_sdram_controller_phy_inst|ddr2_sdram_phy_inst|ddr2_sdram_phy_dq_6'
Slack : 2.953
TNS   : 0.000

Type  : Slow 1200mV 0C Model Minimum Pulse Width 'cycloneIII_3c120_niosII_standard_sopc_instance|the_ddr2_sdram|ddr2_sdram_controller_phy_inst|ddr2_sdram_phy_inst|ddr2_sdram_phy_dq_7'
Slack : 2.953
TNS   : 0.000

Type  : Slow 1200mV 0C Model Minimum Pulse Width 'cycloneIII_3c120_niosII_standard_sopc_instance|the_ddr2_sdram|ddr2_sdram_controller_phy_inst|ddr2_sdram_phy_inst|ddr2_sdram_phy_dq_8'
Slack : 2.953
TNS   : 0.000

Type  : Slow 1200mV 0C Model Minimum Pulse Width 'cycloneIII_3c120_niosII_standard_sopc_instance|the_ddr2_sdram|ddr2_sdram_controller_phy_inst|ddr2_sdram_phy_inst|ddr2_sdram_phy_ck_n_top_ddr2_ck_n[0]_ac_fall'
Slack : 2.992
TNS   : 0.000

Type  : Slow 1200mV 0C Model Minimum Pulse Width 'cycloneIII_3c120_niosII_standard_sopc_instance|the_ddr2_sdram|ddr2_sdram_controller_phy_inst|ddr2_sdram_phy_inst|ddr2_sdram_phy_ck_n_top_ddr2_ck_n[0]_ac_rise'
Slack : 2.992
TNS   : 0.000

Type  : Slow 1200mV 0C Model Minimum Pulse Width 'cycloneIII_3c120_niosII_standard_sopc_instance|the_ddr2_sdram|ddr2_sdram_controller_phy_inst|ddr2_sdram_phy_inst|ddr2_sdram_phy_ck_n_top_ddr2_ck_n[0]_tDQSS'
Slack : 2.992
TNS   : 0.000

Type  : Slow 1200mV 0C Model Minimum Pulse Width 'cycloneIII_3c120_niosII_standard_sopc_instance|the_ddr2_sdram|ddr2_sdram_controller_phy_inst|ddr2_sdram_phy_inst|ddr2_sdram_phy_ck_n_top_ddr2_ck_n[0]_tDSS'
Slack : 2.992
TNS   : 0.000

Type  : Slow 1200mV 0C Model Minimum Pulse Width 'cycloneIII_3c120_niosII_standard_sopc_instance|the_ddr2_sdram|ddr2_sdram_controller_phy_inst|ddr2_sdram_phy_inst|ddr2_sdram_phy_ck_p_top_ddr2_ck_p[0]_ac_fall'
Slack : 2.992
TNS   : 0.000

Type  : Slow 1200mV 0C Model Minimum Pulse Width 'cycloneIII_3c120_niosII_standard_sopc_instance|the_ddr2_sdram|ddr2_sdram_controller_phy_inst|ddr2_sdram_phy_inst|ddr2_sdram_phy_ck_p_top_ddr2_ck_p[0]_ac_rise'
Slack : 2.992
TNS   : 0.000

Type  : Slow 1200mV 0C Model Minimum Pulse Width 'cycloneIII_3c120_niosII_standard_sopc_instance|the_ddr2_sdram|ddr2_sdram_controller_phy_inst|ddr2_sdram_phy_inst|ddr2_sdram_phy_ck_p_top_ddr2_ck_p[0]_tDQSS'
Slack : 2.992
TNS   : 0.000

Type  : Slow 1200mV 0C Model Minimum Pulse Width 'cycloneIII_3c120_niosII_standard_sopc_instance|the_ddr2_sdram|ddr2_sdram_controller_phy_inst|ddr2_sdram_phy_inst|ddr2_sdram_phy_ck_p_top_ddr2_ck_p[0]_tDSS'
Slack : 2.992
TNS   : 0.000

Type  : Slow 1200mV 0C Model Minimum Pulse Width 'cycloneIII_3c120_niosII_standard_sopc_instance|the_ddr2_sdram|ddr2_sdram_controller_phy_inst|ddr2_sdram_phy_inst|ddr2_sdram_phy_ddr_capture'
Slack : 2.992
TNS   : 0.000

Type  : Slow 1200mV 0C Model Minimum Pulse Width 'cycloneIII_3c120_niosII_standard_sopc_instance|the_ddr2_sdram|ddr2_sdram_controller_phy_inst|ddr2_sdram_phy_inst|ddr2_sdram_phy_ddr_mimic'
Slack : 2.992
TNS   : 0.000

Type  : Slow 1200mV 0C Model Minimum Pulse Width 'cycloneIII_3c120_niosII_standard_sopc_instance|the_ddr2_sdram|ddr2_sdram_controller_phy_inst|ddr2_sdram_phy_inst|ddr2_sdram_phy_top_ddr2_ck_p[0]_mimic_launch_clock'
Slack : 2.992
TNS   : 0.000

Type  : Slow 1200mV 0C Model Minimum Pulse Width 'cycloneIII_3c120_niosII_standard_sopc_instance|the_ddr2_sdram|ddr2_sdram_controller_phy_inst|ddr2_sdram_phy_inst|ddr2_sdram_phy_dq_18'
Slack : 2.996
TNS   : 0.000

Type  : Slow 1200mV 0C Model Minimum Pulse Width 'cycloneIII_3c120_niosII_standard_sopc_instance|the_ddr2_sdram|ddr2_sdram_controller_phy_inst|ddr2_sdram_phy_inst|ddr2_sdram_phy_dq_20'
Slack : 2.996
TNS   : 0.000

Type  : Slow 1200mV 0C Model Minimum Pulse Width 'cycloneIII_3c120_niosII_standard_sopc_instance|the_ddr2_sdram|ddr2_sdram_controller_phy_inst|ddr2_sdram_phy_inst|ddr2_sdram_phy_dq_21'
Slack : 2.996
TNS   : 0.000

Type  : Slow 1200mV 0C Model Minimum Pulse Width 'cycloneIII_3c120_niosII_standard_sopc_instance|the_ddr2_sdram|ddr2_sdram_controller_phy_inst|ddr2_sdram_phy_inst|ddr2_sdram_phy_dq_22'
Slack : 2.996
TNS   : 0.000

Type  : Slow 1200mV 0C Model Minimum Pulse Width 'cycloneIII_3c120_niosII_standard_sopc_instance|the_ddr2_sdram|ddr2_sdram_controller_phy_inst|ddr2_sdram_phy_inst|ddr2_sdram_phy_dq_25'
Slack : 2.996
TNS   : 0.000

Type  : Slow 1200mV 0C Model Minimum Pulse Width 'cycloneIII_3c120_niosII_standard_sopc_instance|the_ddr2_sdram|ddr2_sdram_controller_phy_inst|ddr2_sdram_phy_inst|ddr2_sdram_phy_dq_28'
Slack : 2.996
TNS   : 0.000

Type  : Slow 1200mV 0C Model Minimum Pulse Width 'cycloneIII_3c120_niosII_standard_sopc_instance|the_ddr2_sdram|ddr2_sdram_controller_phy_inst|ddr2_sdram_phy_inst|ddr2_sdram_phy_dq_29'
Slack : 2.996
TNS   : 0.000

Type  : Slow 1200mV 0C Model Minimum Pulse Width 'cycloneIII_3c120_niosII_standard_sopc_instance|the_ddr2_sdram|ddr2_sdram_controller_phy_inst|ddr2_sdram_phy_inst|ddr2_sdram_phy_dq_30'
Slack : 2.996
TNS   : 0.000

Type  : Slow 1200mV 0C Model Minimum Pulse Width 'cycloneIII_3c120_niosII_standard_sopc_instance|the_ddr2_sdram|ddr2_sdram_controller_phy_inst|ddr2_sdram_phy_inst|ddr2_sdram_phy_dq_31'
Slack : 2.996
TNS   : 0.000

Type  : Slow 1200mV 0C Model Minimum Pulse Width 'cycloneIII_3c120_niosII_standard_sopc_instance|the_ddr2_sdram|ddr2_sdram_controller_phy_inst|ddr2_sdram_phy_inst|ddr2_sdram_phy_dq_9'
Slack : 2.996
TNS   : 0.000

Type  : Slow 1200mV 0C Model Minimum Pulse Width 'cycloneIII_3c120_niosII_standard_sopc_instance|the_ddr2_sdram|ddr2_sdram_controller_phy_inst|ddr2_sdram_phy_inst|ddr2_sdram_phy_dq_19'
Slack : 2.997
TNS   : 0.000

Type  : Slow 1200mV 0C Model Minimum Pulse Width 'cycloneIII_3c120_niosII_standard_sopc_instance|the_ddr2_sdram|ddr2_sdram_controller_phy_inst|ddr2_sdram_phy_inst|ddr2_sdram_phy_dq_23'
Slack : 2.997
TNS   : 0.000

Type  : Slow 1200mV 0C Model Minimum Pulse Width 'cycloneIII_3c120_niosII_standard_sopc_instance|the_ddr2_sdram|ddr2_sdram_controller_phy_inst|ddr2_sdram_phy_inst|ddr2_sdram_phy_dq_24'
Slack : 2.997
TNS   : 0.000

Type  : Slow 1200mV 0C Model Minimum Pulse Width 'cycloneIII_3c120_niosII_standard_sopc_instance|the_ddr2_sdram|ddr2_sdram_controller_phy_inst|ddr2_sdram_phy_inst|ddr2_sdram_phy_dq_26'
Slack : 2.997
TNS   : 0.000

Type  : Slow 1200mV 0C Model Minimum Pulse Width 'cycloneIII_3c120_niosII_standard_sopc_instance|the_ddr2_sdram|ddr2_sdram_controller_phy_inst|ddr2_sdram_phy_inst|ddr2_sdram_phy_dq_27'
Slack : 2.997
TNS   : 0.000

Type  : Slow 1200mV 0C Model Minimum Pulse Width 'cycloneIII_3c120_niosII_standard_sopc_instance|the_ddr2_sdram|ddr2_sdram_controller_phy_inst|ddr2_sdram_phy_inst|ddr2_sdram_phy_dq_32'
Slack : 2.997
TNS   : 0.000

Type  : Slow 1200mV 0C Model Minimum Pulse Width 'cycloneIII_3c120_niosII_standard_sopc_instance|the_tse_tx_pll|the_pll|altpll_component|auto_generated|pll1|clk[2]'
Slack : 3.595
TNS   : 0.000

Type  : Slow 1200mV 0C Model Minimum Pulse Width 'top_rx_clk_to_the_tse_mac'
Slack : 3.602
TNS   : 0.000

Type  : Slow 1200mV 0C Model Minimum Pulse Width 'top_clkin_125'
Slack : 3.686
TNS   : 0.000

Type  : Slow 1200mV 0C Model Minimum Pulse Width 'cycloneIII_3c120_niosII_standard_sopc_instance|the_tse_tx_pll|the_pll|altpll_component|auto_generated|pll1|clk[3]'
Slack : 3.702
TNS   : 0.000

Type  : Slow 1200mV 0C Model Minimum Pulse Width 'cycloneIII_3c120_niosII_standard_sopc_instance|the_tse_pll|the_pll|altpll_component|auto_generated|pll1|clk[0]'
Slack : 3.705
TNS   : 0.000

Type  : Slow 1200mV 0C Model Minimum Pulse Width 'cycloneIII_3c120_niosII_standard_sopc_instance|the_pll|the_pll|altpll_component|auto_generated|pll1|clk[0]'
Slack : 4.639
TNS   : 0.000

Type  : Slow 1200mV 0C Model Minimum Pulse Width 'cycloneIII_3c120_niosII_standard_sopc_instance|the_ddr2_sdram|ddr2_sdram_controller_phy_inst|ddr2_sdram_phy_inst|ddr2_sdram_phy_alt_mem_phy_inst|clk|scan_clk|q_clock'
Slack : 5.446
TNS   : 0.000

Type  : Slow 1200mV 0C Model Minimum Pulse Width 'cycloneIII_3c120_niosII_standard_sopc_instance|the_pll|the_pll|altpll_component|auto_generated|pll1|clk[2]'
Slack : 8.035
TNS   : 0.000

Type  : Slow 1200mV 0C Model Minimum Pulse Width 'top_clkin_50'
Slack : 9.602
TNS   : 0.000

Type  : Slow 1200mV 0C Model Minimum Pulse Width 'cycloneIII_3c120_niosII_standard_sopc_instance|the_tse_tx_pll|the_pll|altpll_component|auto_generated|pll1|clk[0]'
Slack : 19.593
TNS   : 0.000

Type  : Slow 1200mV 0C Model Minimum Pulse Width 'cycloneIII_3c120_niosII_standard_sopc_instance|the_tse_tx_pll|the_pll|altpll_component|auto_generated|pll1|clk[1]'
Slack : 19.722
TNS   : 0.000

Type  : Slow 1200mV 0C Model Minimum Pulse Width 'altera_reserved_tck'
Slack : 49.567
TNS   : 0.000

Type  : Slow 1200mV 0C Model Minimum Pulse Width 'cycloneIII_3c120_niosII_standard_sopc_instance|the_pll|the_pll|altpll_component|auto_generated|pll1|clk[3]'
Slack : 199.583
TNS   : 0.000

Type  : Slow 1200mV 0C Model Minimum Pulse Width 'cycloneIII_3c120_niosII_standard_sopc_instance|the_pll|the_pll|altpll_component|auto_generated|pll1|clk[4]'
Slack : 199.681
TNS   : 0.000

Type  : Fast 1200mV 0C Model Setup 'cycloneIII_3c120_niosII_standard_sopc_instance|the_ddr2_sdram|ddr2_sdram_controller_phy_inst|ddr2_sdram_phy_inst|ddr2_sdram_phy_ck_p_top_ddr2_ck_p[0]_tDQSS'
Slack : 1.356
TNS   : 0.000

Type  : Fast 1200mV 0C Model Setup 'cycloneIII_3c120_niosII_standard_sopc_instance|the_ddr2_sdram|ddr2_sdram_controller_phy_inst|ddr2_sdram_phy_inst|ddr2_sdram_phy_ck_n_top_ddr2_ck_n[0]_tDQSS'
Slack : 1.369
TNS   : 0.000

Type  : Fast 1200mV 0C Model Setup 'cycloneIII_3c120_niosII_standard_sopc_instance|the_ddr2_sdram|ddr2_sdram_controller_phy_inst|ddr2_sdram_phy_inst|ddr2_sdram_phy_ddr_mimic'
Slack : 1.494
TNS   : 0.000

Type  : Fast 1200mV 0C Model Setup 'cycloneIII_3c120_niosII_standard_sopc_instance|the_ddr2_sdram|ddr2_sdram_controller_phy_inst|ddr2_sdram_phy_inst|ddr2_sdram_phy_ck_p_top_ddr2_ck_p[0]_tDSS'
Slack : 1.685
TNS   : 0.000

Type  : Fast 1200mV 0C Model Setup 'cycloneIII_3c120_niosII_standard_sopc_instance|the_ddr2_sdram|ddr2_sdram_controller_phy_inst|ddr2_sdram_phy_inst|ddr2_sdram_phy_ck_n_top_ddr2_ck_n[0]_tDSS'
Slack : 1.698
TNS   : 0.000

Type  : Fast 1200mV 0C Model Setup 'cycloneIII_3c120_niosII_standard_sopc_instance|the_ddr2_sdram|ddr2_sdram_controller_phy_inst|ddr2_sdram_phy_inst|ddr2_sdram_phy_alt_mem_phy_inst|clk|pll|altpll_component|auto_generated|pll1|clk[3]'
Slack : 2.746
TNS   : 0.000

Type  : Fast 1200mV 0C Model Setup 'cycloneIII_3c120_niosII_standard_sopc_instance|the_ddr2_sdram|ddr2_sdram_controller_phy_inst|ddr2_sdram_phy_inst|ddr2_sdram_phy_alt_mem_phy_inst|clk|pll|altpll_component|auto_generated|pll1|clk[2]'
Slack : 3.041
TNS   : 0.000

Type  : Fast 1200mV 0C Model Setup 'cycloneIII_3c120_niosII_standard_sopc_instance|the_tse_tx_pll|the_pll|altpll_component|auto_generated|pll1|clk[2]'
Slack : 3.074
TNS   : 0.000

Type  : Fast 1200mV 0C Model Setup 'cycloneIII_3c120_niosII_standard_sopc_instance|the_tse_tx_pll|the_pll|altpll_component|auto_generated|pll1|clk[0]'
Slack : 3.176
TNS   : 0.000

Type  : Fast 1200mV 0C Model Setup 'cycloneIII_3c120_niosII_standard_sopc_instance|the_ddr2_sdram|ddr2_sdram_controller_phy_inst|ddr2_sdram_phy_inst|ddr2_sdram_phy_alt_mem_phy_inst|clk|pll|altpll_component|auto_generated|pll1|clk[1]'
Slack : 3.417
TNS   : 0.000

Type  : Fast 1200mV 0C Model Setup 'cycloneIII_3c120_niosII_standard_sopc_instance|the_tse_pll|the_pll|altpll_component|auto_generated|pll1|clk[0]'
Slack : 3.553
TNS   : 0.000

Type  : Fast 1200mV 0C Model Setup 'cycloneIII_3c120_niosII_standard_sopc_instance|the_pll|the_pll|altpll_component|auto_generated|pll1|clk[0]'
Slack : 3.555
TNS   : 0.000

Type  : Fast 1200mV 0C Model Setup 'cycloneIII_3c120_niosII_standard_sopc_instance|the_ddr2_sdram|ddr2_sdram_controller_phy_inst|ddr2_sdram_phy_inst|ddr2_sdram_phy_ck_p_top_ddr2_ck_p[0]_ac_fall'
Slack : 3.621
TNS   : 0.000

Type  : Fast 1200mV 0C Model Setup 'cycloneIII_3c120_niosII_standard_sopc_instance|the_ddr2_sdram|ddr2_sdram_controller_phy_inst|ddr2_sdram_phy_inst|ddr2_sdram_phy_ck_n_top_ddr2_ck_n[0]_ac_fall'
Slack : 3.634
TNS   : 0.000

Type  : Fast 1200mV 0C Model Setup 'cycloneIII_3c120_niosII_standard_sopc_instance|the_ddr2_sdram|ddr2_sdram_controller_phy_inst|ddr2_sdram_phy_inst|ddr2_sdram_phy_alt_mem_phy_inst|clk|scan_clk|q_clock'
Slack : 4.098
TNS   : 0.000

Type  : Fast 1200mV 0C Model Setup 'cycloneIII_3c120_niosII_standard_sopc_instance|the_ddr2_sdram|ddr2_sdram_controller_phy_inst|ddr2_sdram_phy_inst|ddr2_sdram_phy_alt_mem_phy_inst|clk|pll|altpll_component|auto_generated|pll1|clk[4]'
Slack : 5.088
TNS   : 0.000

Type  : Fast 1200mV 0C Model Setup 'cycloneIII_3c120_niosII_standard_sopc_instance|the_pll|the_pll|altpll_component|auto_generated|pll1|clk[3]'
Slack : 5.339
TNS   : 0.000

Type  : Fast 1200mV 0C Model Setup 'top_rx_clk_to_the_tse_mac'
Slack : 6.533
TNS   : 0.000

Type  : Fast 1200mV 0C Model Setup 'top_clkin_125'
Slack : 7.462
TNS   : 0.000

Type  : Fast 1200mV 0C Model Setup 'cycloneIII_3c120_niosII_standard_sopc_instance|the_pll|the_pll|altpll_component|auto_generated|pll1|clk[2]'
Slack : 11.646
TNS   : 0.000

Type  : Fast 1200mV 0C Model Setup 'top_clkin_50'
Slack : 18.239
TNS   : 0.000

Type  : Fast 1200mV 0C Model Setup 'altera_reserved_tck'
Slack : 48.452
TNS   : 0.000

Type  : Fast 1200mV 0C Model Hold 'cycloneIII_3c120_niosII_standard_sopc_instance|the_pll|the_pll|altpll_component|auto_generated|pll1|clk[3]'
Slack : 0.094
TNS   : 0.000

Type  : Fast 1200mV 0C Model Hold 'cycloneIII_3c120_niosII_standard_sopc_instance|the_tse_tx_pll|the_pll|altpll_component|auto_generated|pll1|clk[0]'
Slack : 0.094
TNS   : 0.000

Type  : Fast 1200mV 0C Model Hold 'cycloneIII_3c120_niosII_standard_sopc_instance|the_tse_tx_pll|the_pll|altpll_component|auto_generated|pll1|clk[2]'
Slack : 0.094
TNS   : 0.000

Type  : Fast 1200mV 0C Model Hold 'cycloneIII_3c120_niosII_standard_sopc_instance|the_pll|the_pll|altpll_component|auto_generated|pll1|clk[0]'
Slack : 0.124
TNS   : 0.000

Type  : Fast 1200mV 0C Model Hold 'cycloneIII_3c120_niosII_standard_sopc_instance|the_tse_pll|the_pll|altpll_component|auto_generated|pll1|clk[0]'
Slack : 0.129
TNS   : 0.000

Type  : Fast 1200mV 0C Model Hold 'cycloneIII_3c120_niosII_standard_sopc_instance|the_ddr2_sdram|ddr2_sdram_controller_phy_inst|ddr2_sdram_phy_inst|ddr2_sdram_phy_alt_mem_phy_inst|clk|pll|altpll_component|auto_generated|pll1|clk[3]'
Slack : 0.140
TNS   : 0.000

Type  : Fast 1200mV 0C Model Hold 'cycloneIII_3c120_niosII_standard_sopc_instance|the_ddr2_sdram|ddr2_sdram_controller_phy_inst|ddr2_sdram_phy_inst|ddr2_sdram_phy_alt_mem_phy_inst|clk|pll|altpll_component|auto_generated|pll1|clk[1]'
Slack : 0.145
TNS   : 0.000

Type  : Fast 1200mV 0C Model Hold 'altera_reserved_tck'
Slack : 0.180
TNS   : 0.000

Type  : Fast 1200mV 0C Model Hold 'cycloneIII_3c120_niosII_standard_sopc_instance|the_ddr2_sdram|ddr2_sdram_controller_phy_inst|ddr2_sdram_phy_inst|ddr2_sdram_phy_alt_mem_phy_inst|clk|pll|altpll_component|auto_generated|pll1|clk[4]'
Slack : 0.181
TNS   : 0.000

Type  : Fast 1200mV 0C Model Hold 'cycloneIII_3c120_niosII_standard_sopc_instance|the_pll|the_pll|altpll_component|auto_generated|pll1|clk[2]'
Slack : 0.181
TNS   : 0.000

Type  : Fast 1200mV 0C Model Hold 'top_clkin_50'
Slack : 0.182
TNS   : 0.000

Type  : Fast 1200mV 0C Model Hold 'top_rx_clk_to_the_tse_mac'
Slack : 0.182
TNS   : 0.000

Type  : Fast 1200mV 0C Model Hold 'cycloneIII_3c120_niosII_standard_sopc_instance|the_ddr2_sdram|ddr2_sdram_controller_phy_inst|ddr2_sdram_phy_inst|ddr2_sdram_phy_alt_mem_phy_inst|clk|pll|altpll_component|auto_generated|pll1|clk[2]'
Slack : 0.187
TNS   : 0.000

Type  : Fast 1200mV 0C Model Hold 'cycloneIII_3c120_niosII_standard_sopc_instance|the_ddr2_sdram|ddr2_sdram_controller_phy_inst|ddr2_sdram_phy_inst|ddr2_sdram_phy_alt_mem_phy_inst|clk|scan_clk|q_clock'
Slack : 0.191
TNS   : 0.000

Type  : Fast 1200mV 0C Model Hold 'top_clkin_125'
Slack : 0.276
TNS   : 0.000

Type  : Fast 1200mV 0C Model Hold 'cycloneIII_3c120_niosII_standard_sopc_instance|the_ddr2_sdram|ddr2_sdram_controller_phy_inst|ddr2_sdram_phy_inst|ddr2_sdram_phy_ddr_mimic'
Slack : 0.811
TNS   : 0.000

Type  : Fast 1200mV 0C Model Hold 'cycloneIII_3c120_niosII_standard_sopc_instance|the_ddr2_sdram|ddr2_sdram_controller_phy_inst|ddr2_sdram_phy_inst|ddr2_sdram_phy_ck_n_top_ddr2_ck_n[0]_tDQSS'
Slack : 1.367
TNS   : 0.000

Type  : Fast 1200mV 0C Model Hold 'cycloneIII_3c120_niosII_standard_sopc_instance|the_ddr2_sdram|ddr2_sdram_controller_phy_inst|ddr2_sdram_phy_inst|ddr2_sdram_phy_ck_p_top_ddr2_ck_p[0]_tDQSS'
Slack : 1.371
TNS   : 0.000

Type  : Fast 1200mV 0C Model Hold 'cycloneIII_3c120_niosII_standard_sopc_instance|the_ddr2_sdram|ddr2_sdram_controller_phy_inst|ddr2_sdram_phy_inst|ddr2_sdram_phy_ck_n_top_ddr2_ck_n[0]_ac_fall'
Slack : 1.428
TNS   : 0.000

Type  : Fast 1200mV 0C Model Hold 'cycloneIII_3c120_niosII_standard_sopc_instance|the_ddr2_sdram|ddr2_sdram_controller_phy_inst|ddr2_sdram_phy_inst|ddr2_sdram_phy_ck_p_top_ddr2_ck_p[0]_ac_fall'
Slack : 1.432
TNS   : 0.000

Type  : Fast 1200mV 0C Model Hold 'cycloneIII_3c120_niosII_standard_sopc_instance|the_ddr2_sdram|ddr2_sdram_controller_phy_inst|ddr2_sdram_phy_inst|ddr2_sdram_phy_ck_n_top_ddr2_ck_n[0]_tDSS'
Slack : 1.684
TNS   : 0.000

Type  : Fast 1200mV 0C Model Hold 'cycloneIII_3c120_niosII_standard_sopc_instance|the_ddr2_sdram|ddr2_sdram_controller_phy_inst|ddr2_sdram_phy_inst|ddr2_sdram_phy_ck_p_top_ddr2_ck_p[0]_tDSS'
Slack : 1.688
TNS   : 0.000

Type  : Fast 1200mV 0C Model Recovery 'cycloneIII_3c120_niosII_standard_sopc_instance|the_ddr2_sdram|ddr2_sdram_controller_phy_inst|ddr2_sdram_phy_inst|ddr2_sdram_phy_alt_mem_phy_inst|clk|pll|altpll_component|auto_generated|pll1|clk[1]'
Slack : -2.360
TNS   : -150.712

Type  : Fast 1200mV 0C Model Recovery 'cycloneIII_3c120_niosII_standard_sopc_instance|the_pll|the_pll|altpll_component|auto_generated|pll1|clk[0]'
Slack : -0.893
TNS   : -55.647

Type  : Fast 1200mV 0C Model Recovery 'top_rx_clk_to_the_tse_mac'
Slack : 2.539
TNS   : 0.000

Type  : Fast 1200mV 0C Model Recovery 'top_clkin_50'
Slack : 2.940
TNS   : 0.000

Type  : Fast 1200mV 0C Model Recovery 'cycloneIII_3c120_niosII_standard_sopc_instance|the_ddr2_sdram|ddr2_sdram_controller_phy_inst|ddr2_sdram_phy_inst|ddr2_sdram_phy_alt_mem_phy_inst|clk|pll|altpll_component|auto_generated|pll1|clk[2]'
Slack : 4.025
TNS   : 0.000

Type  : Fast 1200mV 0C Model Recovery 'cycloneIII_3c120_niosII_standard_sopc_instance|the_tse_tx_pll|the_pll|altpll_component|auto_generated|pll1|clk[2]'
Slack : 4.668
TNS   : 0.000

Type  : Fast 1200mV 0C Model Recovery 'top_clkin_125'
Slack : 4.881
TNS   : 0.000

Type  : Fast 1200mV 0C Model Recovery 'cycloneIII_3c120_niosII_standard_sopc_instance|the_tse_pll|the_pll|altpll_component|auto_generated|pll1|clk[0]'
Slack : 5.315
TNS   : 0.000

Type  : Fast 1200mV 0C Model Recovery 'cycloneIII_3c120_niosII_standard_sopc_instance|the_ddr2_sdram|ddr2_sdram_controller_phy_inst|ddr2_sdram_phy_inst|ddr2_sdram_phy_alt_mem_phy_inst|clk|pll|altpll_component|auto_generated|pll1|clk[3]'
Slack : 5.403
TNS   : 0.000

Type  : Fast 1200mV 0C Model Recovery 'cycloneIII_3c120_niosII_standard_sopc_instance|the_ddr2_sdram|ddr2_sdram_controller_phy_inst|ddr2_sdram_phy_inst|ddr2_sdram_phy_alt_mem_phy_inst|clk|pll|altpll_component|auto_generated|pll1|clk[4]'
Slack : 5.625
TNS   : 0.000

Type  : Fast 1200mV 0C Model Recovery 'cycloneIII_3c120_niosII_standard_sopc_instance|the_ddr2_sdram|ddr2_sdram_controller_phy_inst|ddr2_sdram_phy_inst|ddr2_sdram_phy_alt_mem_phy_inst|clk|scan_clk|q_clock'
Slack : 10.076
TNS   : 0.000

Type  : Fast 1200mV 0C Model Recovery 'cycloneIII_3c120_niosII_standard_sopc_instance|the_pll|the_pll|altpll_component|auto_generated|pll1|clk[2]'
Slack : 14.551
TNS   : 0.000

Type  : Fast 1200mV 0C Model Recovery 'cycloneIII_3c120_niosII_standard_sopc_instance|the_tse_tx_pll|the_pll|altpll_component|auto_generated|pll1|clk[0]'
Slack : 36.668
TNS   : 0.000

Type  : Fast 1200mV 0C Model Recovery 'altera_reserved_tck'
Slack : 49.090
TNS   : 0.000

Type  : Fast 1200mV 0C Model Recovery 'cycloneIII_3c120_niosII_standard_sopc_instance|the_pll|the_pll|altpll_component|auto_generated|pll1|clk[3]'
Slack : 396.668
TNS   : 0.000

Type  : Fast 1200mV 0C Model Removal 'cycloneIII_3c120_niosII_standard_sopc_instance|the_pll|the_pll|altpll_component|auto_generated|pll1|clk[0]'
Slack : 0.286
TNS   : 0.000

Type  : Fast 1200mV 0C Model Removal 'cycloneIII_3c120_niosII_standard_sopc_instance|the_ddr2_sdram|ddr2_sdram_controller_phy_inst|ddr2_sdram_phy_inst|ddr2_sdram_phy_alt_mem_phy_inst|clk|pll|altpll_component|auto_generated|pll1|clk[1]'
Slack : 0.482
TNS   : 0.000

Type  : Fast 1200mV 0C Model Removal 'cycloneIII_3c120_niosII_standard_sopc_instance|the_pll|the_pll|altpll_component|auto_generated|pll1|clk[2]'
Slack : 0.482
TNS   : 0.000

Type  : Fast 1200mV 0C Model Removal 'cycloneIII_3c120_niosII_standard_sopc_instance|the_tse_pll|the_pll|altpll_component|auto_generated|pll1|clk[0]'
Slack : 0.484
TNS   : 0.000

Type  : Fast 1200mV 0C Model Removal 'top_clkin_50'
Slack : 0.485
TNS   : 0.000

Type  : Fast 1200mV 0C Model Removal 'top_rx_clk_to_the_tse_mac'
Slack : 0.485
TNS   : 0.000

Type  : Fast 1200mV 0C Model Removal 'altera_reserved_tck'
Slack : 0.500
TNS   : 0.000

Type  : Fast 1200mV 0C Model Removal 'cycloneIII_3c120_niosII_standard_sopc_instance|the_ddr2_sdram|ddr2_sdram_controller_phy_inst|ddr2_sdram_phy_inst|ddr2_sdram_phy_alt_mem_phy_inst|clk|pll|altpll_component|auto_generated|pll1|clk[4]'
Slack : 0.565
TNS   : 0.000

Type  : Fast 1200mV 0C Model Removal 'cycloneIII_3c120_niosII_standard_sopc_instance|the_ddr2_sdram|ddr2_sdram_controller_phy_inst|ddr2_sdram_phy_inst|ddr2_sdram_phy_alt_mem_phy_inst|clk|pll|altpll_component|auto_generated|pll1|clk[3]'
Slack : 0.759
TNS   : 0.000

Type  : Fast 1200mV 0C Model Removal 'cycloneIII_3c120_niosII_standard_sopc_instance|the_pll|the_pll|altpll_component|auto_generated|pll1|clk[3]'
Slack : 0.811
TNS   : 0.000

Type  : Fast 1200mV 0C Model Removal 'cycloneIII_3c120_niosII_standard_sopc_instance|the_tse_tx_pll|the_pll|altpll_component|auto_generated|pll1|clk[0]'
Slack : 0.811
TNS   : 0.000

Type  : Fast 1200mV 0C Model Removal 'cycloneIII_3c120_niosII_standard_sopc_instance|the_tse_tx_pll|the_pll|altpll_component|auto_generated|pll1|clk[2]'
Slack : 0.811
TNS   : 0.000

Type  : Fast 1200mV 0C Model Removal 'cycloneIII_3c120_niosII_standard_sopc_instance|the_ddr2_sdram|ddr2_sdram_controller_phy_inst|ddr2_sdram_phy_inst|ddr2_sdram_phy_alt_mem_phy_inst|clk|pll|altpll_component|auto_generated|pll1|clk[2]'
Slack : 1.290
TNS   : 0.000

Type  : Fast 1200mV 0C Model Removal 'cycloneIII_3c120_niosII_standard_sopc_instance|the_ddr2_sdram|ddr2_sdram_controller_phy_inst|ddr2_sdram_phy_inst|ddr2_sdram_phy_alt_mem_phy_inst|clk|scan_clk|q_clock'
Slack : 2.053
TNS   : 0.000

Type  : Fast 1200mV 0C Model Removal 'top_clkin_125'
Slack : 2.582
TNS   : 0.000

Type  : Fast 1200mV 0C Model Minimum Pulse Width 'cycloneIII_3c120_niosII_standard_sopc_instance|the_ddr2_sdram|ddr2_sdram_controller_phy_inst|ddr2_sdram_phy_inst|ddr2_sdram_phy_alt_mem_phy_inst|clk|pll|altpll_component|auto_generated|pll1|clk[1]'
Slack : 3.010
TNS   : 0.000

Type  : Fast 1200mV 0C Model Minimum Pulse Width 'cycloneIII_3c120_niosII_standard_sopc_instance|the_ddr2_sdram|ddr2_sdram_controller_phy_inst|ddr2_sdram_phy_inst|ddr2_sdram_phy_alt_mem_phy_inst|clk|pll|altpll_component|auto_generated|pll1|clk[3]'
Slack : 3.011
TNS   : 0.000

Type  : Fast 1200mV 0C Model Minimum Pulse Width 'cycloneIII_3c120_niosII_standard_sopc_instance|the_ddr2_sdram|ddr2_sdram_controller_phy_inst|ddr2_sdram_phy_inst|ddr2_sdram_phy_dq_3'
Slack : 3.021
TNS   : 0.000

Type  : Fast 1200mV 0C Model Minimum Pulse Width 'cycloneIII_3c120_niosII_standard_sopc_instance|the_ddr2_sdram|ddr2_sdram_controller_phy_inst|ddr2_sdram_phy_inst|ddr2_sdram_phy_dq_1'
Slack : 3.022
TNS   : 0.000

Type  : Fast 1200mV 0C Model Minimum Pulse Width 'cycloneIII_3c120_niosII_standard_sopc_instance|the_ddr2_sdram|ddr2_sdram_controller_phy_inst|ddr2_sdram_phy_inst|ddr2_sdram_phy_dq_10'
Slack : 3.022
TNS   : 0.000

Type  : Fast 1200mV 0C Model Minimum Pulse Width 'cycloneIII_3c120_niosII_standard_sopc_instance|the_ddr2_sdram|ddr2_sdram_controller_phy_inst|ddr2_sdram_phy_inst|ddr2_sdram_phy_dq_11'
Slack : 3.022
TNS   : 0.000

Type  : Fast 1200mV 0C Model Minimum Pulse Width 'cycloneIII_3c120_niosII_standard_sopc_instance|the_ddr2_sdram|ddr2_sdram_controller_phy_inst|ddr2_sdram_phy_inst|ddr2_sdram_phy_dq_12'
Slack : 3.022
TNS   : 0.000

Type  : Fast 1200mV 0C Model Minimum Pulse Width 'cycloneIII_3c120_niosII_standard_sopc_instance|the_ddr2_sdram|ddr2_sdram_controller_phy_inst|ddr2_sdram_phy_inst|ddr2_sdram_phy_dq_13'
Slack : 3.022
TNS   : 0.000

Type  : Fast 1200mV 0C Model Minimum Pulse Width 'cycloneIII_3c120_niosII_standard_sopc_instance|the_ddr2_sdram|ddr2_sdram_controller_phy_inst|ddr2_sdram_phy_inst|ddr2_sdram_phy_dq_14'
Slack : 3.022
TNS   : 0.000

Type  : Fast 1200mV 0C Model Minimum Pulse Width 'cycloneIII_3c120_niosII_standard_sopc_instance|the_ddr2_sdram|ddr2_sdram_controller_phy_inst|ddr2_sdram_phy_inst|ddr2_sdram_phy_dq_16'
Slack : 3.022
TNS   : 0.000

Type  : Fast 1200mV 0C Model Minimum Pulse Width 'cycloneIII_3c120_niosII_standard_sopc_instance|the_ddr2_sdram|ddr2_sdram_controller_phy_inst|ddr2_sdram_phy_inst|ddr2_sdram_phy_dq_17'
Slack : 3.022
TNS   : 0.000

Type  : Fast 1200mV 0C Model Minimum Pulse Width 'cycloneIII_3c120_niosII_standard_sopc_instance|the_ddr2_sdram|ddr2_sdram_controller_phy_inst|ddr2_sdram_phy_inst|ddr2_sdram_phy_dq_4'
Slack : 3.022
TNS   : 0.000

Type  : Fast 1200mV 0C Model Minimum Pulse Width 'cycloneIII_3c120_niosII_standard_sopc_instance|the_ddr2_sdram|ddr2_sdram_controller_phy_inst|ddr2_sdram_phy_inst|ddr2_sdram_phy_dq_7'
Slack : 3.022
TNS   : 0.000

Type  : Fast 1200mV 0C Model Minimum Pulse Width 'cycloneIII_3c120_niosII_standard_sopc_instance|the_ddr2_sdram|ddr2_sdram_controller_phy_inst|ddr2_sdram_phy_inst|ddr2_sdram_phy_dq_8'
Slack : 3.022
TNS   : 0.000

Type  : Fast 1200mV 0C Model Minimum Pulse Width 'cycloneIII_3c120_niosII_standard_sopc_instance|the_ddr2_sdram|ddr2_sdram_controller_phy_inst|ddr2_sdram_phy_inst|ddr2_sdram_phy_alt_mem_phy_inst|clk|pll|altpll_component|auto_generated|pll1|clk[2]'
Slack : 3.023
TNS   : 0.000

Type  : Fast 1200mV 0C Model Minimum Pulse Width 'cycloneIII_3c120_niosII_standard_sopc_instance|the_ddr2_sdram|ddr2_sdram_controller_phy_inst|ddr2_sdram_phy_inst|ddr2_sdram_phy_alt_mem_phy_inst|clk|pll|altpll_component|auto_generated|pll1|clk[4]'
Slack : 3.023
TNS   : 0.000

Type  : Fast 1200mV 0C Model Minimum Pulse Width 'cycloneIII_3c120_niosII_standard_sopc_instance|the_ddr2_sdram|ddr2_sdram_controller_phy_inst|ddr2_sdram_phy_inst|ddr2_sdram_phy_dq_15'
Slack : 3.023
TNS   : 0.000

Type  : Fast 1200mV 0C Model Minimum Pulse Width 'cycloneIII_3c120_niosII_standard_sopc_instance|the_ddr2_sdram|ddr2_sdram_controller_phy_inst|ddr2_sdram_phy_inst|ddr2_sdram_phy_dq_2'
Slack : 3.023
TNS   : 0.000

Type  : Fast 1200mV 0C Model Minimum Pulse Width 'cycloneIII_3c120_niosII_standard_sopc_instance|the_ddr2_sdram|ddr2_sdram_controller_phy_inst|ddr2_sdram_phy_inst|ddr2_sdram_phy_dq_5'
Slack : 3.023
TNS   : 0.000

Type  : Fast 1200mV 0C Model Minimum Pulse Width 'cycloneIII_3c120_niosII_standard_sopc_instance|the_ddr2_sdram|ddr2_sdram_controller_phy_inst|ddr2_sdram_phy_inst|ddr2_sdram_phy_dq_6'
Slack : 3.023
TNS   : 0.000

Type  : Fast 1200mV 0C Model Minimum Pulse Width 'cycloneIII_3c120_niosII_standard_sopc_instance|the_ddr2_sdram|ddr2_sdram_controller_phy_inst|ddr2_sdram_phy_inst|ddr2_sdram_phy_ddr_capture'
Slack : 3.028
TNS   : 0.000

Type  : Fast 1200mV 0C Model Minimum Pulse Width 'cycloneIII_3c120_niosII_standard_sopc_instance|the_ddr2_sdram|ddr2_sdram_controller_phy_inst|ddr2_sdram_phy_inst|ddr2_sdram_phy_ddr_mimic'
Slack : 3.028
TNS   : 0.000

Type  : Fast 1200mV 0C Model Minimum Pulse Width 'cycloneIII_3c120_niosII_standard_sopc_instance|the_ddr2_sdram|ddr2_sdram_controller_phy_inst|ddr2_sdram_phy_inst|ddr2_sdram_phy_dq_19'
Slack : 3.033
TNS   : 0.000

Type  : Fast 1200mV 0C Model Minimum Pulse Width 'cycloneIII_3c120_niosII_standard_sopc_instance|the_ddr2_sdram|ddr2_sdram_controller_phy_inst|ddr2_sdram_phy_inst|ddr2_sdram_phy_dq_23'
Slack : 3.033
TNS   : 0.000

Type  : Fast 1200mV 0C Model Minimum Pulse Width 'cycloneIII_3c120_niosII_standard_sopc_instance|the_ddr2_sdram|ddr2_sdram_controller_phy_inst|ddr2_sdram_phy_inst|ddr2_sdram_phy_dq_24'
Slack : 3.033
TNS   : 0.000

Type  : Fast 1200mV 0C Model Minimum Pulse Width 'cycloneIII_3c120_niosII_standard_sopc_instance|the_ddr2_sdram|ddr2_sdram_controller_phy_inst|ddr2_sdram_phy_inst|ddr2_sdram_phy_dq_32'
Slack : 3.033
TNS   : 0.000

Type  : Fast 1200mV 0C Model Minimum Pulse Width 'cycloneIII_3c120_niosII_standard_sopc_instance|the_ddr2_sdram|ddr2_sdram_controller_phy_inst|ddr2_sdram_phy_inst|ddr2_sdram_phy_dq_18'
Slack : 3.034
TNS   : 0.000

Type  : Fast 1200mV 0C Model Minimum Pulse Width 'cycloneIII_3c120_niosII_standard_sopc_instance|the_ddr2_sdram|ddr2_sdram_controller_phy_inst|ddr2_sdram_phy_inst|ddr2_sdram_phy_dq_20'
Slack : 3.034
TNS   : 0.000

Type  : Fast 1200mV 0C Model Minimum Pulse Width 'cycloneIII_3c120_niosII_standard_sopc_instance|the_ddr2_sdram|ddr2_sdram_controller_phy_inst|ddr2_sdram_phy_inst|ddr2_sdram_phy_dq_21'
Slack : 3.034
TNS   : 0.000

Type  : Fast 1200mV 0C Model Minimum Pulse Width 'cycloneIII_3c120_niosII_standard_sopc_instance|the_ddr2_sdram|ddr2_sdram_controller_phy_inst|ddr2_sdram_phy_inst|ddr2_sdram_phy_dq_22'
Slack : 3.034
TNS   : 0.000

Type  : Fast 1200mV 0C Model Minimum Pulse Width 'cycloneIII_3c120_niosII_standard_sopc_instance|the_ddr2_sdram|ddr2_sdram_controller_phy_inst|ddr2_sdram_phy_inst|ddr2_sdram_phy_dq_26'
Slack : 3.034
TNS   : 0.000

Type  : Fast 1200mV 0C Model Minimum Pulse Width 'cycloneIII_3c120_niosII_standard_sopc_instance|the_ddr2_sdram|ddr2_sdram_controller_phy_inst|ddr2_sdram_phy_inst|ddr2_sdram_phy_dq_27'
Slack : 3.034
TNS   : 0.000

Type  : Fast 1200mV 0C Model Minimum Pulse Width 'cycloneIII_3c120_niosII_standard_sopc_instance|the_ddr2_sdram|ddr2_sdram_controller_phy_inst|ddr2_sdram_phy_inst|ddr2_sdram_phy_dq_28'
Slack : 3.034
TNS   : 0.000

Type  : Fast 1200mV 0C Model Minimum Pulse Width 'cycloneIII_3c120_niosII_standard_sopc_instance|the_ddr2_sdram|ddr2_sdram_controller_phy_inst|ddr2_sdram_phy_inst|ddr2_sdram_phy_dq_29'
Slack : 3.034
TNS   : 0.000

Type  : Fast 1200mV 0C Model Minimum Pulse Width 'cycloneIII_3c120_niosII_standard_sopc_instance|the_ddr2_sdram|ddr2_sdram_controller_phy_inst|ddr2_sdram_phy_inst|ddr2_sdram_phy_dq_30'
Slack : 3.034
TNS   : 0.000

Type  : Fast 1200mV 0C Model Minimum Pulse Width 'cycloneIII_3c120_niosII_standard_sopc_instance|the_ddr2_sdram|ddr2_sdram_controller_phy_inst|ddr2_sdram_phy_inst|ddr2_sdram_phy_dq_31'
Slack : 3.034
TNS   : 0.000

Type  : Fast 1200mV 0C Model Minimum Pulse Width 'cycloneIII_3c120_niosII_standard_sopc_instance|the_ddr2_sdram|ddr2_sdram_controller_phy_inst|ddr2_sdram_phy_inst|ddr2_sdram_phy_dq_9'
Slack : 3.034
TNS   : 0.000

Type  : Fast 1200mV 0C Model Minimum Pulse Width 'cycloneIII_3c120_niosII_standard_sopc_instance|the_ddr2_sdram|ddr2_sdram_controller_phy_inst|ddr2_sdram_phy_inst|ddr2_sdram_phy_dq_25'
Slack : 3.035
TNS   : 0.000

Type  : Fast 1200mV 0C Model Minimum Pulse Width 'cycloneIII_3c120_niosII_standard_sopc_instance|the_ddr2_sdram|ddr2_sdram_controller_phy_inst|ddr2_sdram_phy_inst|ddr2_sdram_phy_ck_n_top_ddr2_ck_n[0]_ac_fall'
Slack : 3.167
TNS   : 0.000

Type  : Fast 1200mV 0C Model Minimum Pulse Width 'cycloneIII_3c120_niosII_standard_sopc_instance|the_ddr2_sdram|ddr2_sdram_controller_phy_inst|ddr2_sdram_phy_inst|ddr2_sdram_phy_ck_n_top_ddr2_ck_n[0]_ac_rise'
Slack : 3.167
TNS   : 0.000

Type  : Fast 1200mV 0C Model Minimum Pulse Width 'cycloneIII_3c120_niosII_standard_sopc_instance|the_ddr2_sdram|ddr2_sdram_controller_phy_inst|ddr2_sdram_phy_inst|ddr2_sdram_phy_ck_n_top_ddr2_ck_n[0]_tDQSS'
Slack : 3.167
TNS   : 0.000

Type  : Fast 1200mV 0C Model Minimum Pulse Width 'cycloneIII_3c120_niosII_standard_sopc_instance|the_ddr2_sdram|ddr2_sdram_controller_phy_inst|ddr2_sdram_phy_inst|ddr2_sdram_phy_ck_n_top_ddr2_ck_n[0]_tDSS'
Slack : 3.167
TNS   : 0.000

Type  : Fast 1200mV 0C Model Minimum Pulse Width 'cycloneIII_3c120_niosII_standard_sopc_instance|the_ddr2_sdram|ddr2_sdram_controller_phy_inst|ddr2_sdram_phy_inst|ddr2_sdram_phy_ck_p_top_ddr2_ck_p[0]_ac_fall'
Slack : 3.167
TNS   : 0.000

Type  : Fast 1200mV 0C Model Minimum Pulse Width 'cycloneIII_3c120_niosII_standard_sopc_instance|the_ddr2_sdram|ddr2_sdram_controller_phy_inst|ddr2_sdram_phy_inst|ddr2_sdram_phy_ck_p_top_ddr2_ck_p[0]_ac_rise'
Slack : 3.167
TNS   : 0.000

Type  : Fast 1200mV 0C Model Minimum Pulse Width 'cycloneIII_3c120_niosII_standard_sopc_instance|the_ddr2_sdram|ddr2_sdram_controller_phy_inst|ddr2_sdram_phy_inst|ddr2_sdram_phy_ck_p_top_ddr2_ck_p[0]_tDQSS'
Slack : 3.167
TNS   : 0.000

Type  : Fast 1200mV 0C Model Minimum Pulse Width 'cycloneIII_3c120_niosII_standard_sopc_instance|the_ddr2_sdram|ddr2_sdram_controller_phy_inst|ddr2_sdram_phy_inst|ddr2_sdram_phy_ck_p_top_ddr2_ck_p[0]_tDSS'
Slack : 3.167
TNS   : 0.000

Type  : Fast 1200mV 0C Model Minimum Pulse Width 'cycloneIII_3c120_niosII_standard_sopc_instance|the_ddr2_sdram|ddr2_sdram_controller_phy_inst|ddr2_sdram_phy_inst|ddr2_sdram_phy_top_ddr2_ck_p[0]_mimic_launch_clock'
Slack : 3.167
TNS   : 0.000

Type  : Fast 1200mV 0C Model Minimum Pulse Width 'cycloneIII_3c120_niosII_standard_sopc_instance|the_tse_tx_pll|the_pll|altpll_component|auto_generated|pll1|clk[2]'
Slack : 3.610
TNS   : 0.000

Type  : Fast 1200mV 0C Model Minimum Pulse Width 'cycloneIII_3c120_niosII_standard_sopc_instance|the_tse_tx_pll|the_pll|altpll_component|auto_generated|pll1|clk[3]'
Slack : 3.672
TNS   : 0.000

Type  : Fast 1200mV 0C Model Minimum Pulse Width 'cycloneIII_3c120_niosII_standard_sopc_instance|the_tse_pll|the_pll|altpll_component|auto_generated|pll1|clk[0]'
Slack : 3.752
TNS   : 0.000

Type  : Fast 1200mV 0C Model Minimum Pulse Width 'top_clkin_125'
Slack : 3.767
TNS   : 0.000

Type  : Fast 1200mV 0C Model Minimum Pulse Width 'top_rx_clk_to_the_tse_mac'
Slack : 3.798
TNS   : 0.000

Type  : Fast 1200mV 0C Model Minimum Pulse Width 'cycloneIII_3c120_niosII_standard_sopc_instance|the_pll|the_pll|altpll_component|auto_generated|pll1|clk[0]'
Slack : 4.756
TNS   : 0.000

Type  : Fast 1200mV 0C Model Minimum Pulse Width 'cycloneIII_3c120_niosII_standard_sopc_instance|the_ddr2_sdram|ddr2_sdram_controller_phy_inst|ddr2_sdram_phy_inst|ddr2_sdram_phy_alt_mem_phy_inst|clk|scan_clk|q_clock'
Slack : 5.425
TNS   : 0.000

Type  : Fast 1200mV 0C Model Minimum Pulse Width 'cycloneIII_3c120_niosII_standard_sopc_instance|the_pll|the_pll|altpll_component|auto_generated|pll1|clk[2]'
Slack : 8.091
TNS   : 0.000

Type  : Fast 1200mV 0C Model Minimum Pulse Width 'top_clkin_50'
Slack : 9.796
TNS   : 0.000

Type  : Fast 1200mV 0C Model Minimum Pulse Width 'cycloneIII_3c120_niosII_standard_sopc_instance|the_tse_tx_pll|the_pll|altpll_component|auto_generated|pll1|clk[1]'
Slack : 19.630
TNS   : 0.000

Type  : Fast 1200mV 0C Model Minimum Pulse Width 'cycloneIII_3c120_niosII_standard_sopc_instance|the_tse_tx_pll|the_pll|altpll_component|auto_generated|pll1|clk[0]'
Slack : 19.637
TNS   : 0.000

Type  : Fast 1200mV 0C Model Minimum Pulse Width 'altera_reserved_tck'
Slack : 49.476
TNS   : 0.000

Type  : Fast 1200mV 0C Model Minimum Pulse Width 'cycloneIII_3c120_niosII_standard_sopc_instance|the_pll|the_pll|altpll_component|auto_generated|pll1|clk[3]'
Slack : 199.649
TNS   : 0.000

Type  : Fast 1200mV 0C Model Minimum Pulse Width 'cycloneIII_3c120_niosII_standard_sopc_instance|the_pll|the_pll|altpll_component|auto_generated|pll1|clk[4]'
Slack : 199.666
TNS   : 0.000

------------------------------------------------------------
