Archive member included because of file (symbol)

c:/altera/11.1/nios2eds/bin/gnu/h-i686-mingw32/bin/../lib/gcc/nios2-elf/4.1.2\libgcc.a(lib2-divmod.o)
                              obj/default/src/flash_utilities/flash_utilities.o (__divsi3)
c:/altera/11.1/nios2eds/bin/gnu/h-i686-mingw32/bin/../lib/gcc/nios2-elf/4.1.2/../../../../nios2-elf/lib\libc.a(lib_a-atoi.o)
                              obj/default/src/webserver.o (atoi)
c:/altera/11.1/nios2eds/bin/gnu/h-i686-mingw32/bin/../lib/gcc/nios2-elf/4.1.2/../../../../nios2-elf/lib\libc.a(lib_a-calloc.o)
                              obj/default/src/webserver.o (calloc)
c:/altera/11.1/nios2eds/bin/gnu/h-i686-mingw32/bin/../lib/gcc/nios2-elf/4.1.2/../../../../nios2-elf/lib\libc.a(lib_a-callocr.o)
                              c:/altera/11.1/nios2eds/bin/gnu/h-i686-mingw32/bin/../lib/gcc/nios2-elf/4.1.2/../../../../nios2-elf/lib\libc.a(lib_a-calloc.o) (_calloc_r)
c:/altera/11.1/nios2eds/bin/gnu/h-i686-mingw32/bin/../lib/gcc/nios2-elf/4.1.2/../../../../nios2-elf/lib\libc.a(lib_a-ctype_.o)
                              obj/default/src/webserver.o (__ctype_ptr)
c:/altera/11.1/nios2eds/bin/gnu/h-i686-mingw32/bin/../lib/gcc/nios2-elf/4.1.2/../../../../nios2-elf/lib\libc.a(lib_a-fclose.o)
                              obj/default/src/main.o (fclose)
c:/altera/11.1/nios2eds/bin/gnu/h-i686-mingw32/bin/../lib/gcc/nios2-elf/4.1.2/../../../../nios2-elf/lib\libc.a(lib_a-fflush.o)
                              c:/altera/11.1/nios2eds/bin/gnu/h-i686-mingw32/bin/../lib/gcc/nios2-elf/4.1.2/../../../../nios2-elf/lib\libc.a(lib_a-fclose.o) (_fflush_r)
c:/altera/11.1/nios2eds/bin/gnu/h-i686-mingw32/bin/../lib/gcc/nios2-elf/4.1.2/../../../../nios2-elf/lib\libc.a(lib_a-fgetpos.o)
                              obj/default/src/webserver.o (fgetpos)
c:/altera/11.1/nios2eds/bin/gnu/h-i686-mingw32/bin/../lib/gcc/nios2-elf/4.1.2/../../../../nios2-elf/lib\libc.a(lib_a-findfp.o)
                              c:/altera/11.1/nios2eds/bin/gnu/h-i686-mingw32/bin/../lib/gcc/nios2-elf/4.1.2/../../../../nios2-elf/lib\libc.a(lib_a-fclose.o) (__sfp_lock_acquire)
c:/altera/11.1/nios2eds/bin/gnu/h-i686-mingw32/bin/../lib/gcc/nios2-elf/4.1.2/../../../../nios2-elf/lib\libc.a(lib_a-fopen.o)
                              obj/default/src/main.o (fopen)
c:/altera/11.1/nios2eds/bin/gnu/h-i686-mingw32/bin/../lib/gcc/nios2-elf/4.1.2/../../../../nios2-elf/lib\libc.a(lib_a-fread.o)
                              obj/default/src/webserver.o (fread)
c:/altera/11.1/nios2eds/bin/gnu/h-i686-mingw32/bin/../lib/gcc/nios2-elf/4.1.2/../../../../nios2-elf/lib\libc.a(lib_a-freer.o)
                              c:/altera/11.1/nios2eds/bin/gnu/h-i686-mingw32/bin/../lib/gcc/nios2-elf/4.1.2/../../../../nios2-elf/lib\libc.a(lib_a-fclose.o) (_free_r)
c:/altera/11.1/nios2eds/bin/gnu/h-i686-mingw32/bin/../lib/gcc/nios2-elf/4.1.2/../../../../nios2-elf/lib\libc.a(lib_a-fseek.o)
                              c:/altera/11.1/nios2eds/bin/gnu/h-i686-mingw32/bin/../lib/gcc/nios2-elf/4.1.2/../../../../nios2-elf/lib\libc.a(lib_a-fopen.o) (_fseek_r)
c:/altera/11.1/nios2eds/bin/gnu/h-i686-mingw32/bin/../lib/gcc/nios2-elf/4.1.2/../../../../nios2-elf/lib\libc.a(lib_a-fstatr.o)
                              c:/altera/11.1/nios2eds/bin/gnu/h-i686-mingw32/bin/../lib/gcc/nios2-elf/4.1.2/../../../../nios2-elf/lib\libc.a(lib_a-fseek.o) (_fstat_r)
c:/altera/11.1/nios2eds/bin/gnu/h-i686-mingw32/bin/../lib/gcc/nios2-elf/4.1.2/../../../../nios2-elf/lib\libc.a(lib_a-ftell.o)
                              c:/altera/11.1/nios2eds/bin/gnu/h-i686-mingw32/bin/../lib/gcc/nios2-elf/4.1.2/../../../../nios2-elf/lib\libc.a(lib_a-fgetpos.o) (_ftell_r)
c:/altera/11.1/nios2eds/bin/gnu/h-i686-mingw32/bin/../lib/gcc/nios2-elf/4.1.2/../../../../nios2-elf/lib\libc.a(lib_a-fwalk.o)
                              c:/altera/11.1/nios2eds/bin/gnu/h-i686-mingw32/bin/../lib/gcc/nios2-elf/4.1.2/../../../../nios2-elf/lib\libc.a(lib_a-fflush.o) (_fwalk_reent)
c:/altera/11.1/nios2eds/bin/gnu/h-i686-mingw32/bin/../lib/gcc/nios2-elf/4.1.2/../../../../nios2-elf/lib\libc.a(lib_a-fwrite.o)
                              obj/default/src/main.o (fwrite)
c:/altera/11.1/nios2eds/bin/gnu/h-i686-mingw32/bin/../lib/gcc/nios2-elf/4.1.2/../../../../nios2-elf/lib\libc.a(lib_a-getc.o)
                              obj/default/src/webserver.o (getc)
c:/altera/11.1/nios2eds/bin/gnu/h-i686-mingw32/bin/../lib/gcc/nios2-elf/4.1.2/../../../../nios2-elf/lib\libc.a(lib_a-impure.o)
                              obj/default/src/os_utils.o (_impure_ptr)
c:/altera/11.1/nios2eds/bin/gnu/h-i686-mingw32/bin/../lib/gcc/nios2-elf/4.1.2/../../../../nios2-elf/lib\libc.a(lib_a-int_errno.o)
                              c:/altera/11.1/nios2eds/bin/gnu/h-i686-mingw32/bin/../lib/gcc/nios2-elf/4.1.2/../../../../nios2-elf/lib\libc.a(lib_a-fstatr.o) (errno)
[...]
Memory Configuration

Name             Origin             Length             Attributes
ssram_BEFORE_EXCEPTION 0x00000000         0x00000120
ssram            0x00000120         0x007ffee0
descriptor_memory 0x00800000         0x00001000
ext_flash_BEFORE_RESET 0x08000000         0x01180000
reset            0x09180000         0x00000020
ext_flash        0x09180020         0x02e7ffe0
*default*        0x00000000         0xffffffff

Linker script and memory map

LOAD ../../bsp/ucosii_net_rozipfs//obj/HAL/src/crt0.o
LOAD obj/default/src/flash_utilities/flash_utilities.o
LOAD obj/default/src/main.o
LOAD obj/default/src/os_utils.o
LOAD obj/default/src/reconfig_utils.o
LOAD obj/default/src/srec/srec.o
LOAD obj/default/src/webserver.o
LOAD c:/altera/11.1/nios2eds/bin/gnu/h-i686-mingw32/bin/../lib/gcc/nios2-elf/4.1.2/../../../../nios2-elf/lib\libstdc++.a
LOAD c:/altera/11.1/nios2eds/bin/gnu/h-i686-mingw32/bin/../lib/gcc/nios2-elf/4.1.2/../../../../nios2-elf/lib\libm.a
LOAD c:/altera/11.1/nios2eds/bin/gnu/h-i686-mingw32/bin/../lib/gcc/nios2-elf/4.1.2\libgcc.a
START GROUP
LOAD c:/altera/11.1/nios2eds/bin/gnu/h-i686-mingw32/bin/../lib/gcc/nios2-elf/4.1.2/../../../../nios2-elf/lib\libc.a
LOAD c:/altera/11.1/nios2eds/bin/gnu/h-i686-mingw32/bin/../lib/gcc/nios2-elf/4.1.2\libgcc.a
LOAD ../../bsp/ucosii_net_rozipfs/\libucosii_bsp.a
END GROUP
LOAD c:/altera/11.1/nios2eds/bin/gnu/h-i686-mingw32/bin/../lib/gcc/nios2-elf/4.1.2\libgcc.a
                0x00000000                __alt_mem_ssram = 0x0
                0x00800000                __alt_mem_descriptor_memory = 0x800000
                0x08000000                __alt_mem_ext_flash = 0x8000000

.entry          0x09180000        0x0
 *(.entry)
 .entry         0x09180000        0x0 ../../bsp/ucosii_net_rozipfs//obj/HAL/src/crt0.o
                0x09180000                __reset

.exceptions     0x00000120      0x19c
                0x00000120                PROVIDE (__ram_exceptions_start, ABSOLUTE (.))
                0x00000120                . = ALIGN (0x20)
 *(.irq)
 *(.exceptions.entry.label)
 .exceptions.entry.label
                0x00000120        0x0 ../../bsp/ucosii_net_rozipfs/\libucosii_bsp.a(alt_irq_entry.o)
                0x00000120                alt_irq_entry
 .exceptions.entry.label
                0x00000120        0x0 ../../bsp/ucosii_net_rozipfs/\libucosii_bsp.a(alt_exception_entry.o)
                0x00000120                alt_exception
 *(.exceptions.entry.user)
 *(.exceptions.entry)
 .exceptions.entry
                0x00000120       0x54 ../../bsp/ucosii_net_rozipfs/\libucosii_bsp.a(alt_exception_entry.o)
 *(.exceptions.irqtest.user)
 *(.exceptions.irqtest)
 .exceptions.irqtest
                0x00000174       0x10 ../../bsp/ucosii_net_rozipfs/\libucosii_bsp.a(alt_irq_entry.o)
 *(.exceptions.irqhandler.user)
 *(.exceptions.irqhandler)
 .exceptions.irqhandler
                0x00000184        0x4 ../../bsp/ucosii_net_rozipfs/\libucosii_bsp.a(alt_irq_entry.o)
 *(.exceptions.irqreturn.user)
 *(.exceptions.irqreturn)
 .exceptions.irqreturn
                0x00000188        0x4 ../../bsp/ucosii_net_rozipfs/\libucosii_bsp.a(alt_irq_entry.o)
 *(.exceptions.notirq.label)
 .exceptions.notirq.label
                0x0000018c        0x0 ../../bsp/ucosii_net_rozipfs/\libucosii_bsp.a(alt_irq_entry.o)
 *(.exceptions.notirq.user)
 *(.exceptions.notirq)
 .exceptions.notirq
                0x0000018c        0x8 ../../bsp/ucosii_net_rozipfs/\libucosii_bsp.a(alt_exception_entry.o)
 *(.exceptions.soft.user)
 *(.exceptions.soft)
 *(.exceptions.unknown.user)
 *(.exceptions.unknown)
 .exceptions.unknown
                0x00000194        0x4 ../../bsp/ucosii_net_rozipfs/\libucosii_bsp.a(alt_exception_entry.o)
 *(.exceptions.exit.label)
 .exceptions.exit.label
                0x00000198        0x0 ../../bsp/ucosii_net_rozipfs/\libucosii_bsp.a(alt_irq_entry.o)
 .exceptions.exit.label
                0x00000198        0x0 ../../bsp/ucosii_net_rozipfs/\libucosii_bsp.a(alt_exception_entry.o)
 *(.exceptions.exit.user)
 *(.exceptions.exit)
 .exceptions.exit
                0x00000198       0x54 ../../bsp/ucosii_net_rozipfs/\libucosii_bsp.a(alt_exception_entry.o)
 *(.exceptions)
 .exceptions    0x000001ec       0xd0 ../../bsp/ucosii_net_rozipfs/\libucosii_bsp.a(alt_irq_handler.o)
                0x000001ec                alt_irq_handler
                0x000002bc                PROVIDE (__ram_exceptions_end, ABSOLUTE (.))
                0x00000120                PROVIDE (__flash_exceptions_start, LOADADDR (.exceptions))

.text           0x000002bc    0x525f8
                0x000002bc                PROVIDE (stext, ABSOLUTE (.))
 *(.interp)
 *(.hash)
 *(.dynsym)
 *(.dynstr)
 *(.gnu.version)
 *(.gnu.version_d)
 *(.gnu.version_r)
 *(.rel.init)
 *(.rela.init)
 *(.rel.text .rel.text.* .rel.gnu.linkonce.t.*)
 *(.rela.text .rela.text.* .rela.gnu.linkonce.t.*)
 *(.rel.fini)
 *(.rela.fini)
 *(.rel.rodata .rel.rodata.* .rel.gnu.linkonce.r.*)
 *(.rela.rodata .rela.rodata.* .rela.gnu.linkonce.r.*)
 *(.rel.data .rel.data.* .rel.gnu.linkonce.d.*)
 *(.rela.data .rela.data.* .rela.gnu.linkonce.d.*)
 *(.rel.tdata .rel.tdata.* .rel.gnu.linkonce.td.*)
 *(.rela.tdata .rela.tdata.* .rela.gnu.linkonce.td.*)
 *(.rel.tbss .rel.tbss.* .rel.gnu.linkonce.tb.*)
 *(.rela.tbss .rela.tbss.* .rela.gnu.linkonce.tb.*)
 *(.rel.ctors)
 *(.rela.ctors)
 *(.rel.dtors)
 *(.rela.dtors)
 *(.rel.got)
 *(.rela.got)
 *(.rel.sdata .rel.sdata.* .rel.gnu.linkonce.s.*)
 *(.rela.sdata .rela.sdata.* .rela.gnu.linkonce.s.*)
 *(.rel.sbss .rel.sbss.* .rel.gnu.linkonce.sb.*)
 *(.rela.sbss .rela.sbss.* .rela.gnu.linkonce.sb.*)
 *(.rel.sdata2 .rel.sdata2.* .rel.gnu.linkonce.s2.*)
 *(.rela.sdata2 .rela.sdata2.* .rela.gnu.linkonce.s2.*)
 *(.rel.sbss2 .rel.sbss2.* .rel.gnu.linkonce.sb2.*)
 *(.rela.sbss2 .rela.sbss2.* .rela.gnu.linkonce.sb2.*)
 *(.rel.bss .rel.bss.* .rel.gnu.linkonce.b.*)
 *(.rela.bss .rela.bss.* .rela.gnu.linkonce.b.*)
 *(.rel.plt)
 *(.rela.plt)
 *(.rel.dyn)
 *(.init)
 *(.plt)
 *(.text .stub .text.* .gnu.linkonce.t.*)
 .text          0x000002bc       0x38 ../../bsp/ucosii_net_rozipfs//obj/HAL/src/crt0.o
                0x000002bc                _start
 .text          0x000002f4      0x384 obj/default/src/flash_utilities/flash_utilities.o
                0x00000378                ProgFlash
 .text          0x00000678      0x278 obj/default/src/main.o
                0x00000678                LedTask
                0x000006c4                LCDTask
                0x00000748                InitialTask
                0x00000888                main
 .text          0x000008f0      0x7b4 obj/default/src/os_utils.o
                0x000008f0                printf
                0x00000a04                fprintf
                0x00000a80                alt_uCOSIIErrorHandler
 .text          0x000010a4      0x140 obj/default/src/reconfig_utils.o
                0x000010a4                InitializePFLOptionBits
                0x00001190                ReconfigFPGA
 .text          0x000011e4      0x8b8 obj/default/src/srec/srec.o
                0x000011e4                srec_decode
                0x0000173c                srec_encode
                0x0000198c                srec_strerror
 .text          0x00001a9c     0x4624 obj/default/src/webserver.o
                0x00001a9c                print
                0x00001acc                stats
                0x00001b24                get_content_disposition_field
                0x00001bc4                find_string_in_buf
                0x00001cc0                http_parse_multipart_header
                0x00001f10                write_flash
                0x00001f88                process_uploaded_data
                0x00002328                lookup_flash_offset
                0x000023d4                file_upload
                0x000029bc                http_reset_connection
                0x00002aac                http_manage_connection
                0x00002c58                http_handle_accept
                0x00002d80                http_read_line
                0x00002e2c                http_parse_type_boundary
                0x00002f24                http_process_headers
                0x00003148                http_process_request
                0x00003428                send_progress
                0x000036ec                http_send_file_chunk
                0x00003898                http_send_file_header
                0x0000406c                http_find_file
                0x00004380                http_send_redirect
                0x000043b4                http_handle_post
                0x00004748                http_handle_get
                0x000047c8                http_prepare_response
                0x0000483c                http_handle_receive
                0x00004c10                http_handle_transmit
                0x00004c70                send_ip_addr
                0x00004ea0                ws_ipset
                0x00004fa8                suspend_network_tasks
                0x00005008                resume_network_tasks
                0x00005068                wait_on_phy
                0x000052c0                net_init
                0x00005344                NetManTask
                0x000054d4                NETInit
                0x000055b4                WSTask
                0x0000591c                die_with_error
                0x0000594c                generate_and_store_mac_addr
                0x00005eb8                get_board_mac_addr
                0x00006020                get_mac_addr
                0x00006054                get_ip_addr
 .text          0x000060c0      0x14c c:/altera/11.1/nios2eds/bin/gnu/h-i686-mingw32/bin/../lib/gcc/nios2-elf/4.1.2\libgcc.a(lib2-divmod.o)
                0x0000613c                __divsi3
                0x0000619c                __modsi3
                0x000061fc                __udivsi3
                0x00006204                __umodsi3
 .text          0x0000620c       0x18 c:/altera/11.1/nios2eds/bin/gnu/h-i686-mingw32/bin/../lib/gcc/nios2-elf/4.1.2/../../../../nios2-elf/lib\libc.a(lib_a-atoi.o)
                0x0000620c                _atoi_r
                0x00006218                atoi
 .text          0x00006224       0x1c c:/altera/11.1/nios2eds/bin/gnu/h-i686-mingw32/bin/../lib/gcc/nios2-elf/4.1.2/../../../../nios2-elf/lib\libc.a(lib_a-calloc.o)
                0x00006224                calloc
 .text          0x00006240       0xb4 c:/altera/11.1/nios2eds/bin/gnu/h-i686-mingw32/bin/../lib/gcc/nios2-elf/4.1.2/../../../../nios2-elf/lib\libc.a(lib_a-callocr.o)
                0x00006240                _calloc_r
 .text          0x000062f4        0x0 c:/altera/11.1/nios2eds/bin/gnu/h-i686-mingw32/bin/../lib/gcc/nios2-elf/4.1.2/../../../../nios2-elf/lib\libc.a(lib_a-ctype_.o)
 .text          0x000062f4      0x124 c:/altera/11.1/nios2eds/bin/gnu/h-i686-mingw32/bin/../lib/gcc/nios2-elf/4.1.2/../../../../nios2-elf/lib\libc.a(lib_a-fclose.o)
                0x000062f4                _fclose_r
                0x00006404                fclose
 .text          0x00006418      0x230 c:/altera/11.1/nios2eds/bin/gnu/h-i686-mingw32/bin/../lib/gcc/nios2-elf/4.1.2/../../../../nios2-elf/lib\libc.a(lib_a-fflush.o)
                0x00006418                _fflush_r
                0x00006614                fflush
 .text          0x00006648       0x48 c:/altera/11.1/nios2eds/bin/gnu/h-i686-mingw32/bin/../lib/gcc/nios2-elf/4.1.2/../../../../nios2-elf/lib\libc.a(lib_a-fgetpos.o)
                0x00006648                _fgetpos_r
                0x00006674                fgetpos
 .text          0x00006690      0x2c0 c:/altera/11.1/nios2eds/bin/gnu/h-i686-mingw32/bin/../lib/gcc/nios2-elf/4.1.2/../../../../nios2-elf/lib\libc.a(lib_a-findfp.o)
                0x000066e8                __sfp_lock_acquire
                0x000066ec                __sfp_lock_release
                0x000066f0                __sinit_lock_acquire
                0x000066f4                __sinit_lock_release
                0x000066f8                __sinit
                0x000067ac                __fp_unlock_all
                0x000067c4                __fp_lock_all
                0x000067dc                _cleanup_r
                0x000067e8                _cleanup
                0x000067f8                __sfmoreglue
                0x00006860                __sfp
 .text          0x00006950      0x110 c:/altera/11.1/nios2eds/bin/gnu/h-i686-mingw32/bin/../lib/gcc/nios2-elf/4.1.2/../../../../nios2-elf/lib\libc.a(lib_a-fopen.o)
                0x00006950                _fopen_r
                0x00006a44                fopen
 .text          0x00006a60      0x23c c:/altera/11.1/nios2eds/bin/gnu/h-i686-mingw32/bin/../lib/gcc/nios2-elf/4.1.2/../../../../nios2-elf/lib\libc.a(lib_a-fread.o)
                0x00006a60                _fread_r
                0x00006c5c                fread
 .text          0x00006c9c      0x440 c:/altera/11.1/nios2eds/bin/gnu/h-i686-mingw32/bin/../lib/gcc/nios2-elf/4.1.2/../../../../nios2-elf/lib\libc.a(lib_a-freer.o)
                0x00006c9c                _malloc_trim_r
                0x00006dc8                _free_r
 .text          0x000070dc      0x460 c:/altera/11.1/nios2eds/bin/gnu/h-i686-mingw32/bin/../lib/gcc/nios2-elf/4.1.2/../../../../nios2-elf/lib\libc.a(lib_a-fseek.o)
                0x000070dc                _fseek_r
                0x00007518                fseek
 .text          0x0000753c       0x74 c:/altera/11.1/nios2eds/bin/gnu/h-i686-mingw32/bin/../lib/gcc/nios2-elf/4.1.2/../../../../nios2-elf/lib\libc.a(lib_a-fstatr.o)
                0x0000753c                _fstat_r
 .text          0x000075b0      0x10c c:/altera/11.1/nios2eds/bin/gnu/h-i686-mingw32/bin/../lib/gcc/nios2-elf/4.1.2/../../../../nios2-elf/lib\libc.a(lib_a-ftell.o)
                0x000075b0                _ftell_r
                0x000076a8                ftell
 .text          0x000076bc      0x180 c:/altera/11.1/nios2eds/bin/gnu/h-i686-mingw32/bin/../lib/gcc/nios2-elf/4.1.2/../../../../nios2-elf/lib\libc.a(lib_a-fwalk.o)
                0x000076bc                _fwalk_reent
                0x00007784                _fwalk
 .text          0x0000783c       0xdc c:/altera/11.1/nios2eds/bin/gnu/h-i686-mingw32/bin/../lib/gcc/nios2-elf/4.1.2/../../../../nios2-elf/lib\libc.a(lib_a-fwrite.o)
                0x0000783c                _fwrite_r
                0x000078d8                fwrite
 .text          0x00007918      0x128 c:/altera/11.1/nios2eds/bin/gnu/h-i686-mingw32/bin/../lib/gcc/nios2-elf/4.1.2/../../../../nios2-elf/lib\libc.a(lib_a-getc.o)
                0x00007918                getc
                0x000079b0                _getc_r
 .text          0x00007a40        0x0 c:/altera/11.1/nios2eds/bin/gnu/h-i686-mingw32/bin/../lib/gcc/nios2-elf/4.1.2/../../../../nios2-elf/lib\libc.a(lib_a-impure.o)
 .text          0x00007a40        0x0 c:/altera/11.1/nios2eds/bin/gnu/h-i686-mingw32/bin/../lib/gcc/nios2-elf/4.1.2/../../../../nios2-elf/lib\libc.a(lib_a-int_errno.o)
 .text          0x00007a40      0x194 c:/altera/11.1/nios2eds/bin/gnu/h-i686-mingw32/bin/../lib/gcc/nios2-elf/4.1.2/../../../../nios2-elf/lib\libc.a(lib_a-makebuf.o)
                0x00007a40                __smakebuf_r
 .text          0x00007bd4       0x28 c:/altera/11.1/nios2eds/bin/gnu/h-i686-mingw32/bin/../lib/gcc/nios2-elf/4.1.2/../../../../nios2-elf/lib\libc.a(lib_a-malloc.o)
                0x00007bd4                free
                0x00007be8                malloc
 .text          0x00007bfc      0x740 c:/altera/11.1/nios2eds/bin/gnu/h-i686-mingw32/bin/../lib/gcc/nios2-elf/4.1.2/../../../../nios2-elf/lib\libc.a(lib_a-mallocr.o)
                0x00007bfc                _malloc_r
 .text          0x0000833c       0xe4 c:/altera/11.1/nios2eds/bin/gnu/h-i686-mingw32/bin/../lib/gcc/nios2-elf/4.1.2/../../../../nios2-elf/lib\libc.a(lib_a-memchr.o)
                0x0000833c                memchr
 .text          0x00008420       0x74 c:/altera/11.1/nios2eds/bin/gnu/h-i686-mingw32/bin/../lib/gcc/nios2-elf/4.1.2/../../../../nios2-elf/lib\libc.a(lib_a-memcmp.o)
                0x00008420                memcmp
 .text          0x00008494       0xa0 c:/altera/11.1/nios2eds/bin/gnu/h-i686-mingw32/bin/../lib/gcc/nios2-elf/4.1.2/../../../../nios2-elf/lib\libc.a(lib_a-memcpy.o)
                0x00008494                memcpy
 .text          0x00008534       0xe0 c:/altera/11.1/nios2eds/bin/gnu/h-i686-mingw32/bin/../lib/gcc/nios2-elf/4.1.2/../../../../nios2-elf/lib\libc.a(lib_a-memmove.o)
                0x00008534                memmove
 .text          0x00008614       0x98 c:/altera/11.1/nios2eds/bin/gnu/h-i686-mingw32/bin/../lib/gcc/nios2-elf/4.1.2/../../../../nios2-elf/lib\libc.a(lib_a-memset.o)
                0x00008614                memset
 .text          0x000086ac       0x78 c:/altera/11.1/nios2eds/bin/gnu/h-i686-mingw32/bin/../lib/gcc/nios2-elf/4.1.2/../../../../nios2-elf/lib\libc.a(lib_a-openr.o)
                0x000086ac                _open_r
 .text          0x00008724       0x80 c:/altera/11.1/nios2eds/bin/gnu/h-i686-mingw32/bin/../lib/gcc/nios2-elf/4.1.2/../../../../nios2-elf/lib\libc.a(lib_a-perror.o)
                0x00008724                _perror_r
                0x00008790                perror
 .text          0x000087a4      0x1ec c:/altera/11.1/nios2eds/bin/gnu/h-i686-mingw32/bin/../lib/gcc/nios2-elf/4.1.2/../../../../nios2-elf/lib\libc.a(lib_a-putc.o)
                0x000087a4                putc
                0x000088a8                _putc_r
 .text          0x00008990       0x24 c:/altera/11.1/nios2eds/bin/gnu/h-i686-mingw32/bin/../lib/gcc/nios2-elf/4.1.2/../../../../nios2-elf/lib\libc.a(lib_a-putchar.o)
                0x00008990                putchar
                0x000089ac                _putchar_r
 .text          0x000089b4       0xb4 c:/altera/11.1/nios2eds/bin/gnu/h-i686-mingw32/bin/../lib/gcc/nios2-elf/4.1.2/../../../../nios2-elf/lib\libc.a(lib_a-puts.o)
                0x000089b4                _puts_r
                0x00008a54                puts
 .text          0x00008a68      0x1e0 c:/altera/11.1/nios2eds/bin/gnu/h-i686-mingw32/bin/../lib/gcc/nios2-elf/4.1.2/../../../../nios2-elf/lib\libc.a(lib_a-refill.o)
                0x00008a68                __srefill_r
 .text          0x00008c48       0x60 c:/altera/11.1/nios2eds/bin/gnu/h-i686-mingw32/bin/../lib/gcc/nios2-elf/4.1.2/../../../../nios2-elf/lib\libc.a(lib_a-rget.o)
                0x00008c48                __srget_r
                0x00008c94                __srget
 .text          0x00008ca8       0x70 c:/altera/11.1/nios2eds/bin/gnu/h-i686-mingw32/bin/../lib/gcc/nios2-elf/4.1.2/../../../../nios2-elf/lib\libc.a(lib_a-sbrkr.o)
                0x00008ca8                _sbrk_r
 .text          0x00008d18       0xd4 c:/altera/11.1/nios2eds/bin/gnu/h-i686-mingw32/bin/../lib/gcc/nios2-elf/4.1.2/../../../../nios2-elf/lib\libc.a(lib_a-sprintf.o)
                0x00008d18                sprintf
                0x00008d8c                _sprintf_r
 .text          0x00008dec      0x14c c:/altera/11.1/nios2eds/bin/gnu/h-i686-mingw32/bin/../lib/gcc/nios2-elf/4.1.2/../../../../nios2-elf/lib\libc.a(lib_a-stdio.o)
                0x00008dec                __sclose
                0x00008df4                __sseek
                0x00008e5c                __swrite
                0x00008ed8                __sread
 .text          0x00008f38       0xb0 c:/altera/11.1/nios2eds/bin/gnu/h-i686-mingw32/bin/../lib/gcc/nios2-elf/4.1.2/../../../../nios2-elf/lib\libc.a(lib_a-strcasecmp.o)
                0x00008f38                strcasecmp
 .text          0x00008fe8       0xe0 c:/altera/11.1/nios2eds/bin/gnu/h-i686-mingw32/bin/../lib/gcc/nios2-elf/4.1.2/../../../../nios2-elf/lib\libc.a(lib_a-strchr.o)
                0x00008fe8                strchr
 .text          0x000090c8       0xbc c:/altera/11.1/nios2eds/bin/gnu/h-i686-mingw32/bin/../lib/gcc/nios2-elf/4.1.2/../../../../nios2-elf/lib\libc.a(lib_a-strcmp.o)
                0x000090c8                strcmp
 .text          0x00009184       0x8c c:/altera/11.1/nios2eds/bin/gnu/h-i686-mingw32/bin/../lib/gcc/nios2-elf/4.1.2/../../../../nios2-elf/lib\libc.a(lib_a-strcpy.o)
                0x00009184                strcpy
 .text          0x00009210      0x674 c:/altera/11.1/nios2eds/bin/gnu/h-i686-mingw32/bin/../lib/gcc/nios2-elf/4.1.2/../../../../nios2-elf/lib\libc.a(lib_a-strerror.o)
                0x00009210                strerror
 .text          0x00009884       0x74 c:/altera/11.1/nios2eds/bin/gnu/h-i686-mingw32/bin/../lib/gcc/nios2-elf/4.1.2/../../../../nios2-elf/lib\libc.a(lib_a-strlen.o)
                0x00009884                strlen
 .text          0x000098f8       0xf0 c:/altera/11.1/nios2eds/bin/gnu/h-i686-mingw32/bin/../lib/gcc/nios2-elf/4.1.2/../../../../nios2-elf/lib\libc.a(lib_a-strncmp.o)
                0x000098f8                strncmp
 .text          0x000099e8       0xbc c:/altera/11.1/nios2eds/bin/gnu/h-i686-mingw32/bin/../lib/gcc/nios2-elf/4.1.2/../../../../nios2-elf/lib\libc.a(lib_a-strncpy.o)
                0x000099e8                strncpy
 .text          0x00009aa4      0x794 c:/altera/11.1/nios2eds/bin/gnu/h-i686-mingw32/bin/../lib/gcc/nios2-elf/4.1.2/../../../../nios2-elf/lib\libc.a(lib_a-strstr.o)
                0x00009bd8                strstr
 .text          0x0000a238       0x18 c:/altera/11.1/nios2eds/bin/gnu/h-i686-mingw32/bin/../lib/gcc/nios2-elf/4.1.2/../../../../nios2-elf/lib\libc.a(lib_a-strtok.o)
                0x0000a238                strtok
 .text          0x0000a250       0xac c:/altera/11.1/nios2eds/bin/gnu/h-i686-mingw32/bin/../lib/gcc/nios2-elf/4.1.2/../../../../nios2-elf/lib\libc.a(lib_a-strtok_r.o)
                0x0000a250                __strtok_r
                0x0000a2f4                strtok_r
 .text          0x0000a2fc      0x268 c:/altera/11.1/nios2eds/bin/gnu/h-i686-mingw32/bin/../lib/gcc/nios2-elf/4.1.2/../../../../nios2-elf/lib\libc.a(lib_a-strtol.o)
                0x0000a2fc                _strtol_r
                0x0000a540                strtol
 .text          0x0000a564        0x8 c:/altera/11.1/nios2eds/bin/gnu/h-i686-mingw32/bin/../lib/gcc/nios2-elf/4.1.2/../../../../nios2-elf/lib\libc.a(lib_a-u_strerr.o)
                0x0000a564                _user_strerror
 .text          0x0000a56c     0x1f28 c:/altera/11.1/nios2eds/bin/gnu/h-i686-mingw32/bin/../lib/gcc/nios2-elf/4.1.2/../../../../nios2-elf/lib\libc.a(lib_a-vfprintf.o)
                0x0000a5c4                ___vfprintf_internal_r
                0x0000c470                __vfprintf_internal
 .text          0x0000c494       0x74 c:/altera/11.1/nios2eds/bin/gnu/h-i686-mingw32/bin/../lib/gcc/nios2-elf/4.1.2/../../../../nios2-elf/lib\libc.a(lib_a-vsprintf.o)
                0x0000c494                _vsprintf_r
                0x0000c4e4                vsprintf
 .text          0x0000c508      0x14c c:/altera/11.1/nios2eds/bin/gnu/h-i686-mingw32/bin/../lib/gcc/nios2-elf/4.1.2/../../../../nios2-elf/lib\libc.a(lib_a-wbuf.o)
                0x0000c508                __swbuf_r
                0x0000c638                __swbuf
 .text          0x0000c654       0x78 c:/altera/11.1/nios2eds/bin/gnu/h-i686-mingw32/bin/../lib/gcc/nios2-elf/4.1.2/../../../../nios2-elf/lib\libc.a(lib_a-writer.o)
                0x0000c654                _write_r
 .text          0x0000c6cc      0x13c c:/altera/11.1/nios2eds/bin/gnu/h-i686-mingw32/bin/../lib/gcc/nios2-elf/4.1.2/../../../../nios2-elf/lib\libc.a(lib_a-wsetup.o)
                0x0000c6cc                __swsetup_r
 .text          0x0000c808       0x70 c:/altera/11.1/nios2eds/bin/gnu/h-i686-mingw32/bin/../lib/gcc/nios2-elf/4.1.2/../../../../nios2-elf/lib\libc.a(lib_a-closer.o)
                0x0000c808                _close_r
 .text          0x0000c878     0x17cc c:/altera/11.1/nios2eds/bin/gnu/h-i686-mingw32/bin/../lib/gcc/nios2-elf/4.1.2/../../../../nios2-elf/lib\libc.a(lib_a-dtoa.o)
                0x0000ca90                _dtoa_r
 .text          0x0000e044       0xa0 c:/altera/11.1/nios2eds/bin/gnu/h-i686-mingw32/bin/../lib/gcc/nios2-elf/4.1.2/../../../../nios2-elf/lib\libc.a(lib_a-flags.o)
                0x0000e044                __sflags
 .text          0x0000e0e4       0xbc c:/altera/11.1/nios2eds/bin/gnu/h-i686-mingw32/bin/../lib/gcc/nios2-elf/4.1.2/../../../../nios2-elf/lib\libc.a(lib_a-fputc.o)
                0x0000e0e4                fputc
                0x0000e148                _fputc_r
 .text          0x0000e1a0       0x90 c:/altera/11.1/nios2eds/bin/gnu/h-i686-mingw32/bin/../lib/gcc/nios2-elf/4.1.2/../../../../nios2-elf/lib\libc.a(lib_a-fputs.o)
                0x0000e1a0                _fputs_r
                0x0000e214                fputs
 .text          0x0000e230      0x49c c:/altera/11.1/nios2eds/bin/gnu/h-i686-mingw32/bin/../lib/gcc/nios2-elf/4.1.2/../../../../nios2-elf/lib\libc.a(lib_a-fvwrite.o)
                0x0000e230                __sfvwrite_r
 .text          0x0000e6cc       0x70 c:/altera/11.1/nios2eds/bin/gnu/h-i686-mingw32/bin/../lib/gcc/nios2-elf/4.1.2/../../../../nios2-elf/lib\libc.a(lib_a-isattyr.o)
                0x0000e6cc                _isatty_r
 .text          0x0000e73c       0xc4 c:/altera/11.1/nios2eds/bin/gnu/h-i686-mingw32/bin/../lib/gcc/nios2-elf/4.1.2/../../../../nios2-elf/lib\libc.a(lib_a-locale.o)
                0x0000e73c                __locale_charset
                0x0000e744                _localeconv_r
                0x0000e750                localeconv
                0x0000e760                _setlocale_r
                0x0000e7e4                setlocale
 .text          0x0000e800       0x78 c:/altera/11.1/nios2eds/bin/gnu/h-i686-mingw32/bin/../lib/gcc/nios2-elf/4.1.2/../../../../nios2-elf/lib\libc.a(lib_a-lseekr.o)
                0x0000e800                _lseek_r
 .text          0x0000e878      0xff4 c:/altera/11.1/nios2eds/bin/gnu/h-i686-mingw32/bin/../lib/gcc/nios2-elf/4.1.2/../../../../nios2-elf/lib\libc.a(lib_a-mprec.o)
                0x0000e878                _Bfree
                0x0000e8a0                __hi0bits
                0x0000e910                __lo0bits
                0x0000e9d4                __mcmp
                0x0000ea34                __ulp
                0x0000eab4                __b2d
                0x0000ebd4                __ratio
                0x0000ec84                _mprec_log10
                0x0000ed18                __copybits
                0x0000ed70                __any_on
                0x0000edf8                _Balloc
                0x0000eeb4                __d2b
                0x0000f030                __mdiff
                0x0000f1bc                __lshift
                0x0000f308                __multiply
                0x0000f4f0                __i2b
                0x0000f52c                __multadd
                0x0000f62c                __pow5mult
                0x0000f74c                __s2b
 .text          0x0000f86c       0x78 c:/altera/11.1/nios2eds/bin/gnu/h-i686-mingw32/bin/../lib/gcc/nios2-elf/4.1.2/../../../../nios2-elf/lib\libc.a(lib_a-readr.o)
                0x0000f86c                _read_r
 .text          0x0000f8e4      0x5f4 c:/altera/11.1/nios2eds/bin/gnu/h-i686-mingw32/bin/../lib/gcc/nios2-elf/4.1.2/../../../../nios2-elf/lib\libc.a(lib_a-reallocr.o)
                0x0000f8e4                _realloc_r
 .text          0x0000fed8       0x40 c:/altera/11.1/nios2eds/bin/gnu/h-i686-mingw32/bin/../lib/gcc/nios2-elf/4.1.2/../../../../nios2-elf/lib\libc.a(lib_a-s_isinfd.o)
                0x0000fed8                __isinfd
 .text          0x0000ff18       0x30 c:/altera/11.1/nios2eds/bin/gnu/h-i686-mingw32/bin/../lib/gcc/nios2-elf/4.1.2/../../../../nios2-elf/lib\libc.a(lib_a-s_isnand.o)
                0x0000ff18                __isnand
 .text          0x0000ff48      0x5dc c:/altera/11.1/nios2eds/bin/gnu/h-i686-mingw32/bin/../lib/gcc/nios2-elf/4.1.2\libgcc.a(_udivdi3.o)
                0x0000ff48                __udivdi3
 .text          0x00010524      0x5b0 c:/altera/11.1/nios2eds/bin/gnu/h-i686-mingw32/bin/../lib/gcc/nios2-elf/4.1.2\libgcc.a(_umoddi3.o)
                0x00010524                __umoddi3
 .text          0x00010ad4      0x504 c:/altera/11.1/nios2eds/bin/gnu/h-i686-mingw32/bin/../lib/gcc/nios2-elf/4.1.2\libgcc.a(_addsub_df.o)
                0x00010ee4                __subdf3
                0x00010f64                __adddf3
 .text          0x00010fd8      0x3c4 c:/altera/11.1/nios2eds/bin/gnu/h-i686-mingw32/bin/../lib/gcc/nios2-elf/4.1.2\libgcc.a(_mul_df.o)
                0x00010fd8                __muldf3
 .text          0x0001139c      0x258 c:/altera/11.1/nios2eds/bin/gnu/h-i686-mingw32/bin/../lib/gcc/nios2-elf/4.1.2\libgcc.a(_div_df.o)
                0x0001139c                __divdf3
 .text          0x000115f4       0x88 c:/altera/11.1/nios2eds/bin/gnu/h-i686-mingw32/bin/../lib/gcc/nios2-elf/4.1.2\libgcc.a(_eq_df.o)
                0x000115f4                __eqdf2
 .text          0x0001167c       0x88 c:/altera/11.1/nios2eds/bin/gnu/h-i686-mingw32/bin/../lib/gcc/nios2-elf/4.1.2\libgcc.a(_ne_df.o)
                0x0001167c                __nedf2
 .text          0x00011704       0x88 c:/altera/11.1/nios2eds/bin/gnu/h-i686-mingw32/bin/../lib/gcc/nios2-elf/4.1.2\libgcc.a(_gt_df.o)
                0x00011704                __gtdf2
 .text          0x0001178c       0x88 c:/altera/11.1/nios2eds/bin/gnu/h-i686-mingw32/bin/../lib/gcc/nios2-elf/4.1.2\libgcc.a(_ge_df.o)
                0x0001178c                __gedf2
 .text          0x00011814       0x88 c:/altera/11.1/nios2eds/bin/gnu/h-i686-mingw32/bin/../lib/gcc/nios2-elf/4.1.2\libgcc.a(_lt_df.o)
                0x00011814                __ltdf2
 .text          0x0001189c       0xf8 c:/altera/11.1/nios2eds/bin/gnu/h-i686-mingw32/bin/../lib/gcc/nios2-elf/4.1.2\libgcc.a(_si_to_df.o)
                0x0001189c                __floatsidf
 .text          0x00011994       0xd8 c:/altera/11.1/nios2eds/bin/gnu/h-i686-mingw32/bin/../lib/gcc/nios2-elf/4.1.2\libgcc.a(_df_to_si.o)
                0x00011994                __fixdfsi
 .text          0x00011a6c        0x0 c:/altera/11.1/nios2eds/bin/gnu/h-i686-mingw32/bin/../lib/gcc/nios2-elf/4.1.2\libgcc.a(_thenan_df.o)
 .text          0x00011a6c      0x194 c:/altera/11.1/nios2eds/bin/gnu/h-i686-mingw32/bin/../lib/gcc/nios2-elf/4.1.2\libgcc.a(_usi_to_df.o)
                0x00011a6c                __floatunsidf
 .text          0x00011c00       0x98 c:/altera/11.1/nios2eds/bin/gnu/h-i686-mingw32/bin/../lib/gcc/nios2-elf/4.1.2\libgcc.a(_muldi3.o)
                0x00011c00                __muldi3
 .text          0x00011c98        0x0 c:/altera/11.1/nios2eds/bin/gnu/h-i686-mingw32/bin/../lib/gcc/nios2-elf/4.1.2\libgcc.a(_clz.o)
 .text          0x00011c98       0x80 c:/altera/11.1/nios2eds/bin/gnu/h-i686-mingw32/bin/../lib/gcc/nios2-elf/4.1.2\libgcc.a(_clzsi2.o)
                0x00011c98                __clzsi2
 .text          0x00011d18      0x314 c:/altera/11.1/nios2eds/bin/gnu/h-i686-mingw32/bin/../lib/gcc/nios2-elf/4.1.2\libgcc.a(_pack_df.o)
                0x00011d18                __pack_d
 .text          0x0001202c      0x138 c:/altera/11.1/nios2eds/bin/gnu/h-i686-mingw32/bin/../lib/gcc/nios2-elf/4.1.2\libgcc.a(_unpack_df.o)
                0x0001202c                __unpack_d
 .text          0x00012164       0xc8 c:/altera/11.1/nios2eds/bin/gnu/h-i686-mingw32/bin/../lib/gcc/nios2-elf/4.1.2\libgcc.a(_fpcmp_parts_df.o)
                0x00012164                __fpcmp_parts_d
 .text          0x0001222c       0x24 ../../bsp/ucosii_net_rozipfs/\libucosii_bsp.a(alt_dcache_flush.o)
                0x0001222c                alt_dcache_flush
 .text          0x00012250       0xd0 ../../bsp/ucosii_net_rozipfs/\libucosii_bsp.a(alt_flash_dev.o)
                0x00012250                alt_flash_open_dev
                0x000122cc                alt_flash_close_dev
 .text          0x00012320      0x134 ../../bsp/ucosii_net_rozipfs/\libucosii_bsp.a(alt_fstat.o)
                0x00012320                fstat
 .text          0x00012454      0x120 ../../bsp/ucosii_net_rozipfs/\libucosii_bsp.a(alt_isatty.o)
                0x00012454                isatty
 .text          0x00012574      0x150 ../../bsp/ucosii_net_rozipfs/\libucosii_bsp.a(alt_lseek.o)
                0x00012574                lseek
 .text          0x000126c4       0xc8 ../../bsp/ucosii_net_rozipfs/\libucosii_bsp.a(alt_main.o)
                0x000126c4                alt_main
 .text          0x0001278c      0x2c4 ../../bsp/ucosii_net_rozipfs/\libucosii_bsp.a(alt_open.o)
                0x00012868                open
 .text          0x00012a50       0x60 ../../bsp/ucosii_net_rozipfs/\libucosii_bsp.a(alt_release_fd.o)
                0x00012a50                alt_release_fd
 .text          0x00012ab0       0xbc ../../bsp/ucosii_net_rozipfs/\libucosii_bsp.a(alt_sbrk.o)
                0x00012ab0                sbrk
 .text          0x00012b6c      0x1a8 ../../bsp/ucosii_net_rozipfs/\libucosii_bsp.a(alt_tick.o)
                0x00012b6c                alt_alarm_stop
                0x00012c04                alt_tick
 .text          0x00012d14      0x118 ../../bsp/ucosii_net_rozipfs/\libucosii_bsp.a(alt_usleep.o)
                0x00012d14                usleep
 .text          0x00012e2c      0x108 ../../bsp/ucosii_net_rozipfs/\libucosii_bsp.a(alt_env_lock.o)
                0x00012e2c                __env_lock
                0x00012ed8                __env_unlock
 .text          0x00012f34      0x1d8 ../../bsp/ucosii_net_rozipfs/\libucosii_bsp.a(alt_malloc_lock.o)
                0x00012f34                __malloc_lock
                0x0001303c                __malloc_unlock
 .text          0x0001310c     0x2128 ../../bsp/ucosii_net_rozipfs/\libucosii_bsp.a(os_core.o)
                0x0001310c                OSEventNameGet
                0x0001323c                OSEventNameSet
                0x00013380                OSEventPendMulti
                0x00013a34                OSInit
                0x00013a88                OSIntEnter
                0x00013b04                OSIntExit
                0x00013c04                OSSchedLock
                0x00013c90                OSSchedUnlock
                0x00013d74                OSStart
                0x00013de4                OSStatInit
                0x00013e90                OSTimeTick
                0x000140d0                OSVersion
                0x000140f0                OS_Dummy
                0x0001410c                OS_EventTaskRdy
                0x000142a0                OS_EventTaskWait
                0x000143b0                OS_EventTaskWaitMulti
                0x00014504                OS_EventTaskRemove
                0x000145bc                OS_EventTaskRemoveMulti
                0x000146c0                OS_EventWaitListInit
                0x00014a8c                OS_MemClr
                0x00014ae0                OS_MemCopy
                0x00014b4c                OS_Sched
                0x00014c90                OS_StrCopy
                0x00014d10                OS_StrLen
                0x00014d68                OS_TaskIdle
                0x00014dc4                OS_TaskStat
                0x00014e8c                OS_TaskStatStkChk
                0x00014f54                OS_TCBInit
 .text          0x00015234      0x18c ../../bsp/ucosii_net_rozipfs/\libucosii_bsp.a(os_dbg.o)
                0x00015234                OSDebugInit
 .text          0x000153c0     0x193c ../../bsp/ucosii_net_rozipfs/\libucosii_bsp.a(os_flag.o)
                0x000153c0                OSFlagAccept
                0x000156f4                OSFlagCreate
                0x00015830                OSFlagDel
                0x00015ad8                OSFlagNameGet
                0x00015c1c                OSFlagNameSet
                0x00015d70                OSFlagPend
                0x000163b4                OSFlagPendGetFlagsRdy
                0x0001641c                OSFlagPost
                0x000167c4                OSFlagQuery
                0x00016a5c                OS_FlagInit
                0x00016c50                OS_FlagUnlink
 .text          0x00016cfc      0xc8c ../../bsp/ucosii_net_rozipfs/\libucosii_bsp.a(os_mbox.o)
                0x00016cfc                OSMboxAccept
                0x00016da0                OSMboxCreate
                0x00016eb4                OSMboxDel
                0x00017154                OSMboxPend
                0x0001741c                OSMboxPendAbort
                0x00017598                OSMboxPost
                0x000176cc                OSMboxPostOpt
                0x00017858                OSMboxQuery
 .text          0x00017988      0x808 ../../bsp/ucosii_net_rozipfs/\libucosii_bsp.a(os_mem.o)
                0x00017988                OSMemCreate
                0x00017ba4                OSMemGet
                0x00017ca8                OSMemNameGet
                0x00017db4                OSMemNameSet
                0x00017ed4                OSMemPut
                0x00017fc4                OSMemQuery
                0x000180c0                OS_MemInit
 .text          0x00018190     0x1334 ../../bsp/ucosii_net_rozipfs/\libucosii_bsp.a(os_q.o)
                0x00018190                OSQAccept
                0x000182e4                OSQCreate
                0x000184f8                OSQDel
                0x000187f8                OSQFlush
                0x000188c0                OSQPend
                0x00018be0                OSQPendAbort
                0x00018d5c                OSQPost
                0x00018edc                OSQPostFront
                0x00019064                OSQPostOpt
                0x00019298                OSQQuery
                0x00019418                OS_QInit
 .text          0x000194c4      0xbc8 ../../bsp/ucosii_net_rozipfs/\libucosii_bsp.a(os_sem.o)
                0x000194c4                OSSemAccept
                0x00019584                OSSemCreate
                0x00019698                OSSemDel
                0x00019938                OSSemPend
                0x00019bb4                OSSemPendAbort
                0x00019d30                OSSemPost
                0x00019e58                OSSemQuery
                0x00019f88                OSSemSet
 .text          0x0001a08c     0x1a40 ../../bsp/ucosii_net_rozipfs/\libucosii_bsp.a(os_task.o)
                0x0001a08c                OSTaskChangePrio
                0x0001a600                OSTaskCreate
                0x0001a7d4                OSTaskCreateExt
                0x0001a9d4                OSTaskDel
                0x0001ade0                OSTaskDelReq
                0x0001af50                OSTaskNameGet
                0x0001b108                OSTaskNameSet
                0x0001b2cc                OSTaskResume
                0x0001b4e4                OSTaskStkChk
                0x0001b6e0                OSTaskSuspend
                0x0001b90c                OSTaskQuery
                0x0001ba50                OS_TaskStkClr
 .text          0x0001bacc      0x59c ../../bsp/ucosii_net_rozipfs/\libucosii_bsp.a(os_time.o)
                0x0001bacc                OSTimeDly
                0x0001bc18                OSTimeDlyHMSM
                0x0001bd90                OSTimeDlyResume
                0x0001bfa0                OSTimeGet
                0x0001c004                OSTimeSet
 .text          0x0001c068      0x300 ../../bsp/ucosii_net_rozipfs/\libucosii_bsp.a(alt_sys_init.o)
                0x0001c068                alt_irq_init
                0x0001c09c                alt_sys_init
 .text          0x0001c368      0x8c8 ../../bsp/ucosii_net_rozipfs/\libucosii_bsp.a(altera_avalon_cfi_flash.o)
                0x0001c368                alt_flash_cfi_init
                0x0001c43c                alt_flash_cfi_write
                0x0001c6fc                alt_flash_cfi_get_info
                0x0001c78c                alt_flash_cfi_read
                0x0001c7f4                alt_write_value_to_flash
                0x0001c958                alt_flash_program_block
 .text          0x0001cc30     0x1448 ../../bsp/ucosii_net_rozipfs/\libucosii_bsp.a(altera_avalon_cfi_flash_table.o)
                0x0001cc30                alt_read_query_entry_8bit
                0x0001cc70                alt_read_query_entry_16bit
                0x0001ccb4                alt_read_query_entry_32bit
                0x0001ccfc                alt_write_flash_command_8bit_device_8bit_mode
                0x0001cd38                alt_write_flash_command_16bit_device_8bit_mode
                0x0001cdb4                alt_write_flash_command_32bit_device_8bit_mode
                0x0001cdfc                alt_write_flash_command_16bit_device_16bit_mode
                0x0001ce40                alt_write_flash_command_32bit_device_16bit_mode
                0x0001ce88                alt_write_flash_command_32bit_device_32bit_mode
                0x0001ced0                alt_write_native_8bit
                0x0001cf04                alt_write_native_16bit
                0x0001cf38                alt_write_native_32bit
                0x0001cf68                alt_set_flash_width_func
                0x0001d148                alt_set_flash_algorithm_func
                0x0001d270                alt_read_cfi_table
                0x0001d7f0                alt_read_cfi_width
                0x0001df9c                alt_check_primary_table
 .text          0x0001e078      0x148 ../../bsp/ucosii_net_rozipfs/\libucosii_bsp.a(altera_avalon_jtag_uart_fd.o)
                0x0001e078                altera_avalon_jtag_uart_read_fd
                0x0001e0d0                altera_avalon_jtag_uart_write_fd
                0x0001e128                altera_avalon_jtag_uart_close_fd
                0x0001e170                altera_avalon_jtag_uart_ioctl_fd
 .text          0x0001e1c0      0x584 ../../bsp/ucosii_net_rozipfs/\libucosii_bsp.a(altera_avalon_jtag_uart_init.o)
                0x0001e1c0                altera_avalon_jtag_uart_init
                0x0001e6d0                altera_avalon_jtag_uart_close
 .text          0x0001e744       0xf4 ../../bsp/ucosii_net_rozipfs/\libucosii_bsp.a(altera_avalon_jtag_uart_ioctl.o)
                0x0001e744                altera_avalon_jtag_uart_ioctl
 .text          0x0001e838      0x2c0 ../../bsp/ucosii_net_rozipfs/\libucosii_bsp.a(altera_avalon_jtag_uart_read.o)
                0x0001e838                altera_avalon_jtag_uart_read
 .text          0x0001eaf8      0x2dc ../../bsp/ucosii_net_rozipfs/\libucosii_bsp.a(altera_avalon_jtag_uart_write.o)
                0x0001eaf8                altera_avalon_jtag_uart_write
 .text          0x0001edd4      0xf3c ../../bsp/ucosii_net_rozipfs/\libucosii_bsp.a(altera_avalon_lcd_16207.o)
                0x0001f5a8                altera_avalon_lcd_16207_write
                0x0001fbac                altera_avalon_lcd_16207_init
 .text          0x0001fd10       0x58 ../../bsp/ucosii_net_rozipfs/\libucosii_bsp.a(altera_avalon_lcd_16207_fd.o)
                0x0001fd10                altera_avalon_lcd_16207_write_fd
 .text          0x0001fd68      0xde4 ../../bsp/ucosii_net_rozipfs/\libucosii_bsp.a(altera_avalon_sgdma.o)
                0x0001fd68                alt_avalon_sgdma_do_async_transfer
                0x0001fea4                alt_avalon_sgdma_do_sync_transfer
                0x0001ffc8                alt_avalon_sgdma_construct_mem_to_mem_desc
                0x00020038                alt_avalon_sgdma_construct_mem_to_mem_desc_burst
                0x000200b8                alt_avalon_sgdma_construct_stream_to_mem_desc
                0x0002010c                alt_avalon_sgdma_construct_stream_to_mem_desc_burst
                0x0002017c                alt_avalon_sgdma_construct_mem_to_stream_desc
                0x000201f0                alt_avalon_sgdma_construct_mem_to_stream_desc_burst
                0x00020274                alt_avalon_sgdma_register_callback
                0x000202c4                alt_avalon_sgdma_start
                0x00020318                alt_avalon_sgdma_stop
                0x00020370                alt_avalon_sgdma_check_descriptor_status
                0x000203e0                alt_avalon_sgdma_open
                0x00020498                alt_avalon_sgdma_construct_descriptor
                0x00020520                alt_avalon_sgdma_enable_desc_poll
                0x0002059c                alt_avalon_sgdma_disable_desc_poll
                0x000205f8                alt_avalon_sgdma_construct_descriptor_burst
                0x00020aa0                alt_avalon_sgdma_init
 .text          0x00020b4c      0x100 ../../bsp/ucosii_net_rozipfs/\libucosii_bsp.a(altera_avalon_timer_sc.o)
                0x00020bbc                alt_avalon_timer_sc_init
 .text          0x00020c4c     0x5350 ../../bsp/ucosii_net_rozipfs/\libucosii_bsp.a(altera_avalon_tse.o)
                0x00020c4c                no_printf
                0x00020c78                tse_mac_initTransInfo2
                0x00020cd8                tse_mac_sTxWrite
                0x00020dc8                tse_mac_aRxRead
                0x00020e6c                tse_mac_SwReset
                0x00020f00                tse_mac_setMIImode
                0x00020f58                tse_mac_setGMIImode
                0x00020fac                alt_tse_phy_add_profile
                0x00021184                alt_tse_system_add_sys
                0x00021b98                alt_tse_sys_enable_mdio_sharing
                0x00021d10                alt_tse_mac_get_common_speed
                0x00021d50                alt_tse_mac_set_common_speed
                0x00021d98                alt_tse_get_system_index
                0x00021e14                alt_tse_get_mac_group_index
                0x00021e94                alt_tse_get_mac_info_index
                0x00021f20                alt_tse_get_mac_info
                0x00022000                alt_tse_mac_set_speed
                0x000220ec                alt_tse_mac_set_duplex
                0x00022184                getPHYSpeed
                0x00022f9c                alt_tse_phy_rd_mdio_addr
                0x00022fe4                alt_tse_phy_wr_mdio_addr
                0x00023038                alt_tse_phy_wr_mdio_reg
                0x00023160                alt_tse_phy_rd_mdio_reg
                0x00023224                alt_tse_phy_add_profile_default
                0x0002349c                alt_tse_phy_print_profile
                0x0002368c                alt_tse_mac_group_init
                0x00023d98                alt_tse_mac_get_phy
                0x000241b0                alt_tse_mac_associate_phy
                0x000243e8                alt_tse_phy_cfg_pcs
                0x00024508                alt_tse_phy_init
                0x0002461c                alt_tse_phy_restart_an
                0x000247cc                alt_tse_phy_check_link
                0x00024910                alt_tse_phy_get_cap
                0x00024e50                alt_tse_phy_set_adv_1000
                0x00024fe4                alt_tse_phy_set_adv_100
                0x000251f4                alt_tse_phy_set_adv_10
                0x0002538c                alt_tse_phy_get_common_speed
                0x000256a8                alt_tse_phy_set_common_speed
                0x00025b8c                marvell_phy_cfg
                0x00025c34                marvell_cfg_gmii
                0x00025d28                marvell_cfg_sgmii
                0x00025e1c                marvell_cfg_rgmii
                0x00025f1c                DP83848C_link_status_read
 .text          0x00025f9c      0xb70 ../../bsp/ucosii_net_rozipfs/\libucosii_bsp.a(altera_ro_zipfs.o)
                0x00026210                check_directory_header
                0x00026768                alt_ro_zipfs_open
                0x00026800                alt_ro_zipfs_read
                0x000268fc                alt_ro_zipfs_seek
                0x00026a44                alt_ro_zipfs_fstat
                0x00026ab4                alt_ro_zipfs_check_valid
 .text          0x00026b0c     0x1784 ../../bsp/ucosii_net_rozipfs/\libucosii_bsp.a(ins_tse_mac.o)
                0x00026b0c                triple_speed_ethernet_init
                0x00026c68                prep_tse_mac
                0x00026ecc                tse_mac_init
                0x000279b4                tse_mac_raw_send
                0x00027cac                tse_sgdmaRx_isr
                0x00027d54                tse_sgdma_read_init
                0x00027efc                tse_mac_rcv
                0x0002814c                tse_mac_stats
                0x0002818c                tse_mac_close
 .text          0x00028290       0x54 ../../bsp/ucosii_net_rozipfs/\libucosii_bsp.a(alt_iniche_close.o)
                0x00028290                close
 .text          0x000282e4      0x144 ../../bsp/ucosii_net_rozipfs/\libucosii_bsp.a(alt_iniche_dev.o)
                0x000282e4                iniche_devices_init
 .text          0x00028428       0x78 ../../bsp/ucosii_net_rozipfs/\libucosii_bsp.a(alt_iniche_read.o)
                0x00028428                read
 .text          0x000284a0       0x70 ../../bsp/ucosii_net_rozipfs/\libucosii_bsp.a(alt_iniche_write.o)
                0x000284a0                write
 .text          0x00028510      0xedc ../../bsp/ucosii_net_rozipfs/\libucosii_bsp.a(ipnet.o)
                0x00028510                Netinit
                0x00028b5c                fixup_subnet_mask
                0x00028cbc                netclose
                0x00028da4                pktdemux
                0x00029178                c_older
                0x00029248                ip2mac
 .text          0x000293ec      0x4b0 ../../bsp/ucosii_net_rozipfs/\libucosii_bsp.a(ipstart.o)
                0x000293ec                ip_startup
                0x000296d0                exit_hook
                0x0002973c                ip_exit
                0x0002980c                if_netnumber
 .text          0x0002989c     0x100c ../../bsp/ucosii_net_rozipfs/\libucosii_bsp.a(igmp_cmn.o)
                0x0002989c                igmp_init
                0x0002994c                igmp_input
                0x00029a44                igmp_fasttimo
                0x00029bdc                igmp_send
                0x00029e84                igmp_joingroup
                0x0002a0f0                igmp_leavegroup
                0x0002a16c                igmp_validate
                0x0002a4c8                igmp_print_stats
 .text          0x0002a8a8      0xb50 ../../bsp/ucosii_net_rozipfs/\libucosii_bsp.a(bsdsock.o)
                0x0002a8a8                bsd_accept
                0x0002a9e0                bsd_getpeername
                0x0002ab0c                bsd_getsockname
                0x0002ac38                bsd_i_sockoptlen
                0x0002adf0                bsd_getsockopt
                0x0002af10                bsd_ioctl
                0x0002b014                bsd_inet_ntoa
                0x0002b044                bsd_recvfrom
                0x0002b1a4                bsd_select
                0x0002b30c                bsd_setsockopt
 .text          0x0002b3f8      0x118 ../../bsp/ucosii_net_rozipfs/\libucosii_bsp.a(cksum.o)
                0x0002b3f8                ccksum
                0x0002b4a8                cksum
 .text          0x0002b510      0xa9c ../../bsp/ucosii_net_rozipfs/\libucosii_bsp.a(in_utils.o)
                0x0002b510                do_trap
                0x0002b53c                nextarg
                0x0002b5b8                hexdump
                0x0002b700                print_ipad
                0x0002b774                print_uptime
                0x0002b8a0                panic
                0x0002b8e4                print_eth
                0x0002ba48                uslash
                0x0002bac8                ns_printf
                0x0002bc4c                std_out
                0x0002bc90                con_page
                0x0002bd80                parse_args
 .text          0x0002bfac      0x1c8 ../../bsp/ucosii_net_rozipfs/\libucosii_bsp.a(netmain.o)
                0x0002bfac                netmain
                0x0002c0a0                tk_netmain
                0x0002c128                tk_nettick
 .text          0x0002c174      0x5e8 ../../bsp/ucosii_net_rozipfs/\libucosii_bsp.a(tk_crnos.o)
                0x0002c174                TK_OSTimeDly
                0x0002c1a0                TK_OSTaskResume
                0x0002c210                tcp_sleep
                0x0002c3b0                tcp_wakeup
                0x0002c4b4                TK_OSTaskQuery
                0x0002c528                tk_yield
                0x0002c554                tk_stats
 .text          0x0002c75c     0x3438 ../../bsp/ucosii_net_rozipfs/\libucosii_bsp.a(dhcpclnt.o)
                0x0002c75c                dhc_get_srv_ipaddr
                0x0002c7ec                dhc_init
                0x0002c8a8                dhc_set_callback
                0x0002c8ec                dhc_upcall
                0x0002d11c                dhc_buildheader
                0x0002d338                dhc_discover
                0x0002d850                dhc_rx_offer
                0x0002d954                dhc_request
                0x0002e490                dhc_setip
                0x0002e710                dhc_resetip
                0x0002e7f4                dhc_decline
                0x0002e9d8                dhc_extract_opts
                0x0002ec94                dhc_stats
                0x0002f18c                dhc_second
                0x0002f728                dhc_halt
                0x0002f7b0                dhc_reclaim
                0x0002f980                dhc_state_init
                0x0002f9e0                dhc_alldone
                0x0002fa70                dhc_ifacedone
                0x0002fae4                dhc_set_state
 .text          0x0002fb94       0xcc ../../bsp/ucosii_net_rozipfs/\libucosii_bsp.a(dhcputil.o)
                0x0002fb94                find_opt
 .text          0x0002fc60      0x79c ../../bsp/ucosii_net_rozipfs/\libucosii_bsp.a(pktalloc.o)
                0x0002fc60                pk_init
                0x0002fef0                pk_alloc
                0x0002ffcc                pk_validate
                0x00030284                pk_free
                0x00030330                pk_get_max_intrsafe_buf_len
                0x00030350                dump_buf_estats
 .text          0x000303fc      0x288 ../../bsp/ucosii_net_rozipfs/\libucosii_bsp.a(q.o)
                0x000303fc                getq
                0x000304c4                putq
                0x00030574                qdel
 .text          0x00030684      0x31c ../../bsp/ucosii_net_rozipfs/\libucosii_bsp.a(udp_open.o)
                0x00030684                udp_open
                0x000308bc                udp_close
 .text          0x000309a0      0x194 ../../bsp/ucosii_net_rozipfs/\libucosii_bsp.a(asm_cksum.o)
                0x000309a0                asm_cksum
 .text          0x00030b34      0x2a0 ../../bsp/ucosii_net_rozipfs/\libucosii_bsp.a(brdutils.o)
                0x00030b34                dtrap
                0x00030b64                kbhit
                0x00030c10                getch
                0x00030c70                clock_init
                0x00030cac                clock_c
                0x00030cc8                cticks_hook
                0x00030d34                irq_Mask
                0x00030d90                irq_Unmask
 .text          0x00030dd4      0x488 ../../bsp/ucosii_net_rozipfs/\libucosii_bsp.a(osportco.o)
                0x00030dd4                LOCK_NET_RESOURCE
                0x00030e94                UNLOCK_NET_RESOURCE
                0x00030f1c                TK_NEWTASK
                0x00031130                wait_app_sem
                0x000311e4                post_app_sem
 .text          0x0003125c      0x568 ../../bsp/ucosii_net_rozipfs/\libucosii_bsp.a(targnios.o)
                0x0003125c                alt_iniche_init
                0x00031478                pre_task_setup
                0x000314ec                post_task_setup
                0x0003150c                prep_armintcp
                0x00031544                calloc2
                0x00031578                npalloc
                0x0003166c                npfree
                0x00031724                ncpalloc
                0x00031778                ncpfree
 .text          0x000317c4     0x24dc ../../bsp/ucosii_net_rozipfs/\libucosii_bsp.a(nptcp.o)
                0x000317c4                pffindtype
                0x00031864                pffindproto
                0x00031934                m_getnbuf
                0x00031adc                m_free
                0x00031c10                m_freem
                0x00031c54                m_copy
                0x00031f78                m_adj
                0x00032148                mbuf_len
                0x000321a0                dtom
                0x00032248                remque
                0x000322b8                insque
                0x00032334                nptcp_init
                0x00032458                tcp_rcv
                0x00032644                ip_output
                0x00032c3c                in_broadcast
                0x00032c7c                np_stripoptions
                0x00032d64                tcp_stat
                0x00032ea8                tcp_bsdconnstat
                0x00033008                tcp_bsdsendstat
                0x000330fc                tcp_bsdrcvstat
                0x000332fc                mbuf_stat
                0x00033480                mbuf_list
                0x00033520                sock_list
                0x0003377c                search_mbuf_queue
                0x000337e0                socket_queue_name
                0x000338c4                so_icmpdu
                0x00033c1c                tcp_tick
 .text          0x00033ca0      0xa2c ../../bsp/ucosii_net_rozipfs/\libucosii_bsp.a(rawsock.o)
                0x00033ca0                rawip_lookup
                0x00033d10                rawip_soinput
                0x00033ee4                rawip_usrreq
 .text          0x000346cc     0x17fc ../../bsp/ucosii_net_rozipfs/\libucosii_bsp.a(sockcall.o)
                0x000346cc                DOMAIN_CHECK
                0x00034718                t_socket
                0x000347a8                t_bind
                0x00034924                t_listen
                0x00034a08                t_accept
                0x00034ca0                t_connect
                0x00034f48                t_getpeername
                0x00034f8c                t_getsockname
                0x000351cc                t_setsockopt
                0x000353a8                t_getsockopt
                0x0003554c                t_recv
                0x0003563c                t_recvfrom
                0x0003578c                t_sendto
                0x000359b8                t_send
                0x00035be0                t_shutdown
                0x00035cc4                t_socketclose
                0x00035e2c                t_errno
 .text          0x00035ec8     0x2374 ../../bsp/ucosii_net_rozipfs/\libucosii_bsp.a(socket.o)
                0x00035ec8                socreate
                0x00036094                sobind
                0x000360f0                solisten
                0x000361e0                sofree
                0x00036310                soclose
                0x00036604                soabort
                0x00036654                soaccept
                0x000366f0                soconnect
                0x000367c4                sodisconnect
                0x00036864                sosend
                0x00036e6c                soreceive
                0x00037650                soshutdown
                0x000376f8                sorflush
                0x000377f8                sosetopt
                0x00037cb8                sogetopt
                0x000381f8                sohasoutofband
 .text          0x0003823c     0x1318 ../../bsp/ucosii_net_rozipfs/\libucosii_bsp.a(socket2.o)
                0x0003823c                soisconnecting
                0x000382a8                soisconnected
                0x000383a4                soisdisconnecting
                0x00038430                soisdisconnected
                0x000384ec                sonewconn
                0x00038708                soqinsque
                0x000387b4                soqremque
                0x000388d4                socantsendmore
                0x00038924                socantrcvmore
                0x00038974                sbselqueue
                0x000389ac                sbwait
                0x00038a14                sbwakeup
                0x00038ab0                soreserve
                0x00038b30                sbreserve
                0x00038b90                sbrelease
                0x00038bd8                sbappend
                0x00038c80                sbappendrecord
                0x00038d60                sbappendaddr
                0x00038f68                sbcompress
                0x00039150                sbflush
                0x000391e0                sbdrop
                0x000393b0                sbdropend
                0x000394c0                sbdroprecord
 .text          0x00039554      0x914 ../../bsp/ucosii_net_rozipfs/\libucosii_bsp.a(soselect.o)
                0x00039554                t_select
                0x00039774                sock_selscan
                0x000398cc                sock_select
                0x00039ae0                in_pcbnotify
                0x00039bac                tcp_notify
                0x00039c14                ifd_clr
                0x00039d04                ifd_set
                0x00039d78                ifd_isset
                0x00039df8                ifd_get
 .text          0x00039e68     0x2fe8 ../../bsp/ucosii_net_rozipfs/\libucosii_bsp.a(tcp_in.o)
                0x00039e68                tcp_reass
                0x0003a270                tcp_input
                0x0003c7c4                tcp_dooptions
                0x0003c954                tcp_pulloutofband
                0x0003ca80                tcp_xmit_timer
                0x0003ccec                ip4_tcpmss
                0x0003cd34                tcp_mss
 .text          0x0003ce50     0x1360 ../../bsp/ucosii_net_rozipfs/\libucosii_bsp.a(tcp_out.o)
                0x0003ce50                tcp_output
                0x0003dfcc                tcp_setpersist
 .text          0x0003e1b0      0x9e8 ../../bsp/ucosii_net_rozipfs/\libucosii_bsp.a(tcp_subr.o)
                0x0003e1b0                tcp_init
                0x0003e208                tcp_template
                0x0003e320                tcp_respond
                0x0003e7a8                tcp_newtcpcb
                0x0003e8c0                tcp_drop
                0x0003e96c                tcp_close
                0x0003ea54                tcp_quench
                0x0003eaa0                tcp_putseq
                0x0003eb20                tcp_getseq
 .text          0x0003eb98      0x798 ../../bsp/ucosii_net_rozipfs/\libucosii_bsp.a(tcp_timr.o)
                0x0003eb98                tcp_slowtimo
                0x0003ee38                tcp_canceltimers
                0x0003ee94                tcp_timers
 .text          0x0003f330      0x9ec ../../bsp/ucosii_net_rozipfs/\libucosii_bsp.a(tcp_usr.o)
                0x0003f330                tcp_usrreq
                0x0003fa34                tcp_attach
                0x0003fb68                tcp_disconnect
                0x0003fc3c                tcp_usrclosed
 .text          0x0003fd1c       0x4c ../../bsp/ucosii_net_rozipfs/\libucosii_bsp.a(tcpport.o)
                0x0003fd1c                tcpinit
 .text          0x0003fd68      0xd20 ../../bsp/ucosii_net_rozipfs/\libucosii_bsp.a(udpsock.o)
                0x0003fd68                udp_lookup
                0x0003fdd8                udp_soinput
                0x0003ff90                udp_usrreq
                0x00040214                udp4_sockbind
                0x00040550                udp4_socksend
                0x0004092c                udp4_sockaddr
 .text          0x00040a88      0x154 ../../bsp/ucosii_net_rozipfs/\libucosii_bsp.a(alt_alarm_start.o)
                0x00040a88                alt_alarm_start
 .text          0x00040bdc      0x14c ../../bsp/ucosii_net_rozipfs/\libucosii_bsp.a(alt_busy_sleep.o)
                0x00040bdc                alt_busy_sleep
 .text          0x00040d28      0x15c ../../bsp/ucosii_net_rozipfs/\libucosii_bsp.a(alt_close.o)
                0x00040d28                alt_close
 .text          0x00040e84       0x2c ../../bsp/ucosii_net_rozipfs/\libucosii_bsp.a(alt_dev.o)
 .text          0x00040eb0      0x114 ../../bsp/ucosii_net_rozipfs/\libucosii_bsp.a(alt_dev_llist_insert.o)
                0x00040eb0                alt_dev_llist_insert
 .text          0x00040fc4       0x64 ../../bsp/ucosii_net_rozipfs/\libucosii_bsp.a(alt_do_ctors.o)
                0x00040fc4                _do_ctors
 .text          0x00041028       0x64 ../../bsp/ucosii_net_rozipfs/\libucosii_bsp.a(alt_do_dtors.o)
                0x00041028                _do_dtors
 .text          0x0004108c        0x0 ../../bsp/ucosii_net_rozipfs/\libucosii_bsp.a(alt_errno.o)
 .text          0x0004108c       0x94 ../../bsp/ucosii_net_rozipfs/\libucosii_bsp.a(alt_find_dev.o)
                0x0004108c                alt_find_dev
 .text          0x00041120      0x120 ../../bsp/ucosii_net_rozipfs/\libucosii_bsp.a(alt_find_file.o)
                0x00041120                alt_find_file
 .text          0x00041240       0x90 ../../bsp/ucosii_net_rozipfs/\libucosii_bsp.a(alt_fs_reg.o)
                0x00041240                alt_fs_reg
 .text          0x000412d0       0xf4 ../../bsp/ucosii_net_rozipfs/\libucosii_bsp.a(alt_get_fd.o)
                0x000412d0                alt_get_fd
 .text          0x000413c4      0x1d4 ../../bsp/ucosii_net_rozipfs/\libucosii_bsp.a(alt_iic.o)
                0x000413c4                alt_ic_isr_register
                0x00041414                alt_ic_irq_enable
                0x000414b0                alt_ic_irq_disable
                0x00041550                alt_ic_irq_enabled
 .text          0x00041598       0xf8 ../../bsp/ucosii_net_rozipfs/\libucosii_bsp.a(alt_iic_isr_register.o)
                0x00041598                alt_iic_isr_register
 .text          0x00041690      0x13c ../../bsp/ucosii_net_rozipfs/\libucosii_bsp.a(alt_io_redirect.o)
                0x00041754                alt_io_redirect
 .text          0x000417cc        0x0 ../../bsp/ucosii_net_rozipfs/\libucosii_bsp.a(alt_irq_entry.o)
 .text          0x000417cc        0x0 ../../bsp/ucosii_net_rozipfs/\libucosii_bsp.a(alt_irq_handler.o)
 .text          0x000417cc        0x0 ../../bsp/ucosii_net_rozipfs/\libucosii_bsp.a(alt_irq_vars.o)
 .text          0x000417cc      0x180 ../../bsp/ucosii_net_rozipfs/\libucosii_bsp.a(alt_read.o)
                0x000417cc                alt_read
 .text          0x0004194c       0x38 ../../bsp/ucosii_net_rozipfs/\libucosii_bsp.a(alt_remap_cached.o)
                0x0004194c                alt_remap_cached
 .text          0x00041984       0x40 ../../bsp/ucosii_net_rozipfs/\libucosii_bsp.a(alt_remap_uncached.o)
                0x00041984                alt_remap_uncached
 .text          0x000419c4       0x64 ../../bsp/ucosii_net_rozipfs/\libucosii_bsp.a(alt_uncached_malloc.o)
                0x000419c4                alt_uncached_malloc
 .text          0x00041a28      0x180 ../../bsp/ucosii_net_rozipfs/\libucosii_bsp.a(alt_write.o)
                0x00041a28                alt_write
 .text          0x00041ba8       0x20 ../../bsp/ucosii_net_rozipfs/\libucosii_bsp.a(altera_nios2_qsys_irq.o)
                0x00041ba8                altera_nios2_qsys_irq_init
 .text          0x00041bc8       0xd0 ../../bsp/ucosii_net_rozipfs/\libucosii_bsp.a(os_cpu_a.o)
                0x00041bc8                OSCtxSw
                0x00041bc8                OSIntCtxSw
                0x00041c54                OSStartHighRdy
                0x00041c74                OSStartTsk
 .text          0x00041c98      0x424 ../../bsp/ucosii_net_rozipfs/\libucosii_bsp.a(os_cpu_c.o)
                0x00041c98                OSTaskStkInit
                0x00041fa8                OSTaskCreateHook
                0x00041fc8                OSTaskDelHook
                0x00041fe8                OSTaskSwHook
                0x00042004                OSTaskStatHook
                0x00042020                OSTimeTickHook
                0x00042048                OSInitHookBegin
                0x00042064                OSInitHookEnd
                0x00042080                OSTaskIdleHook
                0x0004209c                OSTCBInitHook
 .text          0x000420bc      0x460 ../../bsp/ucosii_net_rozipfs/\libucosii_bsp.a(altera_avalon_cfi_flash_amd.o)
                0x000420bc                alt_program_amd
                0x00042124                alt_erase_block_amd
 .text          0x0004251c      0x460 ../../bsp/ucosii_net_rozipfs/\libucosii_bsp.a(altera_avalon_cfi_flash_intel.o)
                0x0004251c                alt_program_intel
                0x000425a0                alt_erase_block_intel
 .text          0x0004297c      0x3d8 ../../bsp/ucosii_net_rozipfs/\libucosii_bsp.a(allports.o)
                0x0004297c                netmain_init
                0x00042a78                icmp_port_du
                0x00042b00                station_state
                0x00042c50                sysuptime
                0x00042c8c                packet_check
                0x00042cd8                mcastlist
                0x00042cfc                prep_modules
 .text          0x00042d54      0x480 ../../bsp/ucosii_net_rozipfs/\libucosii_bsp.a(timeouts.o)
                0x00042d54                inet_timer
                0x00042fb0                in_timerset
                0x0004312c                in_timerkill
 .text          0x000431d4       0xa4 ../../bsp/ucosii_net_rozipfs/\libucosii_bsp.a(tk_misc.o)
                0x000431d4                create_apptasks
                0x000431f8                task_stats
 .text          0x00043278       0xb0 ../../bsp/ucosii_net_rozipfs/\libucosii_bsp.a(alt_iniche_fcntl.o)
                0x00043278                fcntl
 .text          0x00043328     0x1710 ../../bsp/ucosii_net_rozipfs/\libucosii_bsp.a(et_arp.o)
                0x00043328                etainit
                0x0004337c                et_send
                0x000434f8                arp_free_pending
                0x00043580                arp_send_pending
                0x000435f4                send_arp
                0x00043a8c                find_oldest_arp
                0x00043c34                make_arp_entry
                0x00043d48                arpReply
                0x00043fdc                arprcv
                0x0004423c                send_via_arp
                0x000443e4                arp_stats
                0x00044654                cb_arpent_tmo
                0x0004476c                grat_arp
 .text          0x00044a38      0x298 ../../bsp/ucosii_net_rozipfs/\libucosii_bsp.a(iface.o)
                0x00044a38                if_getbynum
                0x00044abc                isbcast
                0x00044b9c                reg_type
                0x00044c38                if_killsocks
 .text          0x00044cd0     0x22a4 ../../bsp/ucosii_net_rozipfs/\libucosii_bsp.a(ip.o)
                0x00044cd0                ip_init
                0x00044dcc                ip_bldhead
                0x00044f70                ip_write_internal
                0x000456f0                ip_write
                0x00045938                ip_write2
                0x00045ce8                ip_raw_write
                0x00045dc0                ip_fragment_lc
                0x00046248                ip_fragment
                0x0004686c                ip_mymach
                0x00046918                ip_dump
                0x00046bd0                iproute
                0x00046e3c                ip_copypkt
 .text          0x00046f74     0x1d9c ../../bsp/ucosii_net_rozipfs/\libucosii_bsp.a(ip_reasm.o)
                0x00046f74                ip_reasm_match_frag_with_ire
                0x00047044                ip_reasm_determine_type_of_frag
                0x00047130                ip_reasm_check_mem_useage
                0x000471c8                ip_reasm_incr_mem_useage
                0x00047270                ip_reasm_decr_mem_useage
                0x00047310                ip_reasm_process_first_fragment
                0x000475f0                ip_reassm
                0x00047690                ip_reasm_compute_overlap
                0x00047c20                ip_reasm_process_subsequent_fragments
                0x000481b4                ip_reasm_find_ire
                0x00048218                ip_reasm_copy_queued_fragments_into_reassy_buffer
                0x00048574                ip_reasm_process_timer_tick
                0x00048658                ip_reasm_delete_ire
                0x00048820                ip_reasm_mark_compact_rfq
                0x00048968                ipr_stats
                0x00048cbc                ip_reasm_send_icmp_timex
 .text          0x00048d10     0x1010 ../../bsp/ucosii_net_rozipfs/\libucosii_bsp.a(ipdemux.o)
                0x00048d10                ip_rcv
                0x00049110                ip_rcv_phase2
                0x0004971c                ip_demux
                0x00049b4c                ip_stats
 .text          0x00049d20      0x2f0 ../../bsp/ucosii_net_rozipfs/\libucosii_bsp.a(ipmc.o)
                0x00049d20                in_addmulti
                0x00049e88                in_delmulti
                0x00049fa0                lookup_mcast
 .text          0x0004a010       0xe4 ../../bsp/ucosii_net_rozipfs/\libucosii_bsp.a(ipport.o)
                0x0004a010                prep_ifaces
                0x0004a0a4                netexit
                0x0004a0cc                evtmap_setup
 .text          0x0004a0f4      0x550 ../../bsp/ucosii_net_rozipfs/\libucosii_bsp.a(ipraw.o)
                0x0004a0f4                ip_raw_open
                0x0004a1e4                ip_raw_close
                0x0004a2a4                ip_raw_input
                0x0004a4dc                ip_raw_alloc
                0x0004a5a8                ip_raw_free
                0x0004a5e8                ip_raw_maxalloc
 .text          0x0004a644      0x6f0 ../../bsp/ucosii_net_rozipfs/\libucosii_bsp.a(iproute.o)
                0x0004a644                rt_lookup
                0x0004a7c8                add_route
                0x0004abf0                del_route
 .text          0x0004ad34     0x1108 ../../bsp/ucosii_net_rozipfs/\libucosii_bsp.a(udp.o)
                0x0004ad34                udpdemux
                0x0004b58c                udp_send
                0x0004b844                udpswap
                0x0004b974                udp_socket
                0x0004ba44                udp_alloc
                0x0004bb04                udp_maxalloc
                0x0004bb30                udp_free
                0x0004bb70                udp_stats
                0x0004bc00                udpsock_list
 .text          0x0004be3c      0x2e8 ../../bsp/ucosii_net_rozipfs/\libucosii_bsp.a(igmp.o)
                0x0004be3c                igmpv1_input
 .text          0x0004c124      0x7c0 ../../bsp/ucosii_net_rozipfs/\libucosii_bsp.a(igmp2.o)
                0x0004c124                igmpv2_input
                0x0004c284                igmpv2_process_report
                0x0004c3d0                igmpv2_process_query
                0x0004c61c                igmpv2_chk_set_timer
                0x0004c774                igmpv2_chk4_rtr_alert_opt
 .text          0x0004c8e4      0x8fc ../../bsp/ucosii_net_rozipfs/\libucosii_bsp.a(ipopt.o)
                0x0004c8e4                IPADDR_TO_NETP
                0x0004ca2c                ip_setmoptions
                0x0004d01c                ip_getmoptions
                0x0004d15c                ip_freemoptions
 .text          0x0004d1e0      0x6ac ../../bsp/ucosii_net_rozipfs/\libucosii_bsp.a(u_mctest.o)
                0x0004d1e0                u_mctest_init
                0x0004d210                u_mctest_run
 .text          0x0004d88c      0x388 ../../bsp/ucosii_net_rozipfs/\libucosii_bsp.a(dhcsetup.o)
                0x0004d88c                dhc_setup
                0x0004db10                dhc_main_ipset
 .text          0x0004dc14      0x40c ../../bsp/ucosii_net_rozipfs/\libucosii_bsp.a(memdev.o)
                0x0004dc14                init_memdev
                0x0004dc8c                md_fopen
                0x0004dcb4                md_fclose
                0x0004dcd4                md_fread
                0x0004de54                md_fwrite
                0x0004ded4                md_fseek
                0x0004df00                md_ftell
                0x0004df24                md_fgetc
                0x0004dffc                md_unlink
 .text          0x0004e020      0x810 ../../bsp/ucosii_net_rozipfs/\libucosii_bsp.a(parseip.o)
                0x0004e020                parse_ipad
                0x0004e33c                inet_addr
                0x0004e3a4                hextoa
                0x0004e414                inet_pton
                0x0004e4c0                inet_ntop
                0x0004e54c                print46_addr
                0x0004e5ac                inet46_addr
                0x0004e670                inet_setport
                0x0004e6e4                convert_ip
 .text          0x0004e830      0x1cc ../../bsp/ucosii_net_rozipfs/\libucosii_bsp.a(tcpcksum.o)
                0x0004e830                tcp_cksum
 .text          0x0004e9fc      0x900 ../../bsp/ucosii_net_rozipfs/\libucosii_bsp.a(in_pcb.o)
                0x0004e9fc                in_pcballoc
                0x0004ea90                in_pcbdetach
                0x0004eae4                in_pcbbind
                0x0004ed38                in_pcbconnect
                0x0004ef48                in_pcbdisconnect
                0x0004efa8                in_setsockaddr
                0x0004f024                in_setpeeraddr
                0x0004f0a0                in_pcblookup
 .text          0x0004f2fc     0x1a74 ../../bsp/ucosii_net_rozipfs/\libucosii_bsp.a(vfsfiles.o)
                0x0004f2fc                set_vfopen_error
                0x0004f324                get_vfopen_error
                0x0004f344                vf_alloc_and_link_vop
                0x0004f3c0                vf_alloc_buffer
                0x0004f498                vf_free_buffer
                0x0004f4e8                vfopen_locked
                0x0004f850                vfopen
                0x0004f8a0                vfclose_locked
                0x0004fa48                vfclose
                0x0004fa88                vfflush
                0x0004fad0                vfgets
                0x0004fbb4                vfeof
                0x0004fc0c                vunlink_flag_open_files
                0x0004fc68                vunlink
                0x0004fe88                vfread
                0x00050034                vfwrite_locked
                0x0005041c                vfwrite
                0x0005047c                vfseek
                0x000505f8                vftell
                0x0005072c                vgetc_locked
                0x0005084c                vgetc
                0x00050894                vfslookup_locked
                0x000509cc                vfslookup
                0x00050a14                strippath
                0x00050bfc                isvfile_locked
                0x00050c60                isvfile
                0x00050ca8                vferror
                0x00050d14                vclearerr
 .text          0x00050d70       0x24 ../../bsp/ucosii_net_rozipfs/\libucosii_bsp.a(vfsport.o)
                0x00050d70                prep_vfs
 .text          0x00050d94        0x0 ../../bsp/ucosii_net_rozipfs/\libucosii_bsp.a(alt_exception_entry.o)
 .text          0x00050d94      0x1b4 ../../bsp/ucosii_net_rozipfs/\libucosii_bsp.a(alt_fcntl.o)
                0x00050d94                alt_fcntl
 .text          0x00050f48     0x1528 ../../bsp/ucosii_net_rozipfs/\libucosii_bsp.a(icmp.o)
                0x00050f48                icmprcv
                0x00051b7c                icmp_destun
                0x00051ecc                icmp_timex
                0x00052200                icmp_du
                0x00052254                icmp_stats
 .text          0x00052470       0x14 c:/altera/11.1/nios2eds/bin/gnu/h-i686-mingw32/bin/../lib/gcc/nios2-elf/4.1.2/../../../../nios2-elf/lib\libc.a(lib_a-atexit.o)
                0x00052470                atexit
 .text          0x00052484       0x38 c:/altera/11.1/nios2eds/bin/gnu/h-i686-mingw32/bin/../lib/gcc/nios2-elf/4.1.2/../../../../nios2-elf/lib\libc.a(lib_a-exit.o)
                0x00052484                exit
 .text          0x000524bc       0x34 c:/altera/11.1/nios2eds/bin/gnu/h-i686-mingw32/bin/../lib/gcc/nios2-elf/4.1.2/../../../../nios2-elf/lib\libc.a(lib_a-vprintf.o)
                0x000524bc                _vprintf_r
                0x000524d0                vprintf
 .text          0x000524f0      0x134 c:/altera/11.1/nios2eds/bin/gnu/h-i686-mingw32/bin/../lib/gcc/nios2-elf/4.1.2/../../../../nios2-elf/lib\libc.a(lib_a-__atexit.o)
                0x000524f0                __register_exitproc
 .text          0x00052624      0x1b4 c:/altera/11.1/nios2eds/bin/gnu/h-i686-mingw32/bin/../lib/gcc/nios2-elf/4.1.2/../../../../nios2-elf/lib\libc.a(lib_a-__call_atexit.o)
                0x00052628                __call_exitprocs
 .text          0x000527d8       0x6c ../../bsp/ucosii_net_rozipfs/\libucosii_bsp.a(alt_exit.o)
                0x00052818                _exit
 *(.gnu.warning.*)
 *(.fini)
                0x00052844                PROVIDE (__etext, ABSOLUTE (.))
                0x00052844                PROVIDE (_etext, ABSOLUTE (.))
                0x00052844                PROVIDE (etext, ABSOLUTE (.))
 *(.eh_frame_hdr)
                0x00052844                . = ALIGN (0x4)
                0x00052844                PROVIDE (__preinit_array_start, ABSOLUTE (.))
 *(.preinit_array)
                0x00052844                PROVIDE (__preinit_array_end, ABSOLUTE (.))
                0x00052844                PROVIDE (__init_array_start, ABSOLUTE (.))
 *(.init_array)
                0x00052844                PROVIDE (__init_array_end, ABSOLUTE (.))
                0x00052844                PROVIDE (__fini_array_start, ABSOLUTE (.))
 *(.fini_array)
                0x00052844                PROVIDE (__fini_array_end, ABSOLUTE (.))
 *(.eh_frame)
 .eh_frame      0x00052844       0x40 c:/altera/11.1/nios2eds/bin/gnu/h-i686-mingw32/bin/../lib/gcc/nios2-elf/4.1.2\libgcc.a(_udivdi3.o)
 .eh_frame      0x00052884       0x2c c:/altera/11.1/nios2eds/bin/gnu/h-i686-mingw32/bin/../lib/gcc/nios2-elf/4.1.2\libgcc.a(_umoddi3.o)
                                 0x40 (size before relaxing)
 *(.gcc_except_table)
 *(.dynamic)
                0x000528b0                PROVIDE (__CTOR_LIST__, ABSOLUTE (.))
 *(.ctors)
 *(SORT(.ctors.*))
 .ctors.65535   0x000528b0        0x4 c:/altera/11.1/nios2eds/bin/gnu/h-i686-mingw32/bin/../lib/gcc/nios2-elf/4.1.2/../../../../nios2-elf/lib\libc.a(lib_a-__call_atexit.o)
                0x000528b4                PROVIDE (__CTOR_END__, ABSOLUTE (.))
                0x000528b4                PROVIDE (__DTOR_LIST__, ABSOLUTE (.))
 *(.dtors)
 *(SORT(.dtors.*))
                0x000528b4                PROVIDE (__DTOR_END__, ABSOLUTE (.))
 *(.jcr)
                0x000528b4                . = ALIGN (0x4)

.rodata         0x000528b4     0x7688
                0x000528b4                PROVIDE (__ram_rodata_start, ABSOLUTE (.))
                0x000528b4                . = ALIGN (0x4)
 *(.rodata .rodata.* .gnu.linkonce.r.*)
 .rodata        0x000528b4       0x50 obj/default/src/flash_utilities/flash_utilities.o
 .rodata        0x00052904       0x40 obj/default/src/main.o
 .rodata        0x00052944      0x658 obj/default/src/os_utils.o
 .rodata        0x00052f9c       0xa8 obj/default/src/srec/srec.o
 .rodata        0x00053044      0xebc obj/default/src/webserver.o
 .rodata        0x00053f00      0x281 c:/altera/11.1/nios2eds/bin/gnu/h-i686-mingw32/bin/../lib/gcc/nios2-elf/4.1.2/../../../../nios2-elf/lib\libc.a(lib_a-ctype_.o)
                0x00053f00                _ctype_
 *fill*         0x00054181        0x3 00
 .rodata.str1.4
                0x00054184        0x2 c:/altera/11.1/nios2eds/bin/gnu/h-i686-mingw32/bin/../lib/gcc/nios2-elf/4.1.2/../../../../nios2-elf/lib\libc.a(lib_a-impure.o)
                                  0x4 (size before relaxing)
 *fill*         0x00054186        0x2 00
 .rodata.str1.4
                0x00054188        0x3 c:/altera/11.1/nios2eds/bin/gnu/h-i686-mingw32/bin/../lib/gcc/nios2-elf/4.1.2/../../../../nios2-elf/lib\libc.a(lib_a-perror.o)
                                  0x4 (size before relaxing)
 *fill*         0x0005418b        0x1 00
 .rodata.str1.4
                0x0005418c        0x2 c:/altera/11.1/nios2eds/bin/gnu/h-i686-mingw32/bin/../lib/gcc/nios2-elf/4.1.2/../../../../nios2-elf/lib\libc.a(lib_a-puts.o)
                                  0x4 (size before relaxing)
 *fill*         0x0005418e        0x2 00
 .rodata.str1.4
                0x00054190      0x7a2 c:/altera/11.1/nios2eds/bin/gnu/h-i686-mingw32/bin/../lib/gcc/nios2-elf/4.1.2/../../../../nios2-elf/lib\libc.a(lib_a-strerror.o)
                                0x7a8 (size before relaxing)
 *fill*         0x00054932        0x2 00
 .rodata.str1.4
                0x00054934       0x5e c:/altera/11.1/nios2eds/bin/gnu/h-i686-mingw32/bin/../lib/gcc/nios2-elf/4.1.2/../../../../nios2-elf/lib\libc.a(lib_a-vfprintf.o)
                                 0x60 (size before relaxing)
 .rodata        0x00054992       0x20 c:/altera/11.1/nios2eds/bin/gnu/h-i686-mingw32/bin/../lib/gcc/nios2-elf/4.1.2/../../../../nios2-elf/lib\libc.a(lib_a-vfprintf.o)
 *fill*         0x000549b2        0x2 00
 .rodata.str1.4
                0x000549b4       0x10 c:/altera/11.1/nios2eds/bin/gnu/h-i686-mingw32/bin/../lib/gcc/nios2-elf/4.1.2/../../../../nios2-elf/lib\libc.a(lib_a-dtoa.o)
                                 0x14 (size before relaxing)
 .rodata.str1.4
                0x000549c4       0x10 c:/altera/11.1/nios2eds/bin/gnu/h-i686-mingw32/bin/../lib/gcc/nios2-elf/4.1.2/../../../../nios2-elf/lib\libc.a(lib_a-locale.o)
                                 0x18 (size before relaxing)
 .rodata        0x000549d4       0x30 c:/altera/11.1/nios2eds/bin/gnu/h-i686-mingw32/bin/../lib/gcc/nios2-elf/4.1.2/../../../../nios2-elf/lib\libc.a(lib_a-locale.o)
 .rodata        0x00054a04      0x124 c:/altera/11.1/nios2eds/bin/gnu/h-i686-mingw32/bin/../lib/gcc/nios2-elf/4.1.2/../../../../nios2-elf/lib\libc.a(lib_a-mprec.o)
                0x00054a04                __mprec_tens
                0x00054acc                __mprec_bigtens
                0x00054af4                __mprec_tinytens
 .rodata        0x00054b28       0x14 c:/altera/11.1/nios2eds/bin/gnu/h-i686-mingw32/bin/../lib/gcc/nios2-elf/4.1.2\libgcc.a(_thenan_df.o)
                0x00054b28                __thenan_df
 .rodata        0x00054b3c      0x100 c:/altera/11.1/nios2eds/bin/gnu/h-i686-mingw32/bin/../lib/gcc/nios2-elf/4.1.2\libgcc.a(_clz.o)
                0x00054b3c                __clz_tab
 .rodata        0x00054c3c       0x10 ../../bsp/ucosii_net_rozipfs/\libucosii_bsp.a(alt_main.o)
 .rodata        0x00054c4c      0x120 ../../bsp/ucosii_net_rozipfs/\libucosii_bsp.a(os_core.o)
                0x00054c4c                OSUnMapTbl
 .rodata        0x00054d6c       0x6c ../../bsp/ucosii_net_rozipfs/\libucosii_bsp.a(alt_sys_init.o)
 .rodata        0x00054dd8     0x1cc0 ../../bsp/ucosii_net_rozipfs/\libucosii_bsp.a(altera_avalon_tse.o)
 .rodata        0x00056a98      0x374 ../../bsp/ucosii_net_rozipfs/\libucosii_bsp.a(ins_tse_mac.o)
 .rodata        0x00056e0c       0xd8 ../../bsp/ucosii_net_rozipfs/\libucosii_bsp.a(ipnet.o)
 .rodata        0x00056ee4       0xec ../../bsp/ucosii_net_rozipfs/\libucosii_bsp.a(ipstart.o)
 .rodata        0x00056fd0      0x54c ../../bsp/ucosii_net_rozipfs/\libucosii_bsp.a(igmp_cmn.o)
 .rodata        0x0005751c       0xb8 ../../bsp/ucosii_net_rozipfs/\libucosii_bsp.a(in_utils.o)
 .rodata        0x000575d4       0x34 ../../bsp/ucosii_net_rozipfs/\libucosii_bsp.a(netmain.o)
 .rodata        0x00057608      0x1a8 ../../bsp/ucosii_net_rozipfs/\libucosii_bsp.a(tk_crnos.o)
 .rodata        0x000577b0      0x258 ../../bsp/ucosii_net_rozipfs/\libucosii_bsp.a(dhcpclnt.o)
 .rodata        0x00057a08      0x118 ../../bsp/ucosii_net_rozipfs/\libucosii_bsp.a(pktalloc.o)
 .rodata        0x00057b20       0x84 ../../bsp/ucosii_net_rozipfs/\libucosii_bsp.a(udp_open.o)
 .rodata        0x00057ba4       0x2c ../../bsp/ucosii_net_rozipfs/\libucosii_bsp.a(brdutils.o)
 .rodata        0x00057bd0      0x26c ../../bsp/ucosii_net_rozipfs/\libucosii_bsp.a(osportco.o)
 .rodata        0x00057e3c       0xa0 ../../bsp/ucosii_net_rozipfs/\libucosii_bsp.a(targnios.o)
 .rodata        0x00057edc      0xa0c ../../bsp/ucosii_net_rozipfs/\libucosii_bsp.a(nptcp.o)
 .rodata        0x000588e8        0x8 ../../bsp/ucosii_net_rozipfs/\libucosii_bsp.a(sockcall.o)
 .rodata        0x000588f0       0x50 ../../bsp/ucosii_net_rozipfs/\libucosii_bsp.a(socket.o)
 .rodata        0x00058940       0x40 ../../bsp/ucosii_net_rozipfs/\libucosii_bsp.a(socket2.o)
 .rodata        0x00058980       0x20 ../../bsp/ucosii_net_rozipfs/\libucosii_bsp.a(tcp_in.o)
 .rodata        0x000589a0       0x40 ../../bsp/ucosii_net_rozipfs/\libucosii_bsp.a(tcp_out.o)
 .rodata        0x000589e0       0x24 ../../bsp/ucosii_net_rozipfs/\libucosii_bsp.a(tcp_subr.o)
 .rodata        0x00058a04       0x2c ../../bsp/ucosii_net_rozipfs/\libucosii_bsp.a(tcp_usr.o)
 .rodata        0x00058a30        0xc ../../bsp/ucosii_net_rozipfs/\libucosii_bsp.a(alt_dev.o)
 .rodata        0x00058a3c        0x4 ../../bsp/ucosii_net_rozipfs/\libucosii_bsp.a(os_cpu_c.o)
 .rodata        0x00058a40      0x1d4 ../../bsp/ucosii_net_rozipfs/\libucosii_bsp.a(allports.o)
 .rodata        0x00058c14       0x34 ../../bsp/ucosii_net_rozipfs/\libucosii_bsp.a(tk_misc.o)
 .rodata        0x00058c48      0x138 ../../bsp/ucosii_net_rozipfs/\libucosii_bsp.a(et_arp.o)
 .rodata        0x00058d80      0x1dc ../../bsp/ucosii_net_rozipfs/\libucosii_bsp.a(ip.o)
 .rodata        0x00058f5c      0x158 ../../bsp/ucosii_net_rozipfs/\libucosii_bsp.a(ip_reasm.o)
 .rodata        0x000590b4      0x2cc ../../bsp/ucosii_net_rozipfs/\libucosii_bsp.a(ipdemux.o)
 .rodata        0x00059380       0x34 ../../bsp/ucosii_net_rozipfs/\libucosii_bsp.a(ipport.o)
 .rodata        0x000593b4       0x24 ../../bsp/ucosii_net_rozipfs/\libucosii_bsp.a(ipraw.o)
 .rodata        0x000593d8       0x38 ../../bsp/ucosii_net_rozipfs/\libucosii_bsp.a(iproute.o)
 .rodata        0x00059410      0x220 ../../bsp/ucosii_net_rozipfs/\libucosii_bsp.a(udp.o)
 .rodata        0x00059630      0x2d0 ../../bsp/ucosii_net_rozipfs/\libucosii_bsp.a(u_mctest.o)
 .rodata        0x00059900       0xf8 ../../bsp/ucosii_net_rozipfs/\libucosii_bsp.a(dhcsetup.o)
 .rodata        0x000599f8       0x94 ../../bsp/ucosii_net_rozipfs/\libucosii_bsp.a(parseip.o)
 .rodata        0x00059a8c       0x34 ../../bsp/ucosii_net_rozipfs/\libucosii_bsp.a(vfsfiles.o)
 .rodata        0x00059ac0      0x47c ../../bsp/ucosii_net_rozipfs/\libucosii_bsp.a(icmp.o)
 *(.rodata1)
                0x00059f3c                . = ALIGN (0x4)
                0x00059f3c                PROVIDE (__ram_rodata_end, ABSOLUTE (.))
                0x000528b4                PROVIDE (__flash_rodata_start, LOADADDR (.rodata))

.rwdata         0x00059f3c     0x2310
                0x00059f3c                PROVIDE (__ram_rwdata_start, ABSOLUTE (.))
                0x00059f3c                . = ALIGN (0x4)
 *(.got.plt)
 *(.got)
 *(.data1)
 *(.data .data.* .gnu.linkonce.d.*)
 .data          0x00059f3c        0x0 ../../bsp/ucosii_net_rozipfs//obj/HAL/src/crt0.o
 .data          0x00059f3c        0x0 obj/default/src/flash_utilities/flash_utilities.o
 .data          0x00059f3c      0x120 obj/default/src/main.o
                0x00059f3c                tse_mac_device
 .data          0x0005a05c        0x0 obj/default/src/os_utils.o