Archive member included because of file (symbol)

c:/altera/11.0/nios2eds/bin/gnu/h-i686-mingw32/bin/../lib/gcc/nios2-elf/4.1.2/../../../../nios2-elf/lib\libc.a(lib_a-ctype_.o)
                              obj/network_utilities.o (__ctype_ptr)
c:/altera/11.0/nios2eds/bin/gnu/h-i686-mingw32/bin/../lib/gcc/nios2-elf/4.1.2/../../../../nios2-elf/lib\libc.a(lib_a-fprintf.o)
                              obj/alt_error_handler.o (fprintf)
c:/altera/11.0/nios2eds/bin/gnu/h-i686-mingw32/bin/../lib/gcc/nios2-elf/4.1.2/../../../../nios2-elf/lib\libc.a(lib_a-fwrite.o)
                              obj/alt_error_handler.o (fwrite)
c:/altera/11.0/nios2eds/bin/gnu/h-i686-mingw32/bin/../lib/gcc/nios2-elf/4.1.2/../../../../nios2-elf/lib\libc.a(lib_a-getc.o)
                              obj/network_utilities.o (getc)
c:/altera/11.0/nios2eds/bin/gnu/h-i686-mingw32/bin/../lib/gcc/nios2-elf/4.1.2/../../../../nios2-elf/lib\libc.a(lib_a-impure.o)
                              obj/alt_error_handler.o (_impure_ptr)
c:/altera/11.0/nios2eds/bin/gnu/h-i686-mingw32/bin/../lib/gcc/nios2-elf/4.1.2/../../../../nios2-elf/lib\libc.a(lib_a-memcpy.o)
                              obj/simple_socket_server.o (memcpy)
c:/altera/11.0/nios2eds/bin/gnu/h-i686-mingw32/bin/../lib/gcc/nios2-elf/4.1.2/../../../../nios2-elf/lib\libc.a(lib_a-memmove.o)
                              obj/simple_socket_server.o (memmove)
c:/altera/11.0/nios2eds/bin/gnu/h-i686-mingw32/bin/../lib/gcc/nios2-elf/4.1.2/../../../../nios2-elf/lib\libc.a(lib_a-memset.o)
                              obj/simple_socket_server.o (memset)
c:/altera/11.0/nios2eds/bin/gnu/h-i686-mingw32/bin/../lib/gcc/nios2-elf/4.1.2/../../../../nios2-elf/lib\libc.a(lib_a-perror.o)
                              obj/alt_error_handler.o (perror)
c:/altera/11.0/nios2eds/bin/gnu/h-i686-mingw32/bin/../lib/gcc/nios2-elf/4.1.2/../../../../nios2-elf/lib\libc.a(lib_a-printf.o)
                              obj/alt_error_handler.o (printf)
c:/altera/11.0/nios2eds/bin/gnu/h-i686-mingw32/bin/../lib/gcc/nios2-elf/4.1.2/../../../../nios2-elf/lib\libc.a(lib_a-putc.o)
                              obj/network_utilities.o (putc)
c:/altera/11.0/nios2eds/bin/gnu/h-i686-mingw32/bin/../lib/gcc/nios2-elf/4.1.2/../../../../nios2-elf/lib\libc.a(lib_a-putchar.o)
                              obj/network_utilities.o (putchar)
c:/altera/11.0/nios2eds/bin/gnu/h-i686-mingw32/bin/../lib/gcc/nios2-elf/4.1.2/../../../../nios2-elf/lib\libc.a(lib_a-puts.o)
                              obj/alt_error_handler.o (puts)
c:/altera/11.0/nios2eds/bin/gnu/h-i686-mingw32/bin/../lib/gcc/nios2-elf/4.1.2/../../../../nios2-elf/lib\libc.a(lib_a-rget.o)
                              c:/altera/11.0/nios2eds/bin/gnu/h-i686-mingw32/bin/../lib/gcc/nios2-elf/4.1.2/../../../../nios2-elf/lib\libc.a(lib_a-getc.o) (__srget_r)
c:/altera/11.0/nios2eds/bin/gnu/h-i686-mingw32/bin/../lib/gcc/nios2-elf/4.1.2/../../../../nios2-elf/lib\libc.a(lib_a-sprintf.o)
                              obj/simple_socket_server.o (sprintf)
c:/altera/11.0/nios2eds/bin/gnu/h-i686-mingw32/bin/../lib/gcc/nios2-elf/4.1.2/../../../../nios2-elf/lib\libc.a(lib_a-strchr.o)
                              obj/simple_socket_server.o (strchr)
c:/altera/11.0/nios2eds/bin/gnu/h-i686-mingw32/bin/../lib/gcc/nios2-elf/4.1.2/../../../../nios2-elf/lib\libc.a(lib_a-strerror.o)
                              c:/altera/11.0/nios2eds/bin/gnu/h-i686-mingw32/bin/../lib/gcc/nios2-elf/4.1.2/../../../../nios2-elf/lib\libc.a(lib_a-perror.o) (strerror)
c:/altera/11.0/nios2eds/bin/gnu/h-i686-mingw32/bin/../lib/gcc/nios2-elf/4.1.2/../../../../nios2-elf/lib\libc.a(lib_a-strlen.o)
                              c:/altera/11.0/nios2eds/bin/gnu/h-i686-mingw32/bin/../lib/gcc/nios2-elf/4.1.2/../../../../nios2-elf/lib\libc.a(lib_a-puts.o) (strlen)
c:/altera/11.0/nios2eds/bin/gnu/h-i686-mingw32/bin/../lib/gcc/nios2-elf/4.1.2/../../../../nios2-elf/lib\libc.a(lib_a-u_strerr.o)
                              c:/altera/11.0/nios2eds/bin/gnu/h-i686-mingw32/bin/../lib/gcc/nios2-elf/4.1.2/../../../../nios2-elf/lib\libc.a(lib_a-strerror.o) (_user_strerror)
c:/altera/11.0/nios2eds/bin/gnu/h-i686-mingw32/bin/../lib/gcc/nios2-elf/4.1.2/../../../../nios2-elf/lib\libc.a(lib_a-vfprintf.o)
                              c:/altera/11.0/nios2eds/bin/gnu/h-i686-mingw32/bin/../lib/gcc/nios2-elf/4.1.2/../../../../nios2-elf/lib\libc.a(lib_a-printf.o) (___vfprintf_internal_r)
c:/altera/11.0/nios2eds/bin/gnu/h-i686-mingw32/bin/../lib/gcc/nios2-elf/4.1.2/../../../../nios2-elf/lib\libc.a(lib_a-wbuf.o)
                              c:/altera/11.0/nios2eds/bin/gnu/h-i686-mingw32/bin/../lib/gcc/nios2-elf/4.1.2/../../../../nios2-elf/lib\libc.a(lib_a-putc.o) (__swbuf_r)
c:/altera/11.0/nios2eds/bin/gnu/h-i686-mingw32/bin/../lib/gcc/nios2-elf/4.1.2/../../../../nios2-elf/lib\libc.a(lib_a-wsetup.o)
[...]
Memory Configuration

Name             Origin             Length             Attributes
ext_flash_BEFORE_RESET 0x08000000         0x01500000
reset            0x09500000         0x00000020
ext_flash        0x09500020         0x02afffe0
ssram32_0_BEFORE_EXCEPTION 0x0d000000         0x00000120
ssram32_0        0x0d000120         0x007ffee0
descriptor_memory 0x20000000         0x00002000
*default*        0x00000000         0xffffffff

Linker script and memory map

LOAD ../C3_Simple_socket_server_bsp//obj/HAL/src/crt0.o
LOAD obj/alt_error_handler.o
LOAD obj/iniche_init.o
LOAD obj/led.o
LOAD obj/network_utilities.o
LOAD obj/simple_socket_server.o
LOAD obj/tse_my_system.o
LOAD c:/altera/11.0/nios2eds/bin/gnu/h-i686-mingw32/bin/../lib/gcc/nios2-elf/4.1.2/../../../../nios2-elf/lib\libstdc++.a
LOAD c:/altera/11.0/nios2eds/bin/gnu/h-i686-mingw32/bin/../lib/gcc/nios2-elf/4.1.2/../../../../nios2-elf/lib\libm.a
LOAD c:/altera/11.0/nios2eds/bin/gnu/h-i686-mingw32/bin/../lib/gcc/nios2-elf/4.1.2\libgcc.a
START GROUP
LOAD c:/altera/11.0/nios2eds/bin/gnu/h-i686-mingw32/bin/../lib/gcc/nios2-elf/4.1.2/../../../../nios2-elf/lib\libc.a
LOAD c:/altera/11.0/nios2eds/bin/gnu/h-i686-mingw32/bin/../lib/gcc/nios2-elf/4.1.2\libgcc.a
LOAD ../C3_Simple_socket_server_bsp/\libucosii_bsp.a
END GROUP
LOAD c:/altera/11.0/nios2eds/bin/gnu/h-i686-mingw32/bin/../lib/gcc/nios2-elf/4.1.2\libgcc.a
                0x08000000                __alt_mem_ext_flash = 0x8000000
                0x0d000000                __alt_mem_ssram32_0 = 0xd000000
                0x20000000                __alt_mem_descriptor_memory = 0x20000000

.entry          0x09500000        0x0
 *(.entry)
 .entry         0x09500000        0x0 ../C3_Simple_socket_server_bsp//obj/HAL/src/crt0.o
                0x09500000                __reset

.exceptions     0x0d000120      0x19c
                0x0d000120                PROVIDE (__ram_exceptions_start, ABSOLUTE (.))
                0x0d000120                . = ALIGN (0x20)
 *(.irq)
 *(.exceptions.entry.label)
 .exceptions.entry.label
                0x0d000120        0x0 ../C3_Simple_socket_server_bsp/\libucosii_bsp.a(alt_irq_entry.o)
                0x0d000120                alt_irq_entry
 .exceptions.entry.label
                0x0d000120        0x0 ../C3_Simple_socket_server_bsp/\libucosii_bsp.a(alt_exception_entry.o)
                0x0d000120                alt_exception
 *(.exceptions.entry.user)
 *(.exceptions.entry)
 .exceptions.entry
                0x0d000120       0x54 ../C3_Simple_socket_server_bsp/\libucosii_bsp.a(alt_exception_entry.o)
 *(.exceptions.irqtest.user)
 *(.exceptions.irqtest)
 .exceptions.irqtest
                0x0d000174       0x10 ../C3_Simple_socket_server_bsp/\libucosii_bsp.a(alt_irq_entry.o)
 *(.exceptions.irqhandler.user)
 *(.exceptions.irqhandler)
 .exceptions.irqhandler
                0x0d000184        0x4 ../C3_Simple_socket_server_bsp/\libucosii_bsp.a(alt_irq_entry.o)
 *(.exceptions.irqreturn.user)
 *(.exceptions.irqreturn)
 .exceptions.irqreturn
                0x0d000188        0x4 ../C3_Simple_socket_server_bsp/\libucosii_bsp.a(alt_irq_entry.o)
 *(.exceptions.notirq.label)
 .exceptions.notirq.label
                0x0d00018c        0x0 ../C3_Simple_socket_server_bsp/\libucosii_bsp.a(alt_irq_entry.o)
 *(.exceptions.notirq.user)
 *(.exceptions.notirq)
 .exceptions.notirq
                0x0d00018c        0x8 ../C3_Simple_socket_server_bsp/\libucosii_bsp.a(alt_exception_entry.o)
 *(.exceptions.soft.user)
 *(.exceptions.soft)
 *(.exceptions.unknown.user)
 *(.exceptions.unknown)
 .exceptions.unknown
                0x0d000194        0x4 ../C3_Simple_socket_server_bsp/\libucosii_bsp.a(alt_exception_entry.o)
 *(.exceptions.exit.label)
 .exceptions.exit.label
                0x0d000198        0x0 ../C3_Simple_socket_server_bsp/\libucosii_bsp.a(alt_irq_entry.o)
 .exceptions.exit.label
                0x0d000198        0x0 ../C3_Simple_socket_server_bsp/\libucosii_bsp.a(alt_exception_entry.o)
 *(.exceptions.exit.user)
 *(.exceptions.exit)
 .exceptions.exit
                0x0d000198       0x54 ../C3_Simple_socket_server_bsp/\libucosii_bsp.a(alt_exception_entry.o)
 *(.exceptions)
 .exceptions    0x0d0001ec       0xd0 ../C3_Simple_socket_server_bsp/\libucosii_bsp.a(alt_irq_handler.o)
                0x0d0001ec                alt_irq_handler
                0x0d0002bc                PROVIDE (__ram_exceptions_end, ABSOLUTE (.))
                0x0d000120                PROVIDE (__flash_exceptions_start, LOADADDR (.exceptions))

.text           0x0d0002bc    0x4a598
                0x0d0002bc                PROVIDE (stext, ABSOLUTE (.))
 *(.interp)
 *(.hash)
 *(.dynsym)
 *(.dynstr)
 *(.gnu.version)
 *(.gnu.version_d)
 *(.gnu.version_r)
 *(.rel.init)
 *(.rela.init)
 *(.rel.text .rel.text.* .rel.gnu.linkonce.t.*)
 *(.rela.text .rela.text.* .rela.gnu.linkonce.t.*)
 *(.rel.fini)
 *(.rela.fini)
 *(.rel.rodata .rel.rodata.* .rel.gnu.linkonce.r.*)
 *(.rela.rodata .rela.rodata.* .rela.gnu.linkonce.r.*)
 *(.rel.data .rel.data.* .rel.gnu.linkonce.d.*)
 *(.rela.data .rela.data.* .rela.gnu.linkonce.d.*)
 *(.rel.tdata .rel.tdata.* .rel.gnu.linkonce.td.*)
 *(.rela.tdata .rela.tdata.* .rela.gnu.linkonce.td.*)
 *(.rel.tbss .rel.tbss.* .rel.gnu.linkonce.tb.*)
 *(.rela.tbss .rela.tbss.* .rela.gnu.linkonce.tb.*)
 *(.rel.ctors)
 *(.rela.ctors)
 *(.rel.dtors)
 *(.rela.dtors)
 *(.rel.got)
 *(.rela.got)
 *(.rel.sdata .rel.sdata.* .rel.gnu.linkonce.s.*)
 *(.rela.sdata .rela.sdata.* .rela.gnu.linkonce.s.*)
 *(.rel.sbss .rel.sbss.* .rel.gnu.linkonce.sb.*)
 *(.rela.sbss .rela.sbss.* .rela.gnu.linkonce.sb.*)
 *(.rel.sdata2 .rel.sdata2.* .rel.gnu.linkonce.s2.*)
 *(.rela.sdata2 .rela.sdata2.* .rela.gnu.linkonce.s2.*)
 *(.rel.sbss2 .rel.sbss2.* .rel.gnu.linkonce.sb2.*)
 *(.rela.sbss2 .rela.sbss2.* .rela.gnu.linkonce.sb2.*)
 *(.rel.bss .rel.bss.* .rel.gnu.linkonce.b.*)
 *(.rela.bss .rela.bss.* .rela.gnu.linkonce.b.*)
 *(.rel.plt)
 *(.rela.plt)
 *(.rel.dyn)
 *(.init)
 *(.plt)
 *(.text .stub .text.* .gnu.linkonce.t.*)
 .text          0x0d0002bc       0x48 ../C3_Simple_socket_server_bsp//obj/HAL/src/crt0.o
                0x0d0002bc                _start
 .text          0x0d000304      0xba8 obj/alt_error_handler.o
                0x0d000304                alt_uCOSIIErrorHandler
                0x0d000928                alt_NetworkErrorHandler
                0x0d000bc0                alt_SSSErrorHandler
 .text          0x0d000eac       0xf4 obj/iniche_init.o
                0x0d000eac                SSSInitialTask
                0x0d000f24                main
 .text          0x0d000fa0      0x344 obj/led.o
                0x0d000fa0                led_bit_toggle
                0x0d00108c                LED7SegLightshowTask
                0x0d001100                LEDManagementTask
 .text          0x0d0012e4      0x850 obj/network_utilities.o
                0x0d0012e4                get_mac_addr
                0x0d00133c                get_ip_addr
                0x0d001398                get_serial_number
                0x0d001574                generate_and_store_mac_addr
                0x0d001720                generate_mac_addr
                0x0d00185c                get_board_mac_addr
                0x0d0019f0                FindLastFlashSectorOffset
 .text          0x0d001b34      0x968 obj/simple_socket_server.o
                0x0d001b34                SSSCreateOSDataStructs
                0x0d001bdc                SSSCreateTasks
                0x0d001ca0                sss_reset_connection
                0x0d001d10                sss_send_menu
                0x0d001ea0                sss_handle_accept
                0x0d001f60                sss_exec_command
                0x0d002104                sss_handle_receive
                0x0d0022f0                SSSSimpleSocketServerTask
 .text          0x0d00249c        0x0 obj/tse_my_system.o
 .text          0x0d00249c        0x0 c:/altera/11.0/nios2eds/bin/gnu/h-i686-mingw32/bin/../lib/gcc/nios2-elf/4.1.2/../../../../nios2-elf/lib\libc.a(lib_a-ctype_.o)
 .text          0x0d00249c       0x60 c:/altera/11.0/nios2eds/bin/gnu/h-i686-mingw32/bin/../lib/gcc/nios2-elf/4.1.2/../../../../nios2-elf/lib\libc.a(lib_a-fprintf.o)
                0x0d00249c                fprintf
                0x0d0024c8                _fprintf_r
 .text          0x0d0024fc       0xdc c:/altera/11.0/nios2eds/bin/gnu/h-i686-mingw32/bin/../lib/gcc/nios2-elf/4.1.2/../../../../nios2-elf/lib\libc.a(lib_a-fwrite.o)
                0x0d0024fc                _fwrite_r
                0x0d002598                fwrite
 .text          0x0d0025d8      0x128 c:/altera/11.0/nios2eds/bin/gnu/h-i686-mingw32/bin/../lib/gcc/nios2-elf/4.1.2/../../../../nios2-elf/lib\libc.a(lib_a-getc.o)
                0x0d0025d8                getc
                0x0d002670                _getc_r
 .text          0x0d002700        0x0 c:/altera/11.0/nios2eds/bin/gnu/h-i686-mingw32/bin/../lib/gcc/nios2-elf/4.1.2/../../../../nios2-elf/lib\libc.a(lib_a-impure.o)
 .text          0x0d002700       0xa0 c:/altera/11.0/nios2eds/bin/gnu/h-i686-mingw32/bin/../lib/gcc/nios2-elf/4.1.2/../../../../nios2-elf/lib\libc.a(lib_a-memcpy.o)
                0x0d002700                memcpy
 .text          0x0d0027a0       0xe0 c:/altera/11.0/nios2eds/bin/gnu/h-i686-mingw32/bin/../lib/gcc/nios2-elf/4.1.2/../../../../nios2-elf/lib\libc.a(lib_a-memmove.o)
                0x0d0027a0                memmove
 .text          0x0d002880       0x98 c:/altera/11.0/nios2eds/bin/gnu/h-i686-mingw32/bin/../lib/gcc/nios2-elf/4.1.2/../../../../nios2-elf/lib\libc.a(lib_a-memset.o)
                0x0d002880                memset
 .text          0x0d002918       0x80 c:/altera/11.0/nios2eds/bin/gnu/h-i686-mingw32/bin/../lib/gcc/nios2-elf/4.1.2/../../../../nios2-elf/lib\libc.a(lib_a-perror.o)
                0x0d002918                _perror_r
                0x0d002984                perror
 .text          0x0d002998       0x78 c:/altera/11.0/nios2eds/bin/gnu/h-i686-mingw32/bin/../lib/gcc/nios2-elf/4.1.2/../../../../nios2-elf/lib\libc.a(lib_a-printf.o)
                0x0d002998                printf
                0x0d0029dc                _printf_r
 .text          0x0d002a10      0x1ec c:/altera/11.0/nios2eds/bin/gnu/h-i686-mingw32/bin/../lib/gcc/nios2-elf/4.1.2/../../../../nios2-elf/lib\libc.a(lib_a-putc.o)
                0x0d002a10                putc
                0x0d002b14                _putc_r
 .text          0x0d002bfc       0x24 c:/altera/11.0/nios2eds/bin/gnu/h-i686-mingw32/bin/../lib/gcc/nios2-elf/4.1.2/../../../../nios2-elf/lib\libc.a(lib_a-putchar.o)
                0x0d002bfc                putchar
                0x0d002c18                _putchar_r
 .text          0x0d002c20       0xb4 c:/altera/11.0/nios2eds/bin/gnu/h-i686-mingw32/bin/../lib/gcc/nios2-elf/4.1.2/../../../../nios2-elf/lib\libc.a(lib_a-puts.o)
                0x0d002c20                _puts_r
                0x0d002cc0                puts
 .text          0x0d002cd4       0x60 c:/altera/11.0/nios2eds/bin/gnu/h-i686-mingw32/bin/../lib/gcc/nios2-elf/4.1.2/../../../../nios2-elf/lib\libc.a(lib_a-rget.o)
                0x0d002cd4                __srget_r
                0x0d002d20                __srget
 .text          0x0d002d34       0xd4 c:/altera/11.0/nios2eds/bin/gnu/h-i686-mingw32/bin/../lib/gcc/nios2-elf/4.1.2/../../../../nios2-elf/lib\libc.a(lib_a-sprintf.o)
                0x0d002d34                sprintf
                0x0d002da8                _sprintf_r
 .text          0x0d002e08       0xe0 c:/altera/11.0/nios2eds/bin/gnu/h-i686-mingw32/bin/../lib/gcc/nios2-elf/4.1.2/../../../../nios2-elf/lib\libc.a(lib_a-strchr.o)
                0x0d002e08                strchr
 .text          0x0d002ee8      0x674 c:/altera/11.0/nios2eds/bin/gnu/h-i686-mingw32/bin/../lib/gcc/nios2-elf/4.1.2/../../../../nios2-elf/lib\libc.a(lib_a-strerror.o)
                0x0d002ee8                strerror
 .text          0x0d00355c       0x74 c:/altera/11.0/nios2eds/bin/gnu/h-i686-mingw32/bin/../lib/gcc/nios2-elf/4.1.2/../../../../nios2-elf/lib\libc.a(lib_a-strlen.o)
                0x0d00355c                strlen
 .text          0x0d0035d0        0x8 c:/altera/11.0/nios2eds/bin/gnu/h-i686-mingw32/bin/../lib/gcc/nios2-elf/4.1.2/../../../../nios2-elf/lib\libc.a(lib_a-u_strerr.o)
                0x0d0035d0                _user_strerror
 .text          0x0d0035d8     0x1f28 c:/altera/11.0/nios2eds/bin/gnu/h-i686-mingw32/bin/../lib/gcc/nios2-elf/4.1.2/../../../../nios2-elf/lib\libc.a(lib_a-vfprintf.o)
                0x0d003630                ___vfprintf_internal_r
                0x0d0054dc                __vfprintf_internal
 .text          0x0d005500      0x14c c:/altera/11.0/nios2eds/bin/gnu/h-i686-mingw32/bin/../lib/gcc/nios2-elf/4.1.2/../../../../nios2-elf/lib\libc.a(lib_a-wbuf.o)
                0x0d005500                __swbuf_r
                0x0d005630                __swbuf
 .text          0x0d00564c      0x13c c:/altera/11.0/nios2eds/bin/gnu/h-i686-mingw32/bin/../lib/gcc/nios2-elf/4.1.2/../../../../nios2-elf/lib\libc.a(lib_a-wsetup.o)
                0x0d00564c                __swsetup_r
 .text          0x0d005788     0x17cc c:/altera/11.0/nios2eds/bin/gnu/h-i686-mingw32/bin/../lib/gcc/nios2-elf/4.1.2/../../../../nios2-elf/lib\libc.a(lib_a-dtoa.o)
                0x0d0059a0                _dtoa_r
 .text          0x0d006f54      0x230 c:/altera/11.0/nios2eds/bin/gnu/h-i686-mingw32/bin/../lib/gcc/nios2-elf/4.1.2/../../../../nios2-elf/lib\libc.a(lib_a-fflush.o)
                0x0d006f54                _fflush_r
                0x0d007150                fflush
 .text          0x0d007184      0x2c0 c:/altera/11.0/nios2eds/bin/gnu/h-i686-mingw32/bin/../lib/gcc/nios2-elf/4.1.2/../../../../nios2-elf/lib\libc.a(lib_a-findfp.o)
                0x0d0071dc                __sfp_lock_acquire
                0x0d0071e0                __sfp_lock_release
                0x0d0071e4                __sinit_lock_acquire
                0x0d0071e8                __sinit_lock_release
                0x0d0071ec                __sinit
                0x0d0072a0                __fp_unlock_all
                0x0d0072b8                __fp_lock_all
                0x0d0072d0                _cleanup_r
                0x0d0072dc                _cleanup
                0x0d0072ec                __sfmoreglue
                0x0d007354                __sfp
 .text          0x0d007444       0xbc c:/altera/11.0/nios2eds/bin/gnu/h-i686-mingw32/bin/../lib/gcc/nios2-elf/4.1.2/../../../../nios2-elf/lib\libc.a(lib_a-fputc.o)
                0x0d007444                fputc
                0x0d0074a8                _fputc_r
 .text          0x0d007500       0x90 c:/altera/11.0/nios2eds/bin/gnu/h-i686-mingw32/bin/../lib/gcc/nios2-elf/4.1.2/../../../../nios2-elf/lib\libc.a(lib_a-fputs.o)
                0x0d007500                _fputs_r
                0x0d007574                fputs
 .text          0x0d007590      0x440 c:/altera/11.0/nios2eds/bin/gnu/h-i686-mingw32/bin/../lib/gcc/nios2-elf/4.1.2/../../../../nios2-elf/lib\libc.a(lib_a-freer.o)
                0x0d007590                _malloc_trim_r
                0x0d0076bc                _free_r
 .text          0x0d0079d0      0x49c c:/altera/11.0/nios2eds/bin/gnu/h-i686-mingw32/bin/../lib/gcc/nios2-elf/4.1.2/../../../../nios2-elf/lib\libc.a(lib_a-fvwrite.o)
                0x0d0079d0                __sfvwrite_r
 .text          0x0d007e6c      0x180 c:/altera/11.0/nios2eds/bin/gnu/h-i686-mingw32/bin/../lib/gcc/nios2-elf/4.1.2/../../../../nios2-elf/lib\libc.a(lib_a-fwalk.o)
                0x0d007e6c                _fwalk_reent
                0x0d007f34                _fwalk
 .text          0x0d007fec       0xc4 c:/altera/11.0/nios2eds/bin/gnu/h-i686-mingw32/bin/../lib/gcc/nios2-elf/4.1.2/../../../../nios2-elf/lib\libc.a(lib_a-locale.o)
                0x0d007fec                __locale_charset
                0x0d007ff4                _localeconv_r
                0x0d008000                localeconv
                0x0d008010                _setlocale_r
                0x0d008094                setlocale
 .text          0x0d0080b0      0x194 c:/altera/11.0/nios2eds/bin/gnu/h-i686-mingw32/bin/../lib/gcc/nios2-elf/4.1.2/../../../../nios2-elf/lib\libc.a(lib_a-makebuf.o)
                0x0d0080b0                __smakebuf_r
 .text          0x0d008244      0x740 c:/altera/11.0/nios2eds/bin/gnu/h-i686-mingw32/bin/../lib/gcc/nios2-elf/4.1.2/../../../../nios2-elf/lib\libc.a(lib_a-mallocr.o)
                0x0d008244                _malloc_r
 .text          0x0d008984       0xe4 c:/altera/11.0/nios2eds/bin/gnu/h-i686-mingw32/bin/../lib/gcc/nios2-elf/4.1.2/../../../../nios2-elf/lib\libc.a(lib_a-memchr.o)
                0x0d008984                memchr
 .text          0x0d008a68      0xff4 c:/altera/11.0/nios2eds/bin/gnu/h-i686-mingw32/bin/../lib/gcc/nios2-elf/4.1.2/../../../../nios2-elf/lib\libc.a(lib_a-mprec.o)
                0x0d008a68                _Bfree
                0x0d008a90                __hi0bits
                0x0d008b00                __lo0bits
                0x0d008bc4                __mcmp
                0x0d008c24                __ulp
                0x0d008ca4                __b2d
                0x0d008dc4                __ratio
                0x0d008e74                _mprec_log10
                0x0d008f08                __copybits
                0x0d008f60                __any_on
                0x0d008fe8                _Balloc
                0x0d0090a4                __d2b
                0x0d009220                __mdiff
                0x0d0093ac                __lshift
                0x0d0094f8                __multiply
                0x0d0096e0                __i2b
                0x0d00971c                __multadd
                0x0d00981c                __pow5mult
                0x0d00993c                __s2b
 .text          0x0d009a5c      0x5f4 c:/altera/11.0/nios2eds/bin/gnu/h-i686-mingw32/bin/../lib/gcc/nios2-elf/4.1.2/../../../../nios2-elf/lib\libc.a(lib_a-reallocr.o)
                0x0d009a5c                _realloc_r
 .text          0x0d00a050      0x1e0 c:/altera/11.0/nios2eds/bin/gnu/h-i686-mingw32/bin/../lib/gcc/nios2-elf/4.1.2/../../../../nios2-elf/lib\libc.a(lib_a-refill.o)
                0x0d00a050                __srefill_r
 .text          0x0d00a230       0x40 c:/altera/11.0/nios2eds/bin/gnu/h-i686-mingw32/bin/../lib/gcc/nios2-elf/4.1.2/../../../../nios2-elf/lib\libc.a(lib_a-s_isinfd.o)
                0x0d00a230                __isinfd
 .text          0x0d00a270       0x30 c:/altera/11.0/nios2eds/bin/gnu/h-i686-mingw32/bin/../lib/gcc/nios2-elf/4.1.2/../../../../nios2-elf/lib\libc.a(lib_a-s_isnand.o)
                0x0d00a270                __isnand
 .text          0x0d00a2a0       0x70 c:/altera/11.0/nios2eds/bin/gnu/h-i686-mingw32/bin/../lib/gcc/nios2-elf/4.1.2/../../../../nios2-elf/lib\libc.a(lib_a-sbrkr.o)
                0x0d00a2a0                _sbrk_r
 .text          0x0d00a310      0x14c c:/altera/11.0/nios2eds/bin/gnu/h-i686-mingw32/bin/../lib/gcc/nios2-elf/4.1.2/../../../../nios2-elf/lib\libc.a(lib_a-stdio.o)
                0x0d00a310                __sclose
                0x0d00a318                __sseek
                0x0d00a380                __swrite
                0x0d00a3fc                __sread
 .text          0x0d00a45c       0xbc c:/altera/11.0/nios2eds/bin/gnu/h-i686-mingw32/bin/../lib/gcc/nios2-elf/4.1.2/../../../../nios2-elf/lib\libc.a(lib_a-strcmp.o)
                0x0d00a45c                strcmp
 .text          0x0d00a518       0x78 c:/altera/11.0/nios2eds/bin/gnu/h-i686-mingw32/bin/../lib/gcc/nios2-elf/4.1.2/../../../../nios2-elf/lib\libc.a(lib_a-writer.o)
                0x0d00a518                _write_r
 .text          0x0d00a590       0xb4 c:/altera/11.0/nios2eds/bin/gnu/h-i686-mingw32/bin/../lib/gcc/nios2-elf/4.1.2/../../../../nios2-elf/lib\libc.a(lib_a-callocr.o)
                0x0d00a590                _calloc_r
 .text          0x0d00a644       0x70 c:/altera/11.0/nios2eds/bin/gnu/h-i686-mingw32/bin/../lib/gcc/nios2-elf/4.1.2/../../../../nios2-elf/lib\libc.a(lib_a-closer.o)
                0x0d00a644                _close_r
 .text          0x0d00a6b4      0x124 c:/altera/11.0/nios2eds/bin/gnu/h-i686-mingw32/bin/../lib/gcc/nios2-elf/4.1.2/../../../../nios2-elf/lib\libc.a(lib_a-fclose.o)
                0x0d00a6b4                _fclose_r
                0x0d00a7c4                fclose
 .text          0x0d00a7d8       0x74 c:/altera/11.0/nios2eds/bin/gnu/h-i686-mingw32/bin/../lib/gcc/nios2-elf/4.1.2/../../../../nios2-elf/lib\libc.a(lib_a-fstatr.o)
                0x0d00a7d8                _fstat_r
 .text          0x0d00a84c        0x0 c:/altera/11.0/nios2eds/bin/gnu/h-i686-mingw32/bin/../lib/gcc/nios2-elf/4.1.2/../../../../nios2-elf/lib\libc.a(lib_a-int_errno.o)
 .text          0x0d00a84c       0x70 c:/altera/11.0/nios2eds/bin/gnu/h-i686-mingw32/bin/../lib/gcc/nios2-elf/4.1.2/../../../../nios2-elf/lib\libc.a(lib_a-isattyr.o)
                0x0d00a84c                _isatty_r
 .text          0x0d00a8bc       0x78 c:/altera/11.0/nios2eds/bin/gnu/h-i686-mingw32/bin/../lib/gcc/nios2-elf/4.1.2/../../../../nios2-elf/lib\libc.a(lib_a-lseekr.o)
                0x0d00a8bc                _lseek_r
 .text          0x0d00a934       0x78 c:/altera/11.0/nios2eds/bin/gnu/h-i686-mingw32/bin/../lib/gcc/nios2-elf/4.1.2/../../../../nios2-elf/lib\libc.a(lib_a-readr.o)
                0x0d00a934                _read_r
 .text          0x0d00a9ac      0x5dc c:/altera/11.0/nios2eds/bin/gnu/h-i686-mingw32/bin/../lib/gcc/nios2-elf/4.1.2\libgcc.a(_udivdi3.o)
                0x0d00a9ac                __udivdi3
 .text          0x0d00af88      0x5b0 c:/altera/11.0/nios2eds/bin/gnu/h-i686-mingw32/bin/../lib/gcc/nios2-elf/4.1.2\libgcc.a(_umoddi3.o)
                0x0d00af88                __umoddi3
 .text          0x0d00b538      0x504 c:/altera/11.0/nios2eds/bin/gnu/h-i686-mingw32/bin/../lib/gcc/nios2-elf/4.1.2\libgcc.a(_addsub_df.o)
                0x0d00b948                __subdf3
                0x0d00b9c8                __adddf3
 .text          0x0d00ba3c      0x3c4 c:/altera/11.0/nios2eds/bin/gnu/h-i686-mingw32/bin/../lib/gcc/nios2-elf/4.1.2\libgcc.a(_mul_df.o)
                0x0d00ba3c                __muldf3
 .text          0x0d00be00      0x258 c:/altera/11.0/nios2eds/bin/gnu/h-i686-mingw32/bin/../lib/gcc/nios2-elf/4.1.2\libgcc.a(_div_df.o)
                0x0d00be00                __divdf3
 .text          0x0d00c058       0x88 c:/altera/11.0/nios2eds/bin/gnu/h-i686-mingw32/bin/../lib/gcc/nios2-elf/4.1.2\libgcc.a(_eq_df.o)
                0x0d00c058                __eqdf2
 .text          0x0d00c0e0       0x88 c:/altera/11.0/nios2eds/bin/gnu/h-i686-mingw32/bin/../lib/gcc/nios2-elf/4.1.2\libgcc.a(_ne_df.o)
                0x0d00c0e0                __nedf2
 .text          0x0d00c168       0x88 c:/altera/11.0/nios2eds/bin/gnu/h-i686-mingw32/bin/../lib/gcc/nios2-elf/4.1.2\libgcc.a(_gt_df.o)
                0x0d00c168                __gtdf2
 .text          0x0d00c1f0       0x88 c:/altera/11.0/nios2eds/bin/gnu/h-i686-mingw32/bin/../lib/gcc/nios2-elf/4.1.2\libgcc.a(_ge_df.o)
                0x0d00c1f0                __gedf2
 .text          0x0d00c278       0x88 c:/altera/11.0/nios2eds/bin/gnu/h-i686-mingw32/bin/../lib/gcc/nios2-elf/4.1.2\libgcc.a(_lt_df.o)
                0x0d00c278                __ltdf2
 .text          0x0d00c300       0xf8 c:/altera/11.0/nios2eds/bin/gnu/h-i686-mingw32/bin/../lib/gcc/nios2-elf/4.1.2\libgcc.a(_si_to_df.o)
                0x0d00c300                __floatsidf
 .text          0x0d00c3f8       0xd8 c:/altera/11.0/nios2eds/bin/gnu/h-i686-mingw32/bin/../lib/gcc/nios2-elf/4.1.2\libgcc.a(_df_to_si.o)
                0x0d00c3f8                __fixdfsi
 .text          0x0d00c4d0        0x0 c:/altera/11.0/nios2eds/bin/gnu/h-i686-mingw32/bin/../lib/gcc/nios2-elf/4.1.2\libgcc.a(_thenan_df.o)
 .text          0x0d00c4d0      0x194 c:/altera/11.0/nios2eds/bin/gnu/h-i686-mingw32/bin/../lib/gcc/nios2-elf/4.1.2\libgcc.a(_usi_to_df.o)
                0x0d00c4d0                __floatunsidf
 .text          0x0d00c664      0x14c c:/altera/11.0/nios2eds/bin/gnu/h-i686-mingw32/bin/../lib/gcc/nios2-elf/4.1.2\libgcc.a(lib2-divmod.o)
                0x0d00c6e0                __divsi3
                0x0d00c740                __modsi3
                0x0d00c7a0                __udivsi3
                0x0d00c7a8                __umodsi3
 .text          0x0d00c7b0       0x98 c:/altera/11.0/nios2eds/bin/gnu/h-i686-mingw32/bin/../lib/gcc/nios2-elf/4.1.2\libgcc.a(_muldi3.o)
                0x0d00c7b0                __muldi3
 .text          0x0d00c848        0x0 c:/altera/11.0/nios2eds/bin/gnu/h-i686-mingw32/bin/../lib/gcc/nios2-elf/4.1.2\libgcc.a(_clz.o)
 .text          0x0d00c848       0x80 c:/altera/11.0/nios2eds/bin/gnu/h-i686-mingw32/bin/../lib/gcc/nios2-elf/4.1.2\libgcc.a(_clzsi2.o)
                0x0d00c848                __clzsi2
 .text          0x0d00c8c8      0x314 c:/altera/11.0/nios2eds/bin/gnu/h-i686-mingw32/bin/../lib/gcc/nios2-elf/4.1.2\libgcc.a(_pack_df.o)
                0x0d00c8c8                __pack_d
 .text          0x0d00cbdc      0x138 c:/altera/11.0/nios2eds/bin/gnu/h-i686-mingw32/bin/../lib/gcc/nios2-elf/4.1.2\libgcc.a(_unpack_df.o)
                0x0d00cbdc                __unpack_d
 .text          0x0d00cd14       0xc8 c:/altera/11.0/nios2eds/bin/gnu/h-i686-mingw32/bin/../lib/gcc/nios2-elf/4.1.2\libgcc.a(_fpcmp_parts_df.o)
                0x0d00cd14                __fpcmp_parts_d
 .text          0x0d00cddc       0xd0 ../C3_Simple_socket_server_bsp/\libucosii_bsp.a(alt_flash_dev.o)
                0x0d00cddc                alt_flash_open_dev
                0x0d00ce58                alt_flash_close_dev
 .text          0x0d00ceac      0x134 ../C3_Simple_socket_server_bsp/\libucosii_bsp.a(alt_fstat.o)
                0x0d00ceac                fstat
 .text          0x0d00cfe0      0x120 ../C3_Simple_socket_server_bsp/\libucosii_bsp.a(alt_isatty.o)
                0x0d00cfe0                isatty
 .text          0x0d00d100      0x150 ../C3_Simple_socket_server_bsp/\libucosii_bsp.a(alt_lseek.o)
                0x0d00d100                lseek
 .text          0x0d00d250       0xc8 ../C3_Simple_socket_server_bsp/\libucosii_bsp.a(alt_main.o)
                0x0d00d250                alt_main
 .text          0x0d00d318       0xbc ../C3_Simple_socket_server_bsp/\libucosii_bsp.a(alt_sbrk.o)
                0x0d00d318                sbrk
 .text          0x0d00d3d4      0x108 ../C3_Simple_socket_server_bsp/\libucosii_bsp.a(alt_env_lock.o)
                0x0d00d3d4                __env_lock
                0x0d00d480                __env_unlock
 .text          0x0d00d4dc      0x1d8 ../C3_Simple_socket_server_bsp/\libucosii_bsp.a(alt_malloc_lock.o)
                0x0d00d4dc                __malloc_lock
                0x0d00d5e4                __malloc_unlock
 .text          0x0d00d6b4     0x2128 ../C3_Simple_socket_server_bsp/\libucosii_bsp.a(os_core.o)
                0x0d00d6b4                OSEventNameGet
                0x0d00d7e4                OSEventNameSet
                0x0d00d928                OSEventPendMulti
                0x0d00dfdc                OSInit
                0x0d00e030                OSIntEnter
                0x0d00e0ac                OSIntExit
                0x0d00e1ac                OSSchedLock
                0x0d00e238                OSSchedUnlock
                0x0d00e31c                OSStart
                0x0d00e38c                OSStatInit
                0x0d00e438                OSTimeTick
                0x0d00e678                OSVersion
                0x0d00e698                OS_Dummy
                0x0d00e6b4                OS_EventTaskRdy
                0x0d00e848                OS_EventTaskWait
                0x0d00e958                OS_EventTaskWaitMulti
                0x0d00eaac                OS_EventTaskRemove
                0x0d00eb64                OS_EventTaskRemoveMulti
                0x0d00ec68                OS_EventWaitListInit
                0x0d00f034                OS_MemClr
                0x0d00f088                OS_MemCopy
                0x0d00f0f4                OS_Sched
                0x0d00f238                OS_StrCopy
                0x0d00f2b8                OS_StrLen
                0x0d00f310                OS_TaskIdle
                0x0d00f36c                OS_TaskStat
                0x0d00f434                OS_TaskStatStkChk
                0x0d00f4fc                OS_TCBInit
 .text          0x0d00f7dc      0x18c ../C3_Simple_socket_server_bsp/\libucosii_bsp.a(os_dbg.o)
                0x0d00f7dc                OSDebugInit
 .text          0x0d00f968     0x193c ../C3_Simple_socket_server_bsp/\libucosii_bsp.a(os_flag.o)
                0x0d00f968                OSFlagAccept
                0x0d00fc9c                OSFlagCreate
                0x0d00fdd8                OSFlagDel
                0x0d010080                OSFlagNameGet
                0x0d0101c4                OSFlagNameSet
                0x0d010318                OSFlagPend
                0x0d01095c                OSFlagPendGetFlagsRdy
                0x0d0109c4                OSFlagPost
                0x0d010d6c                OSFlagQuery
                0x0d011004                OS_FlagInit
                0x0d0111f8                OS_FlagUnlink
 .text          0x0d0112a4      0x808 ../C3_Simple_socket_server_bsp/\libucosii_bsp.a(os_mem.o)
                0x0d0112a4                OSMemCreate
                0x0d0114c0                OSMemGet
                0x0d0115c4                OSMemNameGet
                0x0d0116d0                OSMemNameSet
                0x0d0117f0                OSMemPut
                0x0d0118e0                OSMemQuery
                0x0d0119dc                OS_MemInit
 .text          0x0d011aac     0x1334 ../C3_Simple_socket_server_bsp/\libucosii_bsp.a(os_q.o)
                0x0d011aac                OSQAccept
                0x0d011c00                OSQCreate
                0x0d011e14                OSQDel
                0x0d012114                OSQFlush
                0x0d0121dc                OSQPend
                0x0d0124fc                OSQPendAbort
                0x0d012678                OSQPost
                0x0d0127f8                OSQPostFront
                0x0d012980                OSQPostOpt
                0x0d012bb4                OSQQuery
                0x0d012d34                OS_QInit
 .text          0x0d012de0      0xbc8 ../C3_Simple_socket_server_bsp/\libucosii_bsp.a(os_sem.o)
                0x0d012de0                OSSemAccept
                0x0d012ea0                OSSemCreate
                0x0d012fb4                OSSemDel
                0x0d013254                OSSemPend
                0x0d0134d0                OSSemPendAbort
                0x0d01364c                OSSemPost
                0x0d013774                OSSemQuery
                0x0d0138a4                OSSemSet
 .text          0x0d0139a8     0x1a40 ../C3_Simple_socket_server_bsp/\libucosii_bsp.a(os_task.o)
                0x0d0139a8                OSTaskChangePrio
                0x0d013f1c                OSTaskCreate
                0x0d0140f0                OSTaskCreateExt
                0x0d0142f0                OSTaskDel
                0x0d0146fc                OSTaskDelReq
                0x0d01486c                OSTaskNameGet
                0x0d014a24                OSTaskNameSet
                0x0d014be8                OSTaskResume
                0x0d014e00                OSTaskStkChk
                0x0d014ffc                OSTaskSuspend
                0x0d015228                OSTaskQuery
                0x0d01536c                OS_TaskStkClr
 .text          0x0d0153e8      0x594 ../C3_Simple_socket_server_bsp/\libucosii_bsp.a(os_time.o)
                0x0d0153e8                OSTimeDly
                0x0d015534                OSTimeDlyHMSM
                0x0d0156a4                OSTimeDlyResume
                0x0d0158b4                OSTimeGet
                0x0d015918                OSTimeSet
 .text          0x0d01597c      0x2e0 ../C3_Simple_socket_server_bsp/\libucosii_bsp.a(alt_sys_init.o)
                0x0d01597c                alt_irq_init
                0x0d0159b0                alt_sys_init
 .text          0x0d015c5c      0x8d8 ../C3_Simple_socket_server_bsp/\libucosii_bsp.a(altera_avalon_cfi_flash.o)
                0x0d015c5c                alt_flash_cfi_init
                0x0d015d30                alt_flash_cfi_write
                0x0d015ff0                alt_flash_cfi_get_info
                0x0d016080                alt_flash_cfi_read
                0x0d0160e8                alt_write_value_to_flash
                0x0d01624c                alt_flash_program_block
 .text          0x0d016534     0x1448 ../C3_Simple_socket_server_bsp/\libucosii_bsp.a(altera_avalon_cfi_flash_table.o)
                0x0d016534                alt_read_query_entry_8bit
                0x0d016574                alt_read_query_entry_16bit
                0x0d0165b8                alt_read_query_entry_32bit
                0x0d016600                alt_write_flash_command_8bit_device_8bit_mode
                0x0d01663c                alt_write_flash_command_16bit_device_8bit_mode
                0x0d0166b8                alt_write_flash_command_32bit_device_8bit_mode
                0x0d016700                alt_write_flash_command_16bit_device_16bit_mode
                0x0d016744                alt_write_flash_command_32bit_device_16bit_mode
                0x0d01678c                alt_write_flash_command_32bit_device_32bit_mode
                0x0d0167d4                alt_write_native_8bit
                0x0d016808                alt_write_native_16bit
                0x0d01683c                alt_write_native_32bit
                0x0d01686c                alt_set_flash_width_func
                0x0d016a4c                alt_set_flash_algorithm_func
                0x0d016b74                alt_read_cfi_table
                0x0d0170f4                alt_read_cfi_width
                0x0d0178a0                alt_check_primary_table
 .text          0x0d01797c      0x148 ../C3_Simple_socket_server_bsp/\libucosii_bsp.a(altera_avalon_jtag_uart_fd.o)
                0x0d01797c                altera_avalon_jtag_uart_read_fd
                0x0d0179d4                altera_avalon_jtag_uart_write_fd
                0x0d017a2c                altera_avalon_jtag_uart_close_fd
                0x0d017a74                altera_avalon_jtag_uart_ioctl_fd
 .text          0x0d017ac4      0x584 ../C3_Simple_socket_server_bsp/\libucosii_bsp.a(altera_avalon_jtag_uart_init.o)
                0x0d017ac4                altera_avalon_jtag_uart_init
                0x0d017fd4                altera_avalon_jtag_uart_close
 .text          0x0d018048       0xf4 ../C3_Simple_socket_server_bsp/\libucosii_bsp.a(altera_avalon_jtag_uart_ioctl.o)
                0x0d018048                altera_avalon_jtag_uart_ioctl
 .text          0x0d01813c      0x2c0 ../C3_Simple_socket_server_bsp/\libucosii_bsp.a(altera_avalon_jtag_uart_read.o)
                0x0d01813c                altera_avalon_jtag_uart_read
 .text          0x0d0183fc      0x2dc ../C3_Simple_socket_server_bsp/\libucosii_bsp.a(altera_avalon_jtag_uart_write.o)
                0x0d0183fc                altera_avalon_jtag_uart_write
 .text          0x0d0186d8      0xf34 ../C3_Simple_socket_server_bsp/\libucosii_bsp.a(altera_avalon_lcd_16207.o)
                0x0d018eac                altera_avalon_lcd_16207_write
                0x0d0194a8                altera_avalon_lcd_16207_init
 .text          0x0d01960c       0x58 ../C3_Simple_socket_server_bsp/\libucosii_bsp.a(altera_avalon_lcd_16207_fd.o)
                0x0d01960c                altera_avalon_lcd_16207_write_fd
 .text          0x0d019664      0xde4 ../C3_Simple_socket_server_bsp/\libucosii_bsp.a(altera_avalon_sgdma.o)
                0x0d019664                alt_avalon_sgdma_do_async_transfer
                0x0d0197a0                alt_avalon_sgdma_do_sync_transfer
                0x0d0198c4                alt_avalon_sgdma_construct_mem_to_mem_desc
                0x0d019934                alt_avalon_sgdma_construct_mem_to_mem_desc_burst
                0x0d0199b4                alt_avalon_sgdma_construct_stream_to_mem_desc
                0x0d019a08                alt_avalon_sgdma_construct_stream_to_mem_desc_burst
                0x0d019a78                alt_avalon_sgdma_construct_mem_to_stream_desc
                0x0d019aec                alt_avalon_sgdma_construct_mem_to_stream_desc_burst
                0x0d019b70                alt_avalon_sgdma_register_callback
                0x0d019bc0                alt_avalon_sgdma_start
                0x0d019c14                alt_avalon_sgdma_stop
                0x0d019c6c                alt_avalon_sgdma_check_descriptor_status
                0x0d019cdc                alt_avalon_sgdma_open
                0x0d019d94                alt_avalon_sgdma_construct_descriptor
                0x0d019e1c                alt_avalon_sgdma_enable_desc_poll
                0x0d019e98                alt_avalon_sgdma_disable_desc_poll
                0x0d019ef4                alt_avalon_sgdma_construct_descriptor_burst
                0x0d01a39c                alt_avalon_sgdma_init
 .text          0x0d01a448      0x100 ../C3_Simple_socket_server_bsp/\libucosii_bsp.a(altera_avalon_timer_sc.o)
                0x0d01a4b8                alt_avalon_timer_sc_init
 .text          0x0d01a548     0x5350 ../C3_Simple_socket_server_bsp/\libucosii_bsp.a(altera_avalon_tse.o)
                0x0d01a548                no_printf
                0x0d01a574                tse_mac_initTransInfo2
                0x0d01a5d4                tse_mac_sTxWrite
                0x0d01a6c4                tse_mac_aRxRead
                0x0d01a768                tse_mac_SwReset
                0x0d01a7fc                tse_mac_setMIImode
                0x0d01a854                tse_mac_setGMIImode
                0x0d01a8a8                alt_tse_phy_add_profile
                0x0d01aa80                alt_tse_system_add_sys
                0x0d01b494                alt_tse_sys_enable_mdio_sharing
                0x0d01b60c                alt_tse_mac_get_common_speed
                0x0d01b64c                alt_tse_mac_set_common_speed
                0x0d01b694                alt_tse_get_system_index
                0x0d01b710                alt_tse_get_mac_group_index
                0x0d01b790                alt_tse_get_mac_info_index
                0x0d01b81c                alt_tse_get_mac_info
                0x0d01b8fc                alt_tse_mac_set_speed
                0x0d01b9e8                alt_tse_mac_set_duplex
                0x0d01ba80                getPHYSpeed
                0x0d01c898                alt_tse_phy_rd_mdio_addr
                0x0d01c8e0                alt_tse_phy_wr_mdio_addr
                0x0d01c934                alt_tse_phy_wr_mdio_reg
                0x0d01ca5c                alt_tse_phy_rd_mdio_reg
                0x0d01cb20                alt_tse_phy_add_profile_default
                0x0d01cd98                alt_tse_phy_print_profile
                0x0d01cf88                alt_tse_mac_group_init
                0x0d01d694                alt_tse_mac_get_phy
                0x0d01daac                alt_tse_mac_associate_phy
                0x0d01dce4                alt_tse_phy_cfg_pcs
                0x0d01de04                alt_tse_phy_init
                0x0d01df18                alt_tse_phy_restart_an
                0x0d01e0c8                alt_tse_phy_check_link
                0x0d01e20c                alt_tse_phy_get_cap
                0x0d01e74c                alt_tse_phy_set_adv_1000
                0x0d01e8e0                alt_tse_phy_set_adv_100
                0x0d01eaf0                alt_tse_phy_set_adv_10
                0x0d01ec88                alt_tse_phy_get_common_speed
                0x0d01efa4                alt_tse_phy_set_common_speed
                0x0d01f488                marvell_phy_cfg
                0x0d01f530                marvell_cfg_gmii
                0x0d01f624                marvell_cfg_sgmii
                0x0d01f718                marvell_cfg_rgmii
                0x0d01f818                DP83848C_link_status_read
 .text          0x0d01f898     0x1784 ../C3_Simple_socket_server_bsp/\libucosii_bsp.a(ins_tse_mac.o)
                0x0d01f898                triple_speed_ethernet_init
                0x0d01f9f4                prep_tse_mac
                0x0d01fc58                tse_mac_init
                0x0d020740                tse_mac_raw_send
                0x0d020a38                tse_sgdmaRx_isr
                0x0d020ae0                tse_sgdma_read_init
                0x0d020c88                tse_mac_rcv
                0x0d020ed8                tse_mac_stats
                0x0d020f18                tse_mac_close
 .text          0x0d02101c       0x54 ../C3_Simple_socket_server_bsp/\libucosii_bsp.a(alt_iniche_close.o)
                0x0d02101c                close
 .text          0x0d021070      0x144 ../C3_Simple_socket_server_bsp/\libucosii_bsp.a(alt_iniche_dev.o)
                0x0d021070                iniche_devices_init
 .text          0x0d0211b4       0x78 ../C3_Simple_socket_server_bsp/\libucosii_bsp.a(alt_iniche_read.o)
                0x0d0211b4                read
 .text          0x0d02122c       0x70 ../C3_Simple_socket_server_bsp/\libucosii_bsp.a(alt_iniche_write.o)
                0x0d02122c                write
 .text          0x0d02129c      0xedc ../C3_Simple_socket_server_bsp/\libucosii_bsp.a(ipnet.o)
                0x0d02129c                Netinit
                0x0d0218e8                fixup_subnet_mask
                0x0d021a48                netclose
                0x0d021b30                pktdemux
                0x0d021f04                c_older
                0x0d021fd4                ip2mac
 .text          0x0d022178      0x4b0 ../C3_Simple_socket_server_bsp/\libucosii_bsp.a(ipstart.o)
                0x0d022178                ip_startup
                0x0d02245c                exit_hook
                0x0d0224c8                ip_exit
                0x0d022598                if_netnumber
 .text          0x0d022628     0x101c ../C3_Simple_socket_server_bsp/\libucosii_bsp.a(igmp_cmn.o)
                0x0d022628                igmp_init
                0x0d0226d8                igmp_input
                0x0d0227d0                igmp_fasttimo
                0x0d022968                igmp_send
                0x0d022c10                igmp_joingroup
                0x0d022e8c                igmp_leavegroup
                0x0d022f08                igmp_validate
                0x0d023264                igmp_print_stats
 .text          0x0d023644      0xb40 ../C3_Simple_socket_server_bsp/\libucosii_bsp.a(bsdsock.o)
                0x0d023644                bsd_accept
                0x0d02377c                bsd_getpeername
                0x0d0238a8                bsd_getsockname
                0x0d0239d4                bsd_i_sockoptlen
                0x0d023b8c                bsd_getsockopt
                0x0d023cac                bsd_ioctl
                0x0d023db0                bsd_inet_ntoa
                0x0d023de0                bsd_recvfrom
                0x0d023f40                bsd_select
                0x0d024098                bsd_setsockopt
 .text          0x0d024184      0x118 ../C3_Simple_socket_server_bsp/\libucosii_bsp.a(cksum.o)
                0x0d024184                ccksum
                0x0d024234                cksum
 .text          0x0d02429c      0xabc ../C3_Simple_socket_server_bsp/\libucosii_bsp.a(in_utils.o)
                0x0d02429c                do_trap
                0x0d0242c8                nextarg
                0x0d024344                hexdump
                0x0d02448c                print_ipad
                0x0d024500                print_uptime
                0x0d024644                panic
                0x0d024688                print_eth
                0x0d0247ec                uslash
                0x0d02486c                ns_printf
                0x0d0249f0                std_out
                0x0d024a34                con_page
                0x0d024b2c                parse_args
 .text          0x0d024d58      0x1c8 ../C3_Simple_socket_server_bsp/\libucosii_bsp.a(netmain.o)
                0x0d024d58                netmain
                0x0d024e4c                tk_netmain
                0x0d024ed4                tk_nettick
 .text          0x0d024f20      0x5e8 ../C3_Simple_socket_server_bsp/\libucosii_bsp.a(tk_crnos.o)
                0x0d024f20                TK_OSTimeDly
                0x0d024f4c                TK_OSTaskResume
                0x0d024fbc                tcp_sleep
                0x0d02515c                tcp_wakeup
                0x0d025260                TK_OSTaskQuery
                0x0d0252d4                tk_yield
                0x0d025300                tk_stats
 .text          0x0d025508     0x2f40 ../C3_Simple_socket_server_bsp/\libucosii_bsp.a(dhcpclnt.o)
                0x0d025508                dhc_get_srv_ipaddr
                0x0d025598                dhc_init
                0x0d025654                dhc_set_callback
                0x0d025698                dhc_upcall
                0x0d025ec8                dhc_buildheader
                0x0d0260e4                dhc_discover
                0x0d0265fc                dhc_rx_offer
                0x0d026700                dhc_request
                0x0d02723c                dhc_setip
                0x0d0274bc                dhc_resetip
                0x0d0275a0                dhc_decline
                0x0d027784                dhc_extract_opts
                0x0d027a40                dhc_second
                0x0d027fdc                dhc_halt
                0x0d028064                dhc_reclaim
                0x0d028234                dhc_state_init
                0x0d028294                dhc_alldone
                0x0d028324                dhc_ifacedone
                0x0d028398                dhc_set_state
 .text          0x0d028448       0xcc ../C3_Simple_socket_server_bsp/\libucosii_bsp.a(dhcputil.o)
                0x0d028448                find_opt
 .text          0x0d028514      0x79c ../C3_Simple_socket_server_bsp/\libucosii_bsp.a(pktalloc.o)
                0x0d028514                pk_init
                0x0d0287a4                pk_alloc
                0x0d028880                pk_validate
                0x0d028b38                pk_free
                0x0d028be4                pk_get_max_intrsafe_buf_len
                0x0d028c04                dump_buf_estats
 .text          0x0d028cb0      0x288 ../C3_Simple_socket_server_bsp/\libucosii_bsp.a(q.o)
                0x0d028cb0                getq
                0x0d028d78                putq
                0x0d028e28                qdel
 .text          0x0d028f38      0x31c ../C3_Simple_socket_server_bsp/\libucosii_bsp.a(udp_open.o)
                0x0d028f38                udp_open
                0x0d029170                udp_close
 .text          0x0d029254      0x194 ../C3_Simple_socket_server_bsp/\libucosii_bsp.a(asm_cksum.o)
                0x0d029254                asm_cksum
 .text          0x0d0293e8      0x2a0 ../C3_Simple_socket_server_bsp/\libucosii_bsp.a(brdutils.o)
                0x0d0293e8                dtrap
                0x0d029418                kbhit
                0x0d0294c4                getch
                0x0d029524                clock_init
                0x0d029560                clock_c
                0x0d02957c                cticks_hook
                0x0d0295e8                irq_Mask
                0x0d029644                irq_Unmask
 .text          0x0d029688      0x488 ../C3_Simple_socket_server_bsp/\libucosii_bsp.a(osportco.o)
                0x0d029688                LOCK_NET_RESOURCE
                0x0d029748                UNLOCK_NET_RESOURCE
                0x0d0297d0                TK_NEWTASK
                0x0d0299e4                wait_app_sem
                0x0d029a98                post_app_sem
 .text          0x0d029b10      0x568 ../C3_Simple_socket_server_bsp/\libucosii_bsp.a(targnios.o)
                0x0d029b10                alt_iniche_init
                0x0d029d2c                pre_task_setup
                0x0d029da0                post_task_setup
                0x0d029dc0                prep_armintcp
                0x0d029df8                calloc2
                0x0d029e2c                npalloc
                0x0d029f20                npfree
                0x0d029fd8                ncpalloc
                0x0d02a02c                ncpfree
 .text          0x0d02a078     0x197c ../C3_Simple_socket_server_bsp/\libucosii_bsp.a(nptcp.o)
                0x0d02a078                pffindtype
                0x0d02a118                pffindproto
                0x0d02a1e8                m_getnbuf
                0x0d02a390                m_free
                0x0d02a4c4                m_freem
                0x0d02a508                m_copy
                0x0d02a82c                m_adj
                0x0d02a9fc                mbuf_len
                0x0d02aa54                dtom
                0x0d02aafc                remque
                0x0d02ab6c                insque
                0x0d02abe8                nptcp_init
                0x0d02ad0c                tcp_rcv
                0x0d02aef8                ip_output
                0x0d02b4f0                in_broadcast
                0x0d02b530                np_stripoptions
                0x0d02b618                so_icmpdu
                0x0d02b970                tcp_tick
 .text          0x0d02b9f4      0xa2c ../C3_Simple_socket_server_bsp/\libucosii_bsp.a(rawsock.o)
                0x0d02b9f4                rawip_lookup
                0x0d02ba64                rawip_soinput
                0x0d02bc38                rawip_usrreq
 .text          0x0d02c420     0x17fc ../C3_Simple_socket_server_bsp/\libucosii_bsp.a(sockcall.o)
                0x0d02c420                DOMAIN_CHECK
                0x0d02c46c                t_socket
                0x0d02c4fc                t_bind
                0x0d02c678                t_listen
                0x0d02c75c                t_accept
                0x0d02c9f4                t_connect
                0x0d02cc9c                t_getpeername
                0x0d02cce0                t_getsockname
                0x0d02cf20                t_setsockopt
                0x0d02d0fc                t_getsockopt
                0x0d02d2a0                t_recv
                0x0d02d390                t_recvfrom
                0x0d02d4e0                t_sendto
                0x0d02d70c                t_send
                0x0d02d934                t_shutdown
                0x0d02da18                t_socketclose
                0x0d02db80                t_errno
 .text          0x0d02dc1c     0x2374 ../C3_Simple_socket_server_bsp/\libucosii_bsp.a(socket.o)
                0x0d02dc1c                socreate
                0x0d02dde8                sobind
                0x0d02de44                solisten
                0x0d02df34                sofree
                0x0d02e064                soclose
                0x0d02e358                soabort
                0x0d02e3a8                soaccept
                0x0d02e444                soconnect
                0x0d02e518                sodisconnect
                0x0d02e5b8                sosend
                0x0d02ebc0                soreceive
                0x0d02f3a4                soshutdown
                0x0d02f44c                sorflush
                0x0d02f54c                sosetopt
                0x0d02fa0c                sogetopt
                0x0d02ff4c                sohasoutofband
 .text          0x0d02ff90     0x1318 ../C3_Simple_socket_server_bsp/\libucosii_bsp.a(socket2.o)
                0x0d02ff90                soisconnecting
                0x0d02fffc                soisconnected
                0x0d0300f8                soisdisconnecting
                0x0d030184                soisdisconnected
                0x0d030240                sonewconn
                0x0d03045c                soqinsque
                0x0d030508                soqremque
                0x0d030628                socantsendmore
                0x0d030678                socantrcvmore
                0x0d0306c8                sbselqueue
                0x0d030700                sbwait
                0x0d030768                sbwakeup
                0x0d030804                soreserve
                0x0d030884                sbreserve
                0x0d0308e4                sbrelease
                0x0d03092c                sbappend
                0x0d0309d4                sbappendrecord
                0x0d030ab4                sbappendaddr
                0x0d030cbc                sbcompress
                0x0d030ea4                sbflush
                0x0d030f34                sbdrop
                0x0d031104                sbdropend
                0x0d031214                sbdroprecord
 .text          0x0d0312a8      0x914 ../C3_Simple_socket_server_bsp/\libucosii_bsp.a(soselect.o)
                0x0d0312a8                t_select
                0x0d0314c8                sock_selscan
                0x0d031620                sock_select
                0x0d031834                in_pcbnotify
                0x0d031900                tcp_notify
                0x0d031968                ifd_clr
                0x0d031a58                ifd_set
                0x0d031acc                ifd_isset
                0x0d031b4c                ifd_get
 .text          0x0d031bbc     0x2fe8 ../C3_Simple_socket_server_bsp/\libucosii_bsp.a(tcp_in.o)
                0x0d031bbc                tcp_reass
                0x0d031fc4                tcp_input
                0x0d034518                tcp_dooptions
                0x0d0346a8                tcp_pulloutofband
                0x0d0347d4                tcp_xmit_timer
                0x0d034a40                ip4_tcpmss
                0x0d034a88                tcp_mss
 .text          0x0d034ba4     0x1360 ../C3_Simple_socket_server_bsp/\libucosii_bsp.a(tcp_out.o)
                0x0d034ba4                tcp_output
                0x0d035d20                tcp_setpersist
 .text          0x0d035f04      0x9e8 ../C3_Simple_socket_server_bsp/\libucosii_bsp.a(tcp_subr.o)
                0x0d035f04                tcp_init
                0x0d035f5c                tcp_template
                0x0d036074                tcp_respond
                0x0d0364fc                tcp_newtcpcb
                0x0d036614                tcp_drop
                0x0d0366c0                tcp_close
                0x0d0367a8                tcp_quench
                0x0d0367f4                tcp_putseq
                0x0d036874                tcp_getseq
 .text          0x0d0368ec      0x798 ../C3_Simple_socket_server_bsp/\libucosii_bsp.a(tcp_timr.o)
                0x0d0368ec                tcp_slowtimo
                0x0d036b8c                tcp_canceltimers
                0x0d036be8                tcp_timers
 .text          0x0d037084      0x9ec ../C3_Simple_socket_server_bsp/\libucosii_bsp.a(tcp_usr.o)
                0x0d037084                tcp_usrreq
                0x0d037788                tcp_attach
                0x0d0378bc                tcp_disconnect
                0x0d037990                tcp_usrclosed
 .text          0x0d037a70       0x4c ../C3_Simple_socket_server_bsp/\libucosii_bsp.a(tcpport.o)
                0x0d037a70                tcpinit
 .text          0x0d037abc      0xd20 ../C3_Simple_socket_server_bsp/\libucosii_bsp.a(udpsock.o)
                0x0d037abc                udp_lookup
                0x0d037b2c                udp_soinput
                0x0d037ce4                udp_usrreq
                0x0d037f68                udp4_sockbind
                0x0d0382a4                udp4_socksend
                0x0d038680                udp4_sockaddr
 .text          0x0d0387dc      0x154 ../C3_Simple_socket_server_bsp/\libucosii_bsp.a(alt_alarm_start.o)
                0x0d0387dc                alt_alarm_start
 .text          0x0d038930      0x15c ../C3_Simple_socket_server_bsp/\libucosii_bsp.a(alt_close.o)
                0x0d038930                alt_close
 .text          0x0d038a8c       0x78 ../C3_Simple_socket_server_bsp/\libucosii_bsp.a(alt_dcache_flush.o)
                0x0d038a8c                alt_dcache_flush
 .text          0x0d038b04       0x2c ../C3_Simple_socket_server_bsp/\libucosii_bsp.a(alt_dev.o)
 .text          0x0d038b30      0x114 ../C3_Simple_socket_server_bsp/\libucosii_bsp.a(alt_dev_llist_insert.o)
                0x0d038b30                alt_dev_llist_insert
 .text          0x0d038c44       0x64 ../C3_Simple_socket_server_bsp/\libucosii_bsp.a(alt_do_ctors.o)
                0x0d038c44                _do_ctors
 .text          0x0d038ca8       0x64 ../C3_Simple_socket_server_bsp/\libucosii_bsp.a(alt_do_dtors.o)
                0x0d038ca8                _do_dtors
 .text          0x0d038d0c        0x0 ../C3_Simple_socket_server_bsp/\libucosii_bsp.a(alt_errno.o)
 .text          0x0d038d0c       0x94 ../C3_Simple_socket_server_bsp/\libucosii_bsp.a(alt_find_dev.o)
                0x0d038d0c                alt_find_dev
 .text          0x0d038da0      0x1d4 ../C3_Simple_socket_server_bsp/\libucosii_bsp.a(alt_iic.o)
                0x0d038da0                alt_ic_isr_register
                0x0d038df0                alt_ic_irq_enable
                0x0d038e8c                alt_ic_irq_disable
                0x0d038f2c                alt_ic_irq_enabled
 .text          0x0d038f74       0xf8 ../C3_Simple_socket_server_bsp/\libucosii_bsp.a(alt_iic_isr_register.o)
                0x0d038f74                alt_iic_isr_register
 .text          0x0d03906c      0x13c ../C3_Simple_socket_server_bsp/\libucosii_bsp.a(alt_io_redirect.o)
                0x0d039130                alt_io_redirect
 .text          0x0d0391a8        0x0 ../C3_Simple_socket_server_bsp/\libucosii_bsp.a(alt_irq_entry.o)
 .text          0x0d0391a8        0x0 ../C3_Simple_socket_server_bsp/\libucosii_bsp.a(alt_irq_handler.o)
 .text          0x0d0391a8        0x0 ../C3_Simple_socket_server_bsp/\libucosii_bsp.a(alt_irq_vars.o)
 .text          0x0d0391a8      0x2c4 ../C3_Simple_socket_server_bsp/\libucosii_bsp.a(alt_open.o)
                0x0d039284                open
 .text          0x0d03946c      0x180 ../C3_Simple_socket_server_bsp/\libucosii_bsp.a(alt_read.o)
                0x0d03946c                alt_read
 .text          0x0d0395ec       0x60 ../C3_Simple_socket_server_bsp/\libucosii_bsp.a(alt_release_fd.o)
                0x0d0395ec                alt_release_fd
 .text          0x0d03964c       0x38 ../C3_Simple_socket_server_bsp/\libucosii_bsp.a(alt_remap_cached.o)
                0x0d03964c                alt_remap_cached
 .text          0x0d039684       0x40 ../C3_Simple_socket_server_bsp/\libucosii_bsp.a(alt_remap_uncached.o)
                0x0d039684                alt_remap_uncached
 .text          0x0d0396c4      0x1a8 ../C3_Simple_socket_server_bsp/\libucosii_bsp.a(alt_tick.o)
                0x0d0396c4                alt_alarm_stop
                0x0d03975c                alt_tick
 .text          0x0d03986c       0x64 ../C3_Simple_socket_server_bsp/\libucosii_bsp.a(alt_uncached_malloc.o)
                0x0d03986c                alt_uncached_malloc
 .text          0x0d0398d0      0x118 ../C3_Simple_socket_server_bsp/\libucosii_bsp.a(alt_usleep.o)
                0x0d0398d0                usleep
 .text          0x0d0399e8      0x180 ../C3_Simple_socket_server_bsp/\libucosii_bsp.a(alt_write.o)
                0x0d0399e8                alt_write
 .text          0x0d039b68       0x20 ../C3_Simple_socket_server_bsp/\libucosii_bsp.a(altera_nios2_irq.o)
                0x0d039b68                altera_nios2_irq_init
 .text          0x0d039b88       0xd0 ../C3_Simple_socket_server_bsp/\libucosii_bsp.a(os_cpu_a.o)
                0x0d039b88                OSCtxSw
                0x0d039b88                OSIntCtxSw
                0x0d039c14                OSStartHighRdy
                0x0d039c34                OSStartTsk
 .text          0x0d039c58      0x424 ../C3_Simple_socket_server_bsp/\libucosii_bsp.a(os_cpu_c.o)
                0x0d039c58                OSTaskStkInit
                0x0d039f68                OSTaskCreateHook
                0x0d039f88                OSTaskDelHook
                0x0d039fa8                OSTaskSwHook
                0x0d039fc4                OSTaskStatHook
                0x0d039fe0                OSTimeTickHook
                0x0d03a008                OSInitHookBegin
                0x0d03a024                OSInitHookEnd
                0x0d03a040                OSTaskIdleHook
                0x0d03a05c                OSTCBInitHook
 .text          0x0d03a07c      0x460 ../C3_Simple_socket_server_bsp/\libucosii_bsp.a(altera_avalon_cfi_flash_amd.o)
                0x0d03a07c                alt_program_amd
                0x0d03a0e4                alt_erase_block_amd
 .text          0x0d03a4dc      0x460 ../C3_Simple_socket_server_bsp/\libucosii_bsp.a(altera_avalon_cfi_flash_intel.o)
                0x0d03a4dc                alt_program_intel
                0x0d03a560                alt_erase_block_intel
 .text          0x0d03a93c      0x3d0 ../C3_Simple_socket_server_bsp/\libucosii_bsp.a(allports.o)
                0x0d03a93c                netmain_init
                0x0d03aa38                icmp_port_du
                0x0d03aac0                station_state
                0x0d03ac10                sysuptime
                0x0d03ac44                packet_check
                0x0d03ac90                mcastlist
                0x0d03acb4                prep_modules
 .text          0x0d03ad0c      0x46c ../C3_Simple_socket_server_bsp/\libucosii_bsp.a(timeouts.o)
                0x0d03ad0c                inet_timer
                0x0d03af68                in_timerset
                0x0d03b0d0                in_timerkill
 .text          0x0d03b178       0xa4 ../C3_Simple_socket_server_bsp/\libucosii_bsp.a(tk_misc.o)
                0x0d03b178                create_apptasks
                0x0d03b19c                task_stats
 .text          0x0d03b21c       0xb0 ../C3_Simple_socket_server_bsp/\libucosii_bsp.a(alt_iniche_fcntl.o)
                0x0d03b21c                fcntl
 .text          0x0d03b2cc     0x14a0 ../C3_Simple_socket_server_bsp/\libucosii_bsp.a(et_arp.o)
                0x0d03b2cc                etainit
                0x0d03b320                et_send
                0x0d03b49c                arp_free_pending
                0x0d03b524                arp_send_pending
                0x0d03b598                send_arp
                0x0d03ba30                find_oldest_arp
                0x0d03bbd8                make_arp_entry
                0x0d03bcec                arpReply
                0x0d03bf80                arprcv
                0x0d03c1e0                send_via_arp
                0x0d03c388                cb_arpent_tmo
                0x0d03c4a0                grat_arp
 .text          0x0d03c76c      0x298 ../C3_Simple_socket_server_bsp/\libucosii_bsp.a(iface.o)
                0x0d03c76c                if_getbynum
                0x0d03c7f0                isbcast
                0x0d03c8d0                reg_type
                0x0d03c96c                if_killsocks
 .text          0x0d03ca04     0x22ac ../C3_Simple_socket_server_bsp/\libucosii_bsp.a(ip.o)
                0x0d03ca04                ip_init
                0x0d03cb00                ip_bldhead
                0x0d03cca4                ip_write_internal
                0x0d03d424                ip_write
                0x0d03d66c                ip_write2
                0x0d03da1c                ip_raw_write
                0x0d03daf4                ip_fragment_lc
                0x0d03df7c                ip_fragment
                0x0d03e5a8                ip_mymach
                0x0d03e654                ip_dump
                0x0d03e90c                iproute
                0x0d03eb78                ip_copypkt
 .text          0x0d03ecb0     0x1d90 ../C3_Simple_socket_server_bsp/\libucosii_bsp.a(ip_reasm.o)
                0x0d03ecb0                ip_reasm_match_frag_with_ire
                0x0d03ed80                ip_reasm_determine_type_of_frag
                0x0d03ee6c                ip_reasm_check_mem_useage
                0x0d03ef04                ip_reasm_incr_mem_useage
                0x0d03efac                ip_reasm_decr_mem_useage
                0x0d03f04c                ip_reasm_process_first_fragment
                0x0d03f32c                ip_reassm
                0x0d03f3cc                ip_reasm_compute_overlap
                0x0d03f95c                ip_reasm_process_subsequent_fragments
                0x0d03fef0                ip_reasm_find_ire
                0x0d03ff54                ip_reasm_copy_queued_fragments_into_reassy_buffer
                0x0d0402b0                ip_reasm_process_timer_tick
                0x0d040394                ip_reasm_delete_ire
                0x0d04055c                ip_reasm_mark_compact_rfq
                0x0d0406a4                ipr_stats
                0x0d0409ec                ip_reasm_send_icmp_timex
 .text          0x0d040a40      0xe3c ../C3_Simple_socket_server_bsp/\libucosii_bsp.a(ipdemux.o)
                0x0d040a40                ip_rcv
                0x0d040e40                ip_rcv_phase2
                0x0d04144c                ip_demux
 .text          0x0d04187c      0x2f0 ../C3_Simple_socket_server_bsp/\libucosii_bsp.a(ipmc.o)
                0x0d04187c                in_addmulti
                0x0d0419e4                in_delmulti
                0x0d041afc                lookup_mcast
 .text          0x0d041b6c       0xe4 ../C3_Simple_socket_server_bsp/\libucosii_bsp.a(ipport.o)
                0x0d041b6c                prep_ifaces
                0x0d041c00                netexit
                0x0d041c28                evtmap_setup
 .text          0x0d041c50      0x550 ../C3_Simple_socket_server_bsp/\libucosii_bsp.a(ipraw.o)
                0x0d041c50                ip_raw_open
                0x0d041d40                ip_raw_close
                0x0d041e00                ip_raw_input
                0x0d042038                ip_raw_alloc
                0x0d042104                ip_raw_free
                0x0d042144                ip_raw_maxalloc
 .text          0x0d0421a0      0x6f0 ../C3_Simple_socket_server_bsp/\libucosii_bsp.a(iproute.o)
                0x0d0421a0                rt_lookup
                0x0d042324                add_route
                0x0d04274c                del_route
 .text          0x0d042890      0xe3c ../C3_Simple_socket_server_bsp/\libucosii_bsp.a(udp.o)
                0x0d042890                udpdemux
                0x0d0430e8                udp_send
                0x0d0433a0                udpswap
                0x0d0434d0                udp_socket
                0x0d0435a0                udp_alloc
                0x0d043660                udp_maxalloc
                0x0d04368c                udp_free
 .text          0x0d0436cc      0x2f0 ../C3_Simple_socket_server_bsp/\libucosii_bsp.a(igmp.o)
                0x0d0436cc                igmpv1_input
 .text          0x0d0439bc      0x7c0 ../C3_Simple_socket_server_bsp/\libucosii_bsp.a(igmp2.o)
                0x0d0439bc                igmpv2_input
                0x0d043b1c                igmpv2_process_report
                0x0d043c68                igmpv2_process_query
                0x0d043eb4                igmpv2_chk_set_timer
                0x0d04400c                igmpv2_chk4_rtr_alert_opt
 .text          0x0d04417c      0x8fc ../C3_Simple_socket_server_bsp/\libucosii_bsp.a(ipopt.o)
                0x0d04417c                IPADDR_TO_NETP
                0x0d0442c4                ip_setmoptions
                0x0d0448b4                ip_getmoptions
                0x0d0449f4                ip_freemoptions
 .text          0x0d044a78      0x6ac ../C3_Simple_socket_server_bsp/\libucosii_bsp.a(u_mctest.o)
                0x0d044a78                u_mctest_init
                0x0d044aa8                u_mctest_run
 .text          0x0d045124      0x388 ../C3_Simple_socket_server_bsp/\libucosii_bsp.a(dhcsetup.o)
                0x0d045124                dhc_setup
                0x0d0453a8                dhc_main_ipset
 .text          0x0d0454ac      0x40c ../C3_Simple_socket_server_bsp/\libucosii_bsp.a(memdev.o)
                0x0d0454ac                init_memdev
                0x0d045524                md_fopen
                0x0d04554c                md_fclose
                0x0d04556c                md_fread
                0x0d0456ec                md_fwrite
                0x0d04576c                md_fseek
                0x0d045798                md_ftell
                0x0d0457bc                md_fgetc
                0x0d045894                md_unlink
 .text          0x0d0458b8      0x810 ../C3_Simple_socket_server_bsp/\libucosii_bsp.a(parseip.o)
                0x0d0458b8                parse_ipad
                0x0d045bd4                inet_addr
                0x0d045c3c                hextoa
                0x0d045cac                inet_pton
                0x0d045d58                inet_ntop
                0x0d045de4                print46_addr
                0x0d045e44                inet46_addr
                0x0d045f08                inet_setport
                0x0d045f7c                convert_ip
 .text          0x0d0460c8      0x1cc ../C3_Simple_socket_server_bsp/\libucosii_bsp.a(tcpcksum.o)
                0x0d0460c8                tcp_cksum
 .text          0x0d046294      0x900 ../C3_Simple_socket_server_bsp/\libucosii_bsp.a(in_pcb.o)
                0x0d046294                in_pcballoc
                0x0d046328                in_pcbdetach
                0x0d04637c                in_pcbbind
                0x0d0465d0                in_pcbconnect
                0x0d0467e0                in_pcbdisconnect
                0x0d046840                in_setsockaddr
                0x0d0468bc                in_setpeeraddr
                0x0d046938                in_pcblookup
 .text          0x0d046b94     0x1a74 ../C3_Simple_socket_server_bsp/\libucosii_bsp.a(vfsfiles.o)
                0x0d046b94                set_vfopen_error
                0x0d046bbc                get_vfopen_error
                0x0d046bdc                vf_alloc_and_link_vop
                0x0d046c58                vf_alloc_buffer
                0x0d046d30                vf_free_buffer
                0x0d046d80                vfopen_locked
                0x0d0470e8                vfopen
                0x0d047138                vfclose_locked
                0x0d0472e0                vfclose
                0x0d047320                vfflush
                0x0d047368                vfgets
                0x0d04744c                vfeof
                0x0d0474a4                vunlink_flag_open_files
                0x0d047500                vunlink
                0x0d047720                vfread
                0x0d0478cc                vfwrite_locked
                0x0d047cb4                vfwrite
                0x0d047d14                vfseek
                0x0d047e90                vftell
                0x0d047fc4                vgetc_locked
                0x0d0480e4                vgetc
                0x0d04812c                vfslookup_locked
                0x0d048264                vfslookup
                0x0d0482ac                strippath
                0x0d048494                isvfile_locked
                0x0d0484f8                isvfile
                0x0d048540                vferror
                0x0d0485ac                vclearerr
 .text          0x0d048608       0x24 ../C3_Simple_socket_server_bsp/\libucosii_bsp.a(vfsport.o)
                0x0d048608                prep_vfs
 .text          0x0d04862c      0x12c ../C3_Simple_socket_server_bsp/\libucosii_bsp.a(alt_busy_sleep.o)
                0x0d04862c                alt_busy_sleep
 .text          0x0d048758        0x0 ../C3_Simple_socket_server_bsp/\libucosii_bsp.a(alt_exception_entry.o)
 .text          0x0d048758      0x1b4 ../C3_Simple_socket_server_bsp/\libucosii_bsp.a(alt_fcntl.o)
                0x0d048758                alt_fcntl
 .text          0x0d04890c      0x120 ../C3_Simple_socket_server_bsp/\libucosii_bsp.a(alt_find_file.o)
                0x0d04890c                alt_find_file
 .text          0x0d048a2c       0xf4 ../C3_Simple_socket_server_bsp/\libucosii_bsp.a(alt_get_fd.o)
                0x0d048a2c                alt_get_fd
 .text          0x0d048b20     0x130c ../C3_Simple_socket_server_bsp/\libucosii_bsp.a(icmp.o)
                0x0d048b20                icmprcv
                0x0d049754                icmp_destun
                0x0d049aa4                icmp_timex
                0x0d049dd8                icmp_du
 .text          0x0d049e2c       0x14 c:/altera/11.0/nios2eds/bin/gnu/h-i686-mingw32/bin/../lib/gcc/nios2-elf/4.1.2/../../../../nios2-elf/lib\libc.a(lib_a-atexit.o)
                0x0d049e2c                atexit
 .text          0x0d049e40       0x18 c:/altera/11.0/nios2eds/bin/gnu/h-i686-mingw32/bin/../lib/gcc/nios2-elf/4.1.2/../../../../nios2-elf/lib\libc.a(lib_a-atoi.o)
                0x0d049e40                _atoi_r
                0x0d049e4c                atoi
 .text          0x0d049e58       0x1c c:/altera/11.0/nios2eds/bin/gnu/h-i686-mingw32/bin/../lib/gcc/nios2-elf/4.1.2/../../../../nios2-elf/lib\libc.a(lib_a-calloc.o)
                0x0d049e58                calloc
 .text          0x0d049e74       0x38 c:/altera/11.0/nios2eds/bin/gnu/h-i686-mingw32/bin/../lib/gcc/nios2-elf/4.1.2/../../../../nios2-elf/lib\libc.a(lib_a-exit.o)
                0x0d049e74                exit
 .text          0x0d049eac       0x28 c:/altera/11.0/nios2eds/bin/gnu/h-i686-mingw32/bin/../lib/gcc/nios2-elf/4.1.2/../../../../nios2-elf/lib\libc.a(lib_a-malloc.o)
                0x0d049eac                free
                0x0d049ec0                malloc
 .text          0x0d049ed4       0x74 c:/altera/11.0/nios2eds/bin/gnu/h-i686-mingw32/bin/../lib/gcc/nios2-elf/4.1.2/../../../../nios2-elf/lib\libc.a(lib_a-memcmp.o)
                0x0d049ed4                memcmp
 .text          0x0d049f48       0x8c c:/altera/11.0/nios2eds/bin/gnu/h-i686-mingw32/bin/../lib/gcc/nios2-elf/4.1.2/../../../../nios2-elf/lib\libc.a(lib_a-strcpy.o)
                0x0d049f48                strcpy
 .text          0x0d049fd4       0xf0 c:/altera/11.0/nios2eds/bin/gnu/h-i686-mingw32/bin/../lib/gcc/nios2-elf/4.1.2/../../../../nios2-elf/lib\libc.a(lib_a-strncmp.o)
                0x0d049fd4                strncmp
 .text          0x0d04a0c4       0xbc c:/altera/11.0/nios2eds/bin/gnu/h-i686-mingw32/bin/../lib/gcc/nios2-elf/4.1.2/../../../../nios2-elf/lib\libc.a(lib_a-strncpy.o)
                0x0d04a0c4                strncpy
 .text          0x0d04a180      0x268 c:/altera/11.0/nios2eds/bin/gnu/h-i686-mingw32/bin/../lib/gcc/nios2-elf/4.1.2/../../../../nios2-elf/lib\libc.a(lib_a-strtol.o)
                0x0d04a180                _strtol_r
                0x0d04a3c4                strtol
 .text          0x0d04a3e8       0x34 c:/altera/11.0/nios2eds/bin/gnu/h-i686-mingw32/bin/../lib/gcc/nios2-elf/4.1.2/../../../../nios2-elf/lib\libc.a(lib_a-vprintf.o)
                0x0d04a3e8                _vprintf_r
                0x0d04a3fc                vprintf
 .text          0x0d04a41c       0x74 c:/altera/11.0/nios2eds/bin/gnu/h-i686-mingw32/bin/../lib/gcc/nios2-elf/4.1.2/../../../../nios2-elf/lib\libc.a(lib_a-vsprintf.o)
                0x0d04a41c                _vsprintf_r
                0x0d04a46c                vsprintf
 .text          0x0d04a490      0x134 c:/altera/11.0/nios2eds/bin/gnu/h-i686-mingw32/bin/../lib/gcc/nios2-elf/4.1.2/../../../../nios2-elf/lib\libc.a(lib_a-__atexit.o)
                0x0d04a490                __register_exitproc
 .text          0x0d04a5c4      0x1b4 c:/altera/11.0/nios2eds/bin/gnu/h-i686-mingw32/bin/../lib/gcc/nios2-elf/4.1.2/../../../../nios2-elf/lib\libc.a(lib_a-__call_atexit.o)
                0x0d04a5c8                __call_exitprocs
 .text          0x0d04a778       0x6c ../C3_Simple_socket_server_bsp/\libucosii_bsp.a(alt_exit.o)
                0x0d04a7b8                _exit
 *(.gnu.warning.*)
 *(.fini)
                0x0d04a7e4                PROVIDE (__etext, ABSOLUTE (.))
                0x0d04a7e4                PROVIDE (_etext, ABSOLUTE (.))
                0x0d04a7e4                PROVIDE (etext, ABSOLUTE (.))
 *(.eh_frame_hdr)
                0x0d04a7e4                . = ALIGN (0x4)
                0x0d04a7e4                PROVIDE (__preinit_array_start, ABSOLUTE (.))
 *(.preinit_array)
                0x0d04a7e4                PROVIDE (__preinit_array_end, ABSOLUTE (.))
                0x0d04a7e4                PROVIDE (__init_array_start, ABSOLUTE (.))
 *(.init_array)
                0x0d04a7e4                PROVIDE (__init_array_end, ABSOLUTE (.))
                0x0d04a7e4                PROVIDE (__fini_array_start, ABSOLUTE (.))
 *(.fini_array)
                0x0d04a7e4                PROVIDE (__fini_array_end, ABSOLUTE (.))
 *(.eh_frame)
 .eh_frame      0x0d04a7e4       0x40 c:/altera/11.0/nios2eds/bin/gnu/h-i686-mingw32/bin/../lib/gcc/nios2-elf/4.1.2\libgcc.a(_udivdi3.o)
 .eh_frame      0x0d04a824       0x2c c:/altera/11.0/nios2eds/bin/gnu/h-i686-mingw32/bin/../lib/gcc/nios2-elf/4.1.2\libgcc.a(_umoddi3.o)
                                 0x40 (size before relaxing)
 *(.gcc_except_table)
 *(.dynamic)
                0x0d04a850                PROVIDE (__CTOR_LIST__, ABSOLUTE (.))
 *(.ctors)
 *(SORT(.ctors.*))
 .ctors.65535   0x0d04a850        0x4 c:/altera/11.0/nios2eds/bin/gnu/h-i686-mingw32/bin/../lib/gcc/nios2-elf/4.1.2/../../../../nios2-elf/lib\libc.a(lib_a-__call_atexit.o)
                0x0d04a854                PROVIDE (__CTOR_END__, ABSOLUTE (.))
                0x0d04a854                PROVIDE (__DTOR_LIST__, ABSOLUTE (.))
 *(.dtors)
 *(SORT(.dtors.*))
                0x0d04a854                PROVIDE (__DTOR_END__, ABSOLUTE (.))
 *(.jcr)
                0x0d04a854                . = ALIGN (0x4)

.rodata         0x0d04a854     0x6054
                0x0d04a854                PROVIDE (__ram_rodata_start, ABSOLUTE (.))
                0x0d04a854                . = ALIGN (0x4)
 *(.rodata .rodata.* .gnu.linkonce.r.*)
 .rodata        0x0d04a854      0xba4 obj/alt_error_handler.o
 .rodata        0x0d04b3f8       0x3c obj/iniche_init.o
 .rodata        0x0d04b434       0x24 obj/led.o
 .rodata        0x0d04b458      0x230 obj/network_utilities.o
 .rodata        0x0d04b688      0x2d4 obj/simple_socket_server.o
 .rodata        0x0d04b95c       0x20 obj/tse_my_system.o
 .rodata        0x0d04b97c      0x281 c:/altera/11.0/nios2eds/bin/gnu/h-i686-mingw32/bin/../lib/gcc/nios2-elf/4.1.2/../../../../nios2-elf/lib\libc.a(lib_a-ctype_.o)
                0x0d04b97c                _ctype_
 *fill*         0x0d04bbfd        0x3 00
 .rodata.str1.4
                0x0d04bc00        0x2 c:/altera/11.0/nios2eds/bin/gnu/h-i686-mingw32/bin/../lib/gcc/nios2-elf/4.1.2/../../../../nios2-elf/lib\libc.a(lib_a-impure.o)
                                  0x4 (size before relaxing)
 *fill*         0x0d04bc02        0x2 00
 .rodata.str1.4
                0x0d04bc04        0x3 c:/altera/11.0/nios2eds/bin/gnu/h-i686-mingw32/bin/../lib/gcc/nios2-elf/4.1.2/../../../../nios2-elf/lib\libc.a(lib_a-perror.o)
                                  0x4 (size before relaxing)
 *fill*         0x0d04bc07        0x1 00
 .rodata.str1.4
                0x0d04bc08        0x2 c:/altera/11.0/nios2eds/bin/gnu/h-i686-mingw32/bin/../lib/gcc/nios2-elf/4.1.2/../../../../nios2-elf/lib\libc.a(lib_a-puts.o)
                                  0x4 (size before relaxing)
 *fill*         0x0d04bc0a        0x2 00
 .rodata.str1.4
                0x0d04bc0c      0x7a2 c:/altera/11.0/nios2eds/bin/gnu/h-i686-mingw32/bin/../lib/gcc/nios2-elf/4.1.2/../../../../nios2-elf/lib\libc.a(lib_a-strerror.o)
                                0x7a8 (size before relaxing)
 *fill*         0x0d04c3ae        0x2 00
 .rodata.str1.4
                0x0d04c3b0       0x5e c:/altera/11.0/nios2eds/bin/gnu/h-i686-mingw32/bin/../lib/gcc/nios2-elf/4.1.2/../../../../nios2-elf/lib\libc.a(lib_a-vfprintf.o)
                                 0x60 (size before relaxing)
 .rodata        0x0d04c40e       0x20 c:/altera/11.0/nios2eds/bin/gnu/h-i686-mingw32/bin/../lib/gcc/nios2-elf/4.1.2/../../../../nios2-elf/lib\libc.a(lib_a-vfprintf.o)
 *fill*         0x0d04c42e        0x2 00
 .rodata.str1.4
                0x0d04c430       0x10 c:/altera/11.0/nios2eds/bin/gnu/h-i686-mingw32/bin/../lib/gcc/nios2-elf/4.1.2/../../../../nios2-elf/lib\libc.a(lib_a-dtoa.o)
                                 0x14 (size before relaxing)
 .rodata.str1.4
                0x0d04c440       0x10 c:/altera/11.0/nios2eds/bin/gnu/h-i686-mingw32/bin/../lib/gcc/nios2-elf/4.1.2/../../../../nios2-elf/lib\libc.a(lib_a-locale.o)
                                 0x18 (size before relaxing)
 .rodata        0x0d04c450       0x30 c:/altera/11.0/nios2eds/bin/gnu/h-i686-mingw32/bin/../lib/gcc/nios2-elf/4.1.2/../../../../nios2-elf/lib\libc.a(lib_a-locale.o)
 .rodata        0x0d04c480      0x124 c:/altera/11.0/nios2eds/bin/gnu/h-i686-mingw32/bin/../lib/gcc/nios2-elf/4.1.2/../../../../nios2-elf/lib\libc.a(lib_a-mprec.o)
                0x0d04c480                __mprec_tens
                0x0d04c548                __mprec_bigtens
                0x0d04c570                __mprec_tinytens
 .rodata        0x0d04c5a4       0x14 c:/altera/11.0/nios2eds/bin/gnu/h-i686-mingw32/bin/../lib/gcc/nios2-elf/4.1.2\libgcc.a(_thenan_df.o)
                0x0d04c5a4                __thenan_df
 .rodata        0x0d04c5b8      0x100 c:/altera/11.0/nios2eds/bin/gnu/h-i686-mingw32/bin/../lib/gcc/nios2-elf/4.1.2\libgcc.a(_clz.o)
                0x0d04c5b8                __clz_tab
 .rodata        0x0d04c6b8       0x10 ../C3_Simple_socket_server_bsp/\libucosii_bsp.a(alt_main.o)
 .rodata        0x0d04c6c8      0x120 ../C3_Simple_socket_server_bsp/\libucosii_bsp.a(os_core.o)
                0x0d04c6c8                OSUnMapTbl
 .rodata        0x0d04c7e8       0x64 ../C3_Simple_socket_server_bsp/\libucosii_bsp.a(alt_sys_init.o)
 .rodata        0x0d04c84c     0x1cc0 ../C3_Simple_socket_server_bsp/\libucosii_bsp.a(altera_avalon_tse.o)
 .rodata        0x0d04e50c      0x374 ../C3_Simple_socket_server_bsp/\libucosii_bsp.a(ins_tse_mac.o)
 .rodata        0x0d04e880       0xd8 ../C3_Simple_socket_server_bsp/\libucosii_bsp.a(ipnet.o)
 .rodata        0x0d04e958       0xec ../C3_Simple_socket_server_bsp/\libucosii_bsp.a(ipstart.o)
 .rodata        0x0d04ea44      0x54c ../C3_Simple_socket_server_bsp/\libucosii_bsp.a(igmp_cmn.o)
 .rodata        0x0d04ef90       0xb8 ../C3_Simple_socket_server_bsp/\libucosii_bsp.a(in_utils.o)
 .rodata        0x0d04f048       0x34 ../C3_Simple_socket_server_bsp/\libucosii_bsp.a(netmain.o)
 .rodata        0x0d04f07c      0x1a8 ../C3_Simple_socket_server_bsp/\libucosii_bsp.a(tk_crnos.o)
 .rodata        0x0d04f224        0x8 ../C3_Simple_socket_server_bsp/\libucosii_bsp.a(dhcpclnt.o)
 .rodata        0x0d04f22c      0x118 ../C3_Simple_socket_server_bsp/\libucosii_bsp.a(pktalloc.o)
 .rodata        0x0d04f344       0x84 ../C3_Simple_socket_server_bsp/\libucosii_bsp.a(udp_open.o)
 .rodata        0x0d04f3c8       0x2c ../C3_Simple_socket_server_bsp/\libucosii_bsp.a(brdutils.o)
 .rodata        0x0d04f3f4      0x26c ../C3_Simple_socket_server_bsp/\libucosii_bsp.a(osportco.o)
 .rodata        0x0d04f660       0xa0 ../C3_Simple_socket_server_bsp/\libucosii_bsp.a(targnios.o)
 .rodata        0x0d04f700       0x90 ../C3_Simple_socket_server_bsp/\libucosii_bsp.a(nptcp.o)
 .rodata        0x0d04f790        0x8 ../C3_Simple_socket_server_bsp/\libucosii_bsp.a(sockcall.o)
 .rodata        0x0d04f798       0x50 ../C3_Simple_socket_server_bsp/\libucosii_bsp.a(socket.o)
 .rodata        0x0d04f7e8       0x40 ../C3_Simple_socket_server_bsp/\libucosii_bsp.a(socket2.o)
 .rodata        0x0d04f828       0x20 ../C3_Simple_socket_server_bsp/\libucosii_bsp.a(tcp_in.o)
 .rodata        0x0d04f848       0x40 ../C3_Simple_socket_server_bsp/\libucosii_bsp.a(tcp_out.o)
 .rodata        0x0d04f888       0x24 ../C3_Simple_socket_server_bsp/\libucosii_bsp.a(tcp_subr.o)
 .rodata        0x0d04f8ac       0x2c ../C3_Simple_socket_server_bsp/\libucosii_bsp.a(tcp_usr.o)
 .rodata        0x0d04f8d8        0xc ../C3_Simple_socket_server_bsp/\libucosii_bsp.a(alt_dev.o)
 .rodata        0x0d04f8e4        0x4 ../C3_Simple_socket_server_bsp/\libucosii_bsp.a(os_cpu_c.o)
 .rodata        0x0d04f8e8      0x1d4 ../C3_Simple_socket_server_bsp/\libucosii_bsp.a(allports.o)
 .rodata        0x0d04fabc       0x34 ../C3_Simple_socket_server_bsp/\libucosii_bsp.a(tk_misc.o)
 .rodata        0x0d04faf0       0x44 ../C3_Simple_socket_server_bsp/\libucosii_bsp.a(et_arp.o)
 .rodata        0x0d04fb34      0x1dc ../C3_Simple_socket_server_bsp/\libucosii_bsp.a(ip.o)
 .rodata        0x0d04fd10      0x158 ../C3_Simple_socket_server_bsp/\libucosii_bsp.a(ip_reasm.o)
 .rodata        0x0d04fe68      0x120 ../C3_Simple_socket_server_bsp/\libucosii_bsp.a(ipdemux.o)
 .rodata        0x0d04ff88       0x34 ../C3_Simple_socket_server_bsp/\libucosii_bsp.a(ipport.o)
 .rodata        0x0d04ffbc       0x24 ../C3_Simple_socket_server_bsp/\libucosii_bsp.a(ipraw.o)
 .rodata        0x0d04ffe0       0x38 ../C3_Simple_socket_server_bsp/\libucosii_bsp.a(iproute.o)
 .rodata        0x0d050018       0xe8 ../C3_Simple_socket_server_bsp/\libucosii_bsp.a(udp.o)
 .rodata        0x0d050100      0x2d0 ../C3_Simple_socket_server_bsp/\libucosii_bsp.a(u_mctest.o)
 .rodata        0x0d0503d0       0xf8 ../C3_Simple_socket_server_bsp/\libucosii_bsp.a(dhcsetup.o)
 .rodata        0x0d0504c8       0x94 ../C3_Simple_socket_server_bsp/\libucosii_bsp.a(parseip.o)
 .rodata        0x0d05055c       0x34 ../C3_Simple_socket_server_bsp/\libucosii_bsp.a(vfsfiles.o)
 .rodata        0x0d050590      0x318 ../C3_Simple_socket_server_bsp/\libucosii_bsp.a(icmp.o)
 *(.rodata1)
                0x0d0508a8                . = ALIGN (0x4)
                0x0d0508a8                PROVIDE (__ram_rodata_end, ABSOLUTE (.))
                0x0d04a854                PROVIDE (__flash_rodata_start, LOADADDR (.rodata))

.rwdata         0x0d0508a8     0x2134
                0x0d0508a8                PROVIDE (__ram_rwdata_start, ABSOLUTE (.))
                0x0d0508a8                . = ALIGN (0x4)
 *(.got.plt)
 *(.got)
 *(.data1)
 *(.data .data.* .gnu.linkonce.d.*)
 .data          0x0d0508a8        0x0 ../C3_Simple_socket_server_bsp//obj/HAL/src/crt0.o
 .data          0x0d0508a8        0x0 obj/alt_error_handler.o
 .data          0x0d0508a8       0x18 obj/iniche_init.o
                0x0d0508a8                ssstask
 .data          0x0d0508c0        0x0 obj/led.o
 .data          0x0d0508c0        0x0 obj/network_utilities.o
 .data          0x0d0508c0        0x0 obj/simple_socket_server.o
 .data          0x0d0508c0      0x120 obj/tse_my_system.o
                0x0d0508c0                tse_mac_device
 .data          0x0d0509e0        0x0 c:/altera/11.0/nios2eds/bin/gnu/h-i686-mingw32/bin/../lib/gcc/nios2-elf/4.1.2/../../../../nios2-elf/lib\libc.a(lib_a-ctype_.o)
 .data          0x0d0509e0        0x0 c:/altera/11.0/nios2eds/bin/gnu/h-i686-mingw32/bin/../lib/gcc/nios2-elf/4.1.2/../../../../nios2-elf/lib\libc.a(lib_a-fprintf.o)
 .data          0x0d0509e0        0x0 c:/altera/11.0/nios2eds/bin/gnu/h-i686-mingw32/bin/../lib/gcc/nios2-elf/4.1.2/../../../../nios2-elf/lib\libc.a(lib_a-fwrite.o)
 .data          0x0d0509e0        0x0 c:/altera/11.0/nios2eds/bin/gnu/h-i686-mingw32/bin/../lib/gcc/nios2-elf/4.1.2/../../../../nios2-elf/lib\libc.a(lib_a-getc.o)
 .data          0x0d0509e0      0x400 c:/altera/11.0/nios2eds/bin/gnu/h-i686-mingw32/bin/../lib/gcc/nios2-elf/4.1.2/../../../../nios2-elf/lib\libc.a(lib_a-impure.o)
 .data          0x0d050de0        0x0 c:/altera/11.0/nios2eds/bin/gnu/h-i686-mingw32/bin/../lib/gcc/nios2-elf/4.1.2/../../../../nios2-elf/lib\libc.a(lib_a-memcpy.o)
 .data          0x0d050de0        0x0 c:/altera/11.0/nios2eds/bin/gnu/h-i686-mingw32/bin/../lib/gcc/nios2-elf/4.1.2/../../../../nios2-elf/lib\libc.a(lib_a-memmove.o)
 .data          0x0d050de0        0x0 c:/altera/11.0/nios2eds/bin/gnu/h-i686-mingw32/bin/../lib/gcc/nios2-elf/4.1.2/../../../../nios2-elf/lib\libc.a(lib_a-memset.o)
 .data          0x0d050de0        0x0 c:/altera/11.0/nios2eds/bin/gnu/h-i686-mingw32/bin/../lib/gcc/nios2-elf/4.1.2/../../../../nios2-elf/lib\libc.a(lib_a-perror.o)
 .data          0x0d050de0        0x0 c:/altera/11.0/nios2eds/bin/gnu/h-i686-mingw32/bin/../lib/gcc/nios2-elf/4.1.2/../../../../nios2-elf/lib\libc.a(lib_a-printf.o)
 .data          0x0d050de0        0x0 c:/altera/11.0/nios2eds/bin/gnu/h-i686-mingw32/bin/../lib/gcc/nios2-elf/4.1.2/../../../../nios2-elf/lib\libc.a(lib_a-putc.o)
 .data          0x0d050de0        0x0 c:/altera/11.0/nios2eds/bin/gnu/h-i686-mingw32/bin/../lib/gcc/nios2-elf/4.1.2/../../../../nios2-elf/lib\libc.a(lib_a-putchar.o)
 .data          0x0d050de0        0x0 c:/altera/11.0/nios2eds/bin/gnu/h-i686-mingw32/bin/../lib/gcc/nios2-elf/4.1.2/../../../../nios2-elf/lib\libc.a(lib_a-puts.o)
 .data          0x0d050de0        0x0 c:/altera/11.0/nios2eds/bin/gnu/h-i686-mingw32/bin/../lib/gcc/nios2-elf/4.1.2/../../../../nios2-elf/lib\libc.a(lib_a-rget.o)
 .data          0x0d050de0        0x0 c:/altera/11.0/nios2eds/bin/gnu/h-i686-mingw32/bin/../lib/gcc/nios2-elf/4.1.2/../../../../nios2-elf/lib\libc.a(lib_a-sprintf.o)
 .data          0x0d050de0        0x0 c:/altera/11.0/nios2eds/bin/gnu/h-i686-mingw32/bin/../lib/gcc/nios2-elf/4.1.2/../../../../nios2-elf/lib\libc.a(lib_a-strchr.o)
 .data          0x0d050de0        0x0 c:/altera/11.0/nios2eds/bin/gnu/h-i686-mingw32/bin/../lib/gcc/nios2-elf/4.1.2/../../../../nios2-elf/lib\libc.a(lib_a-strerror.o)
 .data          0x0d050de0        0x0 c:/altera/11.0/nios2eds/bin/gnu/h-i686-mingw32/bin/../lib/gcc/nios2-elf/4.1.2/../../../../nios2-elf/lib\libc.a(lib_a-strlen.o)
 .data          0x0d050de0        0x0 c:/altera/11.0/nios2eds/bin/gnu/h-i686-mingw32/bin/../lib/gcc/nios2-elf/4.1.2/../../../../nios2-elf/lib\libc.a(lib_a-u_strerr.o)
 .data          0x0d050de0        0x0 c:/altera/11.0/nios2eds/bin/gnu/h-i686-mingw32/bin/../lib/gcc/nios2-elf/4.1.2/../../../../nios2-elf/lib\libc.a(lib_a-vfprintf.o)
 .data          0x0d050de0        0x0 c:/altera/11.0/nios2eds/bin/gnu/h-i686-mingw32/bin/../lib/gcc/nios2-elf/4.1.2/../../../../nios2-elf/lib\libc.a(lib_a-wbuf.o)
 .data          0x0d050de0        0x0 c:/altera/11.0/nios2eds/bin/gnu/h-i686-mingw32/bin/../lib/gcc/nios2-elf/4.1.2/../../../../nios2-elf/lib\libc.a(lib_a-wsetup.o)
 .data          0x0d050de0        0x0 c:/altera/11.0/nios2eds/bin/gnu/h-i686-mingw32/bin/../lib/gcc/nios2-elf/4.1.2/../../../../nios2-elf/lib\libc.a(lib_a-dtoa.o)
 .data          0x0d050de0        0x0 c:/altera/11.0/nios2eds/bin/gnu/h-i686-mingw32/bin/../lib/gcc/nios2-elf/4.1.2/../../../../nios2-elf/lib\libc.a(lib_a-fflush.o)
 .data          0x0d050de0        0x0 c:/altera/11.0/nios2eds/bin/gnu/h-i686-mingw32/bin/../lib/gcc/nios2-elf/4.1.2/../../../../nios2-elf/lib\libc.a(lib_a-findfp.o)
 .data          0x0d050de0        0x0 c:/altera/11.0/nios2eds/bin/gnu/h-i686-mingw32/bin/../lib/gcc/nios2-elf/4.1.2/../../../../nios2-elf/lib\libc.a(lib_a-fputc.o)
 .data          0x0d050de0        0x0 c:/altera/11.0/nios2eds/bin/gnu/h-i686-mingw32/bin/../lib/gcc/nios2-elf/4.1.2/../../../../nios2-elf/lib\libc.a(lib_a-fputs.o)
 .data          0x0d050de0        0x0 c:/altera/11.0/nios2eds/bin/gnu/h-i686-mingw32/bin/../lib/gcc/nios2-elf/4.1.2/../../../../nios2-elf/lib\libc.a(lib_a-freer.o)
 .data          0x0d050de0        0x0 c:/altera/11.0/nios2eds/bin/gnu/h-i686-mingw32/bin/../lib/gcc/nios2-elf/4.1.2/../../../../nios2-elf/lib\libc.a(lib_a-fvwrite.o)
 .data          0x0d050de0        0x0 c:/altera/11.0/nios2eds/bin/gnu/h-i686-mingw32/bin/../lib/gcc/nios2-elf/4.1.2/../../../../nios2-elf/lib\libc.a(lib_a-fwalk.o)
 .data          0x0d050de0        0xc c:/altera/11.0/nios2eds/bin/gnu/h-i686-mingw32/bin/../lib/gcc/nios2-elf/4.1.2/../../../../nios2-elf/lib\libc.a(lib_a-locale.o)
                0x0d050de0                __lc_ctype
 .data          0x0d050dec        0x0 c:/altera/11.0/nios2eds/bin/gnu/h-i686-mingw32/bin/../lib/gcc/nios2-elf/4.1.2/../../../../nios2-elf/lib\libc.a(lib_a-makebuf.o)